Archive member included because of file (symbol)

.\CortexM3\ARM_GCC_493\Debug\version_01.a(cyfitter_cfg.o)
                              .\CortexM3\ARM_GCC_493\Debug\Cm3Start.o (cyfitter_cfg)
.\CortexM3\ARM_GCC_493\Debug\version_01.a(CyLib.o)
                              .\CortexM3\ARM_GCC_493\Debug\Cm3Start.o (CyHalt)
.\CortexM3\ARM_GCC_493\Debug\version_01.a(cyPm.o)
                              .\CortexM3\ARM_GCC_493\Debug\version_01.a(CyLib.o) (CyPmReadStatus)
.\CortexM3\ARM_GCC_493\Debug\version_01.a(I2CS.o)
                              .\CortexM3\ARM_GCC_493\Debug\main.o (I2CS_Start)
.\CortexM3\ARM_GCC_493\Debug\version_01.a(I2CS_INT.o)
                              .\CortexM3\ARM_GCC_493\Debug\version_01.a(I2CS.o) (I2CS_ISR)
.\CortexM3\ARM_GCC_493\Debug\version_01.a(I2CS_PM.o)
                              .\CortexM3\ARM_GCC_493\Debug\version_01.a(I2CS.o) (I2CS_backup)
.\CortexM3\ARM_GCC_493\Debug\version_01.a(PWMSF.o)
                              .\CortexM3\ARM_GCC_493\Debug\main.o (PWMSF_Start)
.\CortexM3\ARM_GCC_493\Debug\version_01.a(Dir_stepF.o)
                              .\CortexM3\ARM_GCC_493\Debug\steer.o (Dir_stepF_Write)
.\CortexM3\ARM_GCC_493\Debug\version_01.a(PWMF1.o)
                              .\CortexM3\ARM_GCC_493\Debug\steer.o (PWMF1_Stop)
.\CortexM3\ARM_GCC_493\Debug\version_01.a(PWMF2.o)
                              .\CortexM3\ARM_GCC_493\Debug\steer.o (PWMF2_Stop)
.\CortexM3\ARM_GCC_493\Debug\version_01.a(CounterF.o)
                              .\CortexM3\ARM_GCC_493\Debug\steer.o (CounterF_ReadCounter)
.\CortexM3\ARM_GCC_493\Debug\version_01.a(Dir_stepB.o)
                              .\CortexM3\ARM_GCC_493\Debug\strafe.o (Dir_stepB_Write)
.\CortexM3\ARM_GCC_493\Debug\version_01.a(CounterB.o)
                              .\CortexM3\ARM_GCC_493\Debug\strafe.o (CounterB_ReadCounter)
.\CortexM3\ARM_GCC_493\Debug\version_01.a(PWMB2.o)
                              .\CortexM3\ARM_GCC_493\Debug\strafe.o (PWMB2_Stop)
.\CortexM3\ARM_GCC_493\Debug\version_01.a(PWMB1.o)
                              .\CortexM3\ARM_GCC_493\Debug\strafe.o (PWMB1_Stop)
.\CortexM3\ARM_GCC_493\Debug\version_01.a(PWMSB.o)
                              .\CortexM3\ARM_GCC_493\Debug\main.o (PWMSB_Start)
.\CortexM3\ARM_GCC_493\Debug\version_01.a(MicroF.o)
                              .\CortexM3\ARM_GCC_493\Debug\init_step.o (MicroF_Read)
.\CortexM3\ARM_GCC_493\Debug\version_01.a(MicroB.o)
                              .\CortexM3\ARM_GCC_493\Debug\init_step.o (MicroB_Read)
.\CortexM3\ARM_GCC_493\Debug\version_01.a(PS2_Data.o)
                              .\CortexM3\ARM_GCC_493\Debug\functions.o (PS2_Data_Write)
.\CortexM3\ARM_GCC_493\Debug\version_01.a(PS2_Clock.o)
                              .\CortexM3\ARM_GCC_493\Debug\functions.o (PS2_Clock_Write)
.\CortexM3\ARM_GCC_493\Debug\version_01.a(isr_PS2_clock.o)
                              .\CortexM3\ARM_GCC_493\Debug\main.o (isr_PS2_clock_StartEx)
.\CortexM3\ARM_GCC_493\Debug\version_01.a(CyBootAsmGnu.o)
                              .\CortexM3\ARM_GCC_493\Debug\version_01.a(cyfitter_cfg.o) (CyDelayCycles)
.\CortexM3\ARM_GCC_493\Debug\version_01.a(CyFlash.o)
                              .\CortexM3\ARM_GCC_493\Debug\version_01.a(cyPm.o) (CyFlash_SetWaitCycles)
.\CortexM3\ARM_GCC_493\Debug\version_01.a(CySpc.o)
                              .\CortexM3\ARM_GCC_493\Debug\version_01.a(CyFlash.o) (CySpcStart)
c:/program files (x86)/cypress/psoc creator/4.0/psoc creator/import/gnu/arm/4.9.3/bin/../lib/gcc/arm-none-eabi/4.9.3/../../../../arm-none-eabi/lib/armv7-m\libm.a(lib_a-w_asin.o)
                              .\CortexM3\ARM_GCC_493\Debug\functions.o (asin)
c:/program files (x86)/cypress/psoc creator/4.0/psoc creator/import/gnu/arm/4.9.3/bin/../lib/gcc/arm-none-eabi/4.9.3/../../../../arm-none-eabi/lib/armv7-m\libm.a(lib_a-w_sqrt.o)
                              .\CortexM3\ARM_GCC_493\Debug\functions.o (sqrt)
c:/program files (x86)/cypress/psoc creator/4.0/psoc creator/import/gnu/arm/4.9.3/bin/../lib/gcc/arm-none-eabi/4.9.3/../../../../arm-none-eabi/lib/armv7-m\libm.a(lib_a-e_asin.o)
                              c:/program files (x86)/cypress/psoc creator/4.0/psoc creator/import/gnu/arm/4.9.3/bin/../lib/gcc/arm-none-eabi/4.9.3/../../../../arm-none-eabi/lib/armv7-m\libm.a(lib_a-w_asin.o) (__ieee754_asin)
c:/program files (x86)/cypress/psoc creator/4.0/psoc creator/import/gnu/arm/4.9.3/bin/../lib/gcc/arm-none-eabi/4.9.3/../../../../arm-none-eabi/lib/armv7-m\libm.a(lib_a-e_sqrt.o)
                              c:/program files (x86)/cypress/psoc creator/4.0/psoc creator/import/gnu/arm/4.9.3/bin/../lib/gcc/arm-none-eabi/4.9.3/../../../../arm-none-eabi/lib/armv7-m\libm.a(lib_a-w_sqrt.o) (__ieee754_sqrt)
c:/program files (x86)/cypress/psoc creator/4.0/psoc creator/import/gnu/arm/4.9.3/bin/../lib/gcc/arm-none-eabi/4.9.3/../../../../arm-none-eabi/lib/armv7-m\libm.a(lib_a-s_fabs.o)
[...]
Memory Configuration

Name             Origin             Length             Attributes
rom              0x00000000         0x00040000         xr
ram              0x1fff8000         0x00010000         xrw
*default*        0x00000000         0xffffffff

Linker script and memory map

LOAD c:/program files (x86)/cypress/psoc creator/4.0/psoc creator/import/gnu/arm/4.9.3/bin/../lib/gcc/arm-none-eabi/4.9.3/armv7-m/crti.o
LOAD c:/program files (x86)/cypress/psoc creator/4.0/psoc creator/import/gnu/arm/4.9.3/bin/../lib/gcc/arm-none-eabi/4.9.3/armv7-m/crtbegin.o
LOAD c:/program files (x86)/cypress/psoc creator/4.0/psoc creator/import/gnu/arm/4.9.3/bin/../lib/gcc/arm-none-eabi/4.9.3/../../../../arm-none-eabi/lib/armv7-m/crt0.o
START GROUP
LOAD .\CortexM3\ARM_GCC_493\Debug\main.o
LOAD .\CortexM3\ARM_GCC_493\Debug\steer.o
LOAD .\CortexM3\ARM_GCC_493\Debug\strafe.o
LOAD .\CortexM3\ARM_GCC_493\Debug\init_step.o
LOAD .\CortexM3\ARM_GCC_493\Debug\functions.o
LOAD .\CortexM3\ARM_GCC_493\Debug\PS2_interrupt.o
LOAD .\CortexM3\ARM_GCC_493\Debug\stabil.o
LOAD .\CortexM3\ARM_GCC_493\Debug\cymetadata.o
LOAD .\CortexM3\ARM_GCC_493\Debug\Cm3Start.o
LOAD .\CortexM3\ARM_GCC_493\Debug\version_01.a
LOAD C:\Program Files (x86)\Cypress\PSoC Creator\4.0\PSoC Creator\psoc\content\cycomponentlibrary\CyComponentLibrary.cylib\CortexM3\ARM_GCC_493\Debug\CyComponentLibrary.a
LOAD c:/program files (x86)/cypress/psoc creator/4.0/psoc creator/import/gnu/arm/4.9.3/bin/../lib/gcc/arm-none-eabi/4.9.3/../../../../arm-none-eabi/lib/armv7-m\libm.a
END GROUP
START GROUP
LOAD c:/program files (x86)/cypress/psoc creator/4.0/psoc creator/import/gnu/arm/4.9.3/bin/../lib/gcc/arm-none-eabi/4.9.3/armv7-m\libgcc.a
LOAD c:/program files (x86)/cypress/psoc creator/4.0/psoc creator/import/gnu/arm/4.9.3/bin/../lib/gcc/arm-none-eabi/4.9.3/../../../../arm-none-eabi/lib/armv7-m\libg_nano.a
LOAD c:/program files (x86)/cypress/psoc creator/4.0/psoc creator/import/gnu/arm/4.9.3/bin/../lib/gcc/arm-none-eabi/4.9.3/../../../../arm-none-eabi/lib/armv7-m\libc_nano.a
END GROUP
START GROUP
LOAD c:/program files (x86)/cypress/psoc creator/4.0/psoc creator/import/gnu/arm/4.9.3/bin/../lib/gcc/arm-none-eabi/4.9.3/armv7-m\libgcc.a
LOAD c:/program files (x86)/cypress/psoc creator/4.0/psoc creator/import/gnu/arm/4.9.3/bin/../lib/gcc/arm-none-eabi/4.9.3/../../../../arm-none-eabi/lib/armv7-m\libc_nano.a
END GROUP
LOAD c:/program files (x86)/cypress/psoc creator/4.0/psoc creator/import/gnu/arm/4.9.3/bin/../lib/gcc/arm-none-eabi/4.9.3/armv7-m/crtend.o
LOAD c:/program files (x86)/cypress/psoc creator/4.0/psoc creator/import/gnu/arm/4.9.3/bin/../lib/gcc/arm-none-eabi/4.9.3/armv7-m/crtn.o
START GROUP
LOAD c:/program files (x86)/cypress/psoc creator/4.0/psoc creator/import/gnu/arm/4.9.3/bin/../lib/gcc/arm-none-eabi/4.9.3/armv7-m\libgcc.a
LOAD c:/program files (x86)/cypress/psoc creator/4.0/psoc creator/import/gnu/arm/4.9.3/bin/../lib/gcc/arm-none-eabi/4.9.3/../../../../arm-none-eabi/lib/armv7-m\libc.a
LOAD c:/program files (x86)/cypress/psoc creator/4.0/psoc creator/import/gnu/arm/4.9.3/bin/../lib/gcc/arm-none-eabi/4.9.3/../../../../arm-none-eabi/lib/armv7-m\libnosys.a
END GROUP
                0x00000000                CY_APPL_ORIGIN = 0x0
                0x00000100                CY_FLASH_ROW_SIZE = 0x100
                0x00000020                CY_ECC_ROW_SIZE = 0x20
                0x00000000                CY_EE_IN_BTLDR = 0x0
                0x00000000                CY_APPL_LOADABLE = 0x0
                0x00000800                CY_EE_SIZE = 0x800
                0x00000001                CY_APPL_NUM = 0x1
                0x00000001                CY_APPL_MAX = 0x1
                0x00000040                CY_METADATA_SIZE = 0x40
                0x00000000                CY_APPL_LOADABLE = 0x0
                0x00000000                CY_CHECKSUM_EXCLUDE_SIZE = ALIGN (0x0, CY_FLASH_ROW_SIZE)
                0x1fff81f0                PROVIDE (__cy_heap_start, _end)
                0x00000001                PROVIDE (__cy_region_num, ((__cy_regions_end - __cy_regions) / 0x10))
                0x20008000                PROVIDE (__cy_stack, (ORIGIN (ram) + 0x10000))
                0x20007800                PROVIDE (__cy_heap_end, (__cy_stack - 0x800))

.cybootloader   0x00000000        0x0
 *(.cybootloader)
                0x00000000                appl1_start = CY_APPL_ORIGIN?CY_APPL_ORIGIN:ALIGN (CY_FLASH_ROW_SIZE)
                0x0001ff00                appl2_start = (appl1_start + ALIGN ((((0x40000 - appl1_start) - (0x2 * CY_FLASH_ROW_SIZE)) / 0x2), CY_FLASH_ROW_SIZE))
                0x00000000                appl_start = (CY_APPL_NUM == 0x1)?appl1_start:appl2_start
                0x00000000                ecc_offset = ((appl_start / CY_FLASH_ROW_SIZE) * CY_ECC_ROW_SIZE)
                0x00000000                ee_offset = (CY_APPL_LOADABLE && ! (CY_EE_IN_BTLDR))?((CY_EE_SIZE / CY_APPL_MAX) * (CY_APPL_NUM - 0x1)):0x0
                0x00000800                ee_size = (CY_APPL_LOADABLE && ! (CY_EE_IN_BTLDR))?(CY_EE_SIZE / CY_APPL_MAX):CY_EE_SIZE
                0x00000000                PROVIDE (CY_ECC_OFFSET, ecc_offset)

.text           0x00000000     0x27ea
 CREATE_OBJECT_SYMBOLS
                0x00000000                PROVIDE (__cy_interrupt_vector, RomVectors)
 *(.romvectors)
 .romvectors    0x00000000       0x10 .\CortexM3\ARM_GCC_493\Debug\Cm3Start.o
                0x00000000                RomVectors
                0x00000001                ASSERT ((. != __cy_interrupt_vector), No interrupt vector)
                0x00000001                ASSERT (CY_APPL_ORIGIN?(SIZEOF (.cybootloader) <= CY_APPL_ORIGIN):0x1, Wrong image location)
                0x00000010                PROVIDE (__cy_reset, Reset)
 *(.text.Reset)
 .text.Reset    0x00000010       0x18 .\CortexM3\ARM_GCC_493\Debug\Cm3Start.o
                0x00000010                Reset
                0x00000001                ASSERT ((. != __cy_reset), No reset code)
 *(.dma_init)
                0x00000001                ASSERT ((((appl_start + .) <= 0x10000) || 0x1), DMA Init must be within the first 64k of flash)
 *(.text .text.* .gnu.linkonce.t.*)
 .text          0x00000028       0x5c c:/program files (x86)/cypress/psoc creator/4.0/psoc creator/import/gnu/arm/4.9.3/bin/../lib/gcc/arm-none-eabi/4.9.3/armv7-m/crtbegin.o
 .text.main     0x00000084       0x50 .\CortexM3\ARM_GCC_493\Debug\main.o
                0x00000084                main
 *fill*         0x000000d4        0x4 
 .text.ISR_getMouseData
                0x000000d8      0x2a8 .\CortexM3\ARM_GCC_493\Debug\functions.o
                0x000000d8                ISR_getMouseData
 .text.initMouse
                0x00000380       0x74 .\CortexM3\ARM_GCC_493\Debug\functions.o
                0x00000380                initMouse
 .text.Init     0x000003f4       0x40 .\CortexM3\ARM_GCC_493\Debug\functions.o
                0x000003f4                Init
 .text.PS2_interrupt
                0x00000434       0x18 .\CortexM3\ARM_GCC_493\Debug\PS2_interrupt.o
                0x00000434                PS2_interrupt
 .text.stabil   0x0000044c       0x64 .\CortexM3\ARM_GCC_493\Debug\stabil.o
                0x0000044c                stabil
 .text.IntDefaultHandler
                0x000004b0       0x10 .\CortexM3\ARM_GCC_493\Debug\Cm3Start.o
                0x000004b0                IntDefaultHandler
 .text.Start_c  0x000004c0       0x4c .\CortexM3\ARM_GCC_493\Debug\Cm3Start.o
                0x000004c0                Start_c
 .text.initialize_psoc
                0x0000050c       0x74 .\CortexM3\ARM_GCC_493\Debug\Cm3Start.o
                0x0000050c                initialize_psoc
 .text.CyClockStartupError
                0x00000580        0x4 .\CortexM3\ARM_GCC_493\Debug\version_01.a(cyfitter_cfg.o)
 .text.cfg_write_bytes32
                0x00000584       0x34 .\CortexM3\ARM_GCC_493\Debug\version_01.a(cyfitter_cfg.o)
 .text.AnalogSetDefault
                0x000005b8       0x28 .\CortexM3\ARM_GCC_493\Debug\version_01.a(cyfitter_cfg.o)
 .text.CYMEMZERO
                0x000005e0        0xc .\CortexM3\ARM_GCC_493\Debug\version_01.a(cyfitter_cfg.o)
 .text.ClockSetup
                0x000005ec       0xf8 .\CortexM3\ARM_GCC_493\Debug\version_01.a(cyfitter_cfg.o)
 .text.CYCONFIGCPY
                0x000006e4        0x8 .\CortexM3\ARM_GCC_493\Debug\version_01.a(cyfitter_cfg.o)
 .text.cyfitter_cfg
                0x000006ec      0x144 .\CortexM3\ARM_GCC_493\Debug\version_01.a(cyfitter_cfg.o)
                0x000006ec                cyfitter_cfg
 .text.CyHalt   0x00000830        0x4 .\CortexM3\ARM_GCC_493\Debug\version_01.a(CyLib.o)
                0x00000830                CyHalt
 .text.CyDelay  0x00000834       0x2c .\CortexM3\ARM_GCC_493\Debug\version_01.a(CyLib.o)
                0x00000834                CyDelay
 .text.CyDelayUs
                0x00000860       0x14 .\CortexM3\ARM_GCC_493\Debug\version_01.a(CyLib.o)
                0x00000860                CyDelayUs
 .text.CyIntSetVector
                0x00000874       0x28 .\CortexM3\ARM_GCC_493\Debug\version_01.a(CyLib.o)
                0x00000874                CyIntSetVector
 .text.CyIntSetPriority
                0x0000089c       0x30 .\CortexM3\ARM_GCC_493\Debug\version_01.a(CyLib.o)
                0x0000089c                CyIntSetPriority
 .text.I2CS_Init
                0x000008cc       0x70 .\CortexM3\ARM_GCC_493\Debug\version_01.a(I2CS.o)
                0x000008cc                I2CS_Init
 .text.I2CS_Enable
                0x0000093c       0x30 .\CortexM3\ARM_GCC_493\Debug\version_01.a(I2CS.o)
                0x0000093c                I2CS_Enable
 .text.I2CS_Start
                0x0000096c       0x1c .\CortexM3\ARM_GCC_493\Debug\version_01.a(I2CS.o)
                0x0000096c                I2CS_Start
 .text.I2CS_SetBuffer1
                0x00000988       0x50 .\CortexM3\ARM_GCC_493\Debug\version_01.a(I2CS.o)
                0x00000988                I2CS_SetBuffer1
 .text.I2CS_ISR
                0x000009d8      0x1c4 .\CortexM3\ARM_GCC_493\Debug\version_01.a(I2CS_INT.o)
                0x000009d8                I2CS_ISR
 .text.PWMSF_Enable
                0x00000b9c       0x10 .\CortexM3\ARM_GCC_493\Debug\version_01.a(PWMSF.o)
                0x00000b9c                PWMSF_Enable
 .text.PWMSF_WriteCounter
                0x00000bac        0xc .\CortexM3\ARM_GCC_493\Debug\version_01.a(PWMSF.o)
                0x00000bac                PWMSF_WriteCounter
 .text.PWMSF_WritePeriod
                0x00000bb8        0xc .\CortexM3\ARM_GCC_493\Debug\version_01.a(PWMSF.o)
                0x00000bb8                PWMSF_WritePeriod
 .text.PWMSF_WriteCompare
                0x00000bc4        0xc .\CortexM3\ARM_GCC_493\Debug\version_01.a(PWMSF.o)
                0x00000bc4                PWMSF_WriteCompare
 .text.PWMSF_SetInterruptMode
                0x00000bd0        0xc .\CortexM3\ARM_GCC_493\Debug\version_01.a(PWMSF.o)
                0x00000bd0                PWMSF_SetInterruptMode
 .text.PWMSF_ReadStatusRegister
                0x00000bdc        0xc .\CortexM3\ARM_GCC_493\Debug\version_01.a(PWMSF.o)
                0x00000bdc                PWMSF_ReadStatusRegister
 .text.PWMSF_ReadCapture
                0x00000be8        0xc .\CortexM3\ARM_GCC_493\Debug\version_01.a(PWMSF.o)
                0x00000be8                PWMSF_ReadCapture
 .text.PWMSF_ClearFIFO
                0x00000bf4       0x14 .\CortexM3\ARM_GCC_493\Debug\version_01.a(PWMSF.o)
                0x00000bf4                PWMSF_ClearFIFO
 .text.PWMSF_Init
                0x00000c08       0x50 .\CortexM3\ARM_GCC_493\Debug\version_01.a(PWMSF.o)
                0x00000c08                PWMSF_Init
 .text.PWMSF_Start
                0x00000c58       0x1c .\CortexM3\ARM_GCC_493\Debug\version_01.a(PWMSF.o)
                0x00000c58                PWMSF_Start
 .text.Dir_stepF_Write
                0x00000c74       0x18 .\CortexM3\ARM_GCC_493\Debug\version_01.a(Dir_stepF.o)
                0x00000c74                Dir_stepF_Write
 .text.PWMF1_Enable
                0x00000c8c       0x10 .\CortexM3\ARM_GCC_493\Debug\version_01.a(PWMF1.o)
                0x00000c8c                PWMF1_Enable
 .text.PWMF1_Stop
                0x00000c9c       0x10 .\CortexM3\ARM_GCC_493\Debug\version_01.a(PWMF1.o)
                0x00000c9c                PWMF1_Stop
 .text.PWMF1_WriteCounter
                0x00000cac        0xc .\CortexM3\ARM_GCC_493\Debug\version_01.a(PWMF1.o)
                0x00000cac                PWMF1_WriteCounter
 .text.PWMF1_WritePeriod
                0x00000cb8        0xc .\CortexM3\ARM_GCC_493\Debug\version_01.a(PWMF1.o)
                0x00000cb8                PWMF1_WritePeriod
 .text.PWMF1_WriteCompare
                0x00000cc4        0xc .\CortexM3\ARM_GCC_493\Debug\version_01.a(PWMF1.o)
                0x00000cc4                PWMF1_WriteCompare
 .text.PWMF1_SetInterruptMode
                0x00000cd0        0xc .\CortexM3\ARM_GCC_493\Debug\version_01.a(PWMF1.o)
                0x00000cd0                PWMF1_SetInterruptMode
 .text.PWMF1_ReadStatusRegister
                0x00000cdc        0xc .\CortexM3\ARM_GCC_493\Debug\version_01.a(PWMF1.o)
                0x00000cdc                PWMF1_ReadStatusRegister
 .text.PWMF1_ReadCapture
                0x00000ce8        0xc .\CortexM3\ARM_GCC_493\Debug\version_01.a(PWMF1.o)
                0x00000ce8                PWMF1_ReadCapture
 .text.PWMF1_ClearFIFO
                0x00000cf4       0x14 .\CortexM3\ARM_GCC_493\Debug\version_01.a(PWMF1.o)
                0x00000cf4                PWMF1_ClearFIFO
 .text.PWMF1_Init
                0x00000d08       0x50 .\CortexM3\ARM_GCC_493\Debug\version_01.a(PWMF1.o)
                0x00000d08                PWMF1_Init
 .text.PWMF1_Start
                0x00000d58       0x1c .\CortexM3\ARM_GCC_493\Debug\version_01.a(PWMF1.o)
                0x00000d58                PWMF1_Start
 .text.PWMF2_Enable
                0x00000d74       0x10 .\CortexM3\ARM_GCC_493\Debug\version_01.a(PWMF2.o)
                0x00000d74                PWMF2_Enable
 .text.PWMF2_Stop
                0x00000d84       0x10 .\CortexM3\ARM_GCC_493\Debug\version_01.a(PWMF2.o)
                0x00000d84                PWMF2_Stop
 .text.PWMF2_WriteCounter
                0x00000d94        0xc .\CortexM3\ARM_GCC_493\Debug\version_01.a(PWMF2.o)
                0x00000d94                PWMF2_WriteCounter
 .text.PWMF2_WritePeriod
                0x00000da0        0xc .\CortexM3\ARM_GCC_493\Debug\version_01.a(PWMF2.o)
                0x00000da0                PWMF2_WritePeriod
 .text.PWMF2_WriteCompare
                0x00000dac        0xc .\CortexM3\ARM_GCC_493\Debug\version_01.a(PWMF2.o)
                0x00000dac                PWMF2_WriteCompare
 .text.PWMF2_SetInterruptMode
                0x00000db8        0xc .\CortexM3\ARM_GCC_493\Debug\version_01.a(PWMF2.o)
                0x00000db8                PWMF2_SetInterruptMode
 .text.PWMF2_ReadStatusRegister
                0x00000dc4        0xc .\CortexM3\ARM_GCC_493\Debug\version_01.a(PWMF2.o)
                0x00000dc4                PWMF2_ReadStatusRegister
 .text.PWMF2_ReadCapture
                0x00000dd0        0xc .\CortexM3\ARM_GCC_493\Debug\version_01.a(PWMF2.o)
                0x00000dd0                PWMF2_ReadCapture
 .text.PWMF2_ClearFIFO
                0x00000ddc       0x14 .\CortexM3\ARM_GCC_493\Debug\version_01.a(PWMF2.o)
                0x00000ddc                PWMF2_ClearFIFO
 .text.PWMF2_Init
                0x00000df0       0x50 .\CortexM3\ARM_GCC_493\Debug\version_01.a(PWMF2.o)
                0x00000df0                PWMF2_Init
 .text.PWMF2_Start
                0x00000e40       0x1c .\CortexM3\ARM_GCC_493\Debug\version_01.a(PWMF2.o)
                0x00000e40                PWMF2_Start
 .text.CounterF_Enable
                0x00000e5c       0x10 .\CortexM3\ARM_GCC_493\Debug\version_01.a(CounterF.o)
                0x00000e5c                CounterF_Enable
 .text.CounterF_SetInterruptMode
                0x00000e6c        0xc .\CortexM3\ARM_GCC_493\Debug\version_01.a(CounterF.o)
                0x00000e6c                CounterF_SetInterruptMode
 .text.CounterF_ReadStatusRegister
                0x00000e78        0xc .\CortexM3\ARM_GCC_493\Debug\version_01.a(CounterF.o)
                0x00000e78                CounterF_ReadStatusRegister
 .text.CounterF_WriteCounter
                0x00000e84        0xc .\CortexM3\ARM_GCC_493\Debug\version_01.a(CounterF.o)
                0x00000e84                CounterF_WriteCounter
 .text.CounterF_ReadCounter
                0x00000e90       0x14 .\CortexM3\ARM_GCC_493\Debug\version_01.a(CounterF.o)
                0x00000e90                CounterF_ReadCounter
 .text.CounterF_ReadCapture
                0x00000ea4        0xc .\CortexM3\ARM_GCC_493\Debug\version_01.a(CounterF.o)
                0x00000ea4                CounterF_ReadCapture
 .text.CounterF_WritePeriod
                0x00000eb0        0xc .\CortexM3\ARM_GCC_493\Debug\version_01.a(CounterF.o)
                0x00000eb0                CounterF_WritePeriod
 .text.CounterF_WriteCompare
                0x00000ebc        0xc .\CortexM3\ARM_GCC_493\Debug\version_01.a(CounterF.o)
                0x00000ebc                CounterF_WriteCompare
 .text.CounterF_ClearFIFO
                0x00000ec8       0x14 .\CortexM3\ARM_GCC_493\Debug\version_01.a(CounterF.o)
                0x00000ec8                CounterF_ClearFIFO
 .text.CounterF_Init
                0x00000edc       0x50 .\CortexM3\ARM_GCC_493\Debug\version_01.a(CounterF.o)
                0x00000edc                CounterF_Init
 .text.CounterF_Start
                0x00000f2c       0x1c .\CortexM3\ARM_GCC_493\Debug\version_01.a(CounterF.o)
                0x00000f2c                CounterF_Start
 .text.CounterB_Enable
                0x00000f48       0x10 .\CortexM3\ARM_GCC_493\Debug\version_01.a(CounterB.o)
                0x00000f48                CounterB_Enable
 .text.CounterB_SetInterruptMode
                0x00000f58        0xc .\CortexM3\ARM_GCC_493\Debug\version_01.a(CounterB.o)
                0x00000f58                CounterB_SetInterruptMode
 .text.CounterB_ReadStatusRegister
                0x00000f64        0xc .\CortexM3\ARM_GCC_493\Debug\version_01.a(CounterB.o)
                0x00000f64                CounterB_ReadStatusRegister
 .text.CounterB_WriteCounter
                0x00000f70        0xc .\CortexM3\ARM_GCC_493\Debug\version_01.a(CounterB.o)
                0x00000f70                CounterB_WriteCounter
 .text.CounterB_ReadCapture
                0x00000f7c        0xc .\CortexM3\ARM_GCC_493\Debug\version_01.a(CounterB.o)
                0x00000f7c                CounterB_ReadCapture
 .text.CounterB_WritePeriod
                0x00000f88        0xc .\CortexM3\ARM_GCC_493\Debug\version_01.a(CounterB.o)
                0x00000f88                CounterB_WritePeriod
 .text.CounterB_WriteCompare
                0x00000f94        0xc .\CortexM3\ARM_GCC_493\Debug\version_01.a(CounterB.o)
                0x00000f94                CounterB_WriteCompare
 .text.CounterB_ClearFIFO
                0x00000fa0       0x14 .\CortexM3\ARM_GCC_493\Debug\version_01.a(CounterB.o)
                0x00000fa0                CounterB_ClearFIFO
 .text.CounterB_Init
                0x00000fb4       0x50 .\CortexM3\ARM_GCC_493\Debug\version_01.a(CounterB.o)
                0x00000fb4                CounterB_Init
 .text.CounterB_Start
                0x00001004       0x1c .\CortexM3\ARM_GCC_493\Debug\version_01.a(CounterB.o)
                0x00001004                CounterB_Start
 .text.PWMSB_Enable
                0x00001020       0x10 .\CortexM3\ARM_GCC_493\Debug\version_01.a(PWMSB.o)
                0x00001020                PWMSB_Enable
 .text.PWMSB_WriteCounter
                0x00001030        0xc .\CortexM3\ARM_GCC_493\Debug\version_01.a(PWMSB.o)
                0x00001030                PWMSB_WriteCounter
 .text.PWMSB_WritePeriod
                0x0000103c        0xc .\CortexM3\ARM_GCC_493\Debug\version_01.a(PWMSB.o)
                0x0000103c                PWMSB_WritePeriod
 .text.PWMSB_WriteCompare
                0x00001048        0xc .\CortexM3\ARM_GCC_493\Debug\version_01.a(PWMSB.o)
                0x00001048                PWMSB_WriteCompare
 .text.PWMSB_SetInterruptMode
                0x00001054        0xc .\CortexM3\ARM_GCC_493\Debug\version_01.a(PWMSB.o)
                0x00001054                PWMSB_SetInterruptMode
 .text.PWMSB_ReadStatusRegister
                0x00001060        0xc .\CortexM3\ARM_GCC_493\Debug\version_01.a(PWMSB.o)
                0x00001060                PWMSB_ReadStatusRegister
 .text.PWMSB_ReadCapture
                0x0000106c        0xc .\CortexM3\ARM_GCC_493\Debug\version_01.a(PWMSB.o)
                0x0000106c                PWMSB_ReadCapture
 .text.PWMSB_ClearFIFO
                0x00001078       0x14 .\CortexM3\ARM_GCC_493\Debug\version_01.a(PWMSB.o)
                0x00001078                PWMSB_ClearFIFO
 .text.PWMSB_Init
                0x0000108c       0x54 .\CortexM3\ARM_GCC_493\Debug\version_01.a(PWMSB.o)
                0x0000108c                PWMSB_Init
 .text.PWMSB_Start
                0x000010e0       0x1c .\CortexM3\ARM_GCC_493\Debug\version_01.a(PWMSB.o)
                0x000010e0                PWMSB_Start
 .text.PS2_Data_Write
                0x000010fc       0x18 .\CortexM3\ARM_GCC_493\Debug\version_01.a(PS2_Data.o)
                0x000010fc                PS2_Data_Write
 .text.PS2_Data_Read
                0x00001114       0x10 .\CortexM3\ARM_GCC_493\Debug\version_01.a(PS2_Data.o)
                0x00001114                PS2_Data_Read
 .text.PS2_Clock_Write
                0x00001124       0x18 .\CortexM3\ARM_GCC_493\Debug\version_01.a(PS2_Clock.o)
                0x00001124                PS2_Clock_Write
 .text.PS2_Clock_Read
                0x0000113c       0x10 .\CortexM3\ARM_GCC_493\Debug\version_01.a(PS2_Clock.o)
                0x0000113c                PS2_Clock_Read
 .text.isr_PS2_clock_SetVector
                0x0000114c        0xc .\CortexM3\ARM_GCC_493\Debug\version_01.a(isr_PS2_clock.o)
                0x0000114c                isr_PS2_clock_SetVector
 .text.isr_PS2_clock_SetPriority
                0x00001158       0x10 .\CortexM3\ARM_GCC_493\Debug\version_01.a(isr_PS2_clock.o)
                0x00001158                isr_PS2_clock_SetPriority
 .text.isr_PS2_clock_Enable
                0x00001168        0xc .\CortexM3\ARM_GCC_493\Debug\version_01.a(isr_PS2_clock.o)
                0x00001168                isr_PS2_clock_Enable
 .text.isr_PS2_clock_Disable
                0x00001174        0xc .\CortexM3\ARM_GCC_493\Debug\version_01.a(isr_PS2_clock.o)
                0x00001174                isr_PS2_clock_Disable
 .text.isr_PS2_clock_StartEx
                0x00001180       0x1c .\CortexM3\ARM_GCC_493\Debug\version_01.a(isr_PS2_clock.o)
                0x00001180                isr_PS2_clock_StartEx
 .text.isr_PS2_clock_ClearPending
                0x0000119c        0xc .\CortexM3\ARM_GCC_493\Debug\version_01.a(isr_PS2_clock.o)
                0x0000119c                isr_PS2_clock_ClearPending
 .text          0x000011a8       0x20 .\CortexM3\ARM_GCC_493\Debug\version_01.a(CyBootAsmGnu.o)
                0x000011a8                CyDelayCycles
                0x000011b8                CyEnterCriticalSection
                0x000011c0                CyExitCriticalSection
 .text.asin     0x000011c8       0xa8 c:/program files (x86)/cypress/psoc creator/4.0/psoc creator/import/gnu/arm/4.9.3/bin/../lib/gcc/arm-none-eabi/4.9.3/../../../../arm-none-eabi/lib/armv7-m\libm.a(lib_a-w_asin.o)
                0x000011c8                asin
 .text.sqrt     0x00001270       0xac c:/program files (x86)/cypress/psoc creator/4.0/psoc creator/import/gnu/arm/4.9.3/bin/../lib/gcc/arm-none-eabi/4.9.3/../../../../arm-none-eabi/lib/armv7-m\libm.a(lib_a-w_sqrt.o)
                0x00001270                sqrt
 *fill*         0x0000131c        0x4 
 .text.__ieee754_asin
                0x00001320      0x460 c:/program files (x86)/cypress/psoc creator/4.0/psoc creator/import/gnu/arm/4.9.3/bin/../lib/gcc/arm-none-eabi/4.9.3/../../../../arm-none-eabi/lib/armv7-m\libm.a(lib_a-e_asin.o)
                0x00001320                __ieee754_asin
 .text.__ieee754_sqrt
                0x00001780      0x18c c:/program files (x86)/cypress/psoc creator/4.0/psoc creator/import/gnu/arm/4.9.3/bin/../lib/gcc/arm-none-eabi/4.9.3/../../../../arm-none-eabi/lib/armv7-m\libm.a(lib_a-e_sqrt.o)
                0x00001780                __ieee754_sqrt
 .text.fabs     0x0000190c        0x8 c:/program files (x86)/cypress/psoc creator/4.0/psoc creator/import/gnu/arm/4.9.3/bin/../lib/gcc/arm-none-eabi/4.9.3/../../../../arm-none-eabi/lib/armv7-m\libm.a(lib_a-s_fabs.o)
                0x0000190c                fabs
 .text.__fpclassifyd
                0x00001914       0x58 c:/program files (x86)/cypress/psoc creator/4.0/psoc creator/import/gnu/arm/4.9.3/bin/../lib/gcc/arm-none-eabi/4.9.3/../../../../arm-none-eabi/lib/armv7-m\libm.a(lib_a-s_fpclassify.o)
                0x00001914                __fpclassifyd
 .text.matherr  0x0000196c        0x4 c:/program files (x86)/cypress/psoc creator/4.0/psoc creator/import/gnu/arm/4.9.3/bin/../lib/gcc/arm-none-eabi/4.9.3/../../../../arm-none-eabi/lib/armv7-m\libm.a(lib_a-s_matherr.o)
                0x0000196c                matherr
 .text.nan      0x00001970        0xc c:/program files (x86)/cypress/psoc creator/4.0/psoc creator/import/gnu/arm/4.9.3/bin/../lib/gcc/arm-none-eabi/4.9.3/../../../../arm-none-eabi/lib/armv7-m\libm.a(lib_a-s_nan.o)
                0x00001970                nan
 .text          0x0000197c      0x370 c:/program files (x86)/cypress/psoc creator/4.0/psoc creator/import/gnu/arm/4.9.3/bin/../lib/gcc/arm-none-eabi/4.9.3/armv7-m\libgcc.a(_arm_addsubdf3.o)
                0x0000197c                __aeabi_drsub
                0x00001984                __aeabi_dsub
                0x00001984                __subdf3
                0x00001988                __aeabi_dadd
                0x00001988                __adddf3
                0x00001c00                __floatunsidf
                0x00001c00                __aeabi_ui2d
                0x00001c20                __floatsidf
                0x00001c20                __aeabi_i2d
                0x00001c44                __aeabi_f2d
                0x00001c44                __extendsfdf2
                0x00001c80                __floatundidf
                0x00001c80                __aeabi_ul2d
                0x00001c90                __floatdidf
                0x00001c90                __aeabi_l2d
 .text          0x00001cec      0x424 c:/program files (x86)/cypress/psoc creator/4.0/psoc creator/import/gnu/arm/4.9.3/bin/../lib/gcc/arm-none-eabi/4.9.3/armv7-m\libgcc.a(_arm_muldivdf3.o)
                0x00001cec                __aeabi_dmul
                0x00001cec                __muldf3
                0x00001f40                __divdf3
                0x00001f40                __aeabi_ddiv
 .text          0x00002110      0x110 c:/program files (x86)/cypress/psoc creator/4.0/psoc creator/import/gnu/arm/4.9.3/bin/../lib/gcc/arm-none-eabi/4.9.3/armv7-m\libgcc.a(_arm_cmpdf2.o)
                0x00002110                __gtdf2
                0x00002110                __gedf2
                0x00002118                __ltdf2
                0x00002118                __ledf2
                0x00002120                __nedf2
                0x00002120                __eqdf2
                0x00002120                __cmpdf2
                0x0000219c                __aeabi_cdrcmple
                0x000021ac                __aeabi_cdcmpeq
                0x000021ac                __aeabi_cdcmple
                0x000021bc                __aeabi_dcmpeq
                0x000021d0                __aeabi_dcmplt
                0x000021e4                __aeabi_dcmple
                0x000021f8                __aeabi_dcmpge
                0x0000220c                __aeabi_dcmpgt
 .text          0x00002220       0x50 c:/program files (x86)/cypress/psoc creator/4.0/psoc creator/import/gnu/arm/4.9.3/bin/../lib/gcc/arm-none-eabi/4.9.3/armv7-m\libgcc.a(_arm_fixdfsi.o)
                0x00002220                __aeabi_d2iz
                0x00002220                __fixdfsi
 .text          0x00002270       0x40 c:/program files (x86)/cypress/psoc creator/4.0/psoc creator/import/gnu/arm/4.9.3/bin/../lib/gcc/arm-none-eabi/4.9.3/armv7-m\libgcc.a(_arm_fixunsdfsi.o)
                0x00002270                __aeabi_d2uiz
                0x00002270                __fixunsdfsi
 .text          0x000022b0      0x21c c:/program files (x86)/cypress/psoc creator/4.0/psoc creator/import/gnu/arm/4.9.3/bin/../lib/gcc/arm-none-eabi/4.9.3/armv7-m\libgcc.a(_arm_addsubsf3.o)
                0x000022b0                __aeabi_frsub
                0x000022b8                __subsf3
                0x000022b8                __aeabi_fsub
                0x000022bc                __aeabi_fadd
                0x000022bc                __addsf3
                0x0000241c                __aeabi_ui2f
                0x0000241c                __floatunsisf
                0x00002424                __aeabi_i2f
                0x00002424                __floatsisf
                0x00002440                __aeabi_ul2f
                0x00002440                __floatundisf
                0x00002450                __aeabi_l2f
                0x00002450                __floatdisf
 .text          0x000024cc      0x2a0 c:/program files (x86)/cypress/psoc creator/4.0/psoc creator/import/gnu/arm/4.9.3/bin/../lib/gcc/arm-none-eabi/4.9.3/armv7-m\libgcc.a(_arm_muldivsf3.o)
                0x000024cc                __mulsf3
                0x000024cc                __aeabi_fmul
                0x00002634                __aeabi_fdiv
                0x00002634                __divsf3
 .text.__errno  0x0000276c        0xc c:/program files (x86)/cypress/psoc creator/4.0/psoc creator/import/gnu/arm/4.9.3/bin/../lib/gcc/arm-none-eabi/4.9.3/../../../../arm-none-eabi/lib/armv7-m\libg_nano.a(lib_a-errno.o)
                0x0000276c                __errno
 .text.__libc_init_array
                0x00002778       0x4c c:/program files (x86)/cypress/psoc creator/4.0/psoc creator/import/gnu/arm/4.9.3/bin/../lib/gcc/arm-none-eabi/4.9.3/../../../../arm-none-eabi/lib/armv7-m\libg_nano.a(lib_a-init.o)
                0x00002778                __libc_init_array
 .text.memcpy   0x000027c4       0x16 c:/program files (x86)/cypress/psoc creator/4.0/psoc creator/import/gnu/arm/4.9.3/bin/../lib/gcc/arm-none-eabi/4.9.3/../../../../arm-none-eabi/lib/armv7-m\libg_nano.a(lib_a-memcpy.o)
                0x000027c4                memcpy
 .text.memset   0x000027da       0x10 c:/program files (x86)/cypress/psoc creator/4.0/psoc creator/import/gnu/arm/4.9.3/bin/../lib/gcc/arm-none-eabi/4.9.3/../../../../arm-none-eabi/lib/armv7-m\libg_nano.a(lib_a-memset.o)
                0x000027da                memset
 *(.plt)
 *(.gnu.warning)
 *(.glue_7t)
 .glue_7t       0x00000000        0x0 linker stubs
 *(.glue_7)
 .glue_7        0x00000000        0x0 linker stubs
 *(.vfp11_veneer)
 .vfp11_veneer  0x00000000        0x0 linker stubs
 *(.bootloader)
 *(.ARM.extab* .gnu.linkonce.armextab.*)
 *(.gcc_except_table)

.v4_bx          0x000027ec        0x0
 .v4_bx         0x00000000        0x0 linker stubs

.iplt           0x000027ec        0x0
 .iplt          0x00000000        0x0 c:/program files (x86)/cypress/psoc creator/4.0/psoc creator/import/gnu/arm/4.9.3/bin/../lib/gcc/arm-none-eabi/4.9.3/armv7-m/crtbegin.o

.eh_frame_hdr
 *(.eh_frame_hdr)

.eh_frame       0x000027ec        0x4
 *(.eh_frame)
 .eh_frame      0x000027ec        0x0 c:/program files (x86)/cypress/psoc creator/4.0/psoc creator/import/gnu/arm/4.9.3/bin/../lib/gcc/arm-none-eabi/4.9.3/armv7-m/crtbegin.o
 .eh_frame      0x000027ec        0x4 c:/program files (x86)/cypress/psoc creator/4.0/psoc creator/import/gnu/arm/4.9.3/bin/../lib/gcc/arm-none-eabi/4.9.3/armv7-m/crtend.o
                0x000027f0                PROVIDE (__exidx_start, .)

.ARM.exidx
 *(.ARM.exidx* .gnu.linkonce.armexidx.*)
                0x000027f0                __exidx_end = .

.rodata         0x000027f0       0x90
 *(.rodata .rodata.* .gnu.linkonce.r.*)
 .rodata        0x000027f0        0x8 .\CortexM3\ARM_GCC_493\Debug\functions.o
 .rodata        0x000027f8       0x3c .\CortexM3\ARM_GCC_493\Debug\version_01.a(cyfitter_cfg.o)
 .rodata.str1.4
                0x00002834        0x5 c:/program files (x86)/cypress/psoc creator/4.0/psoc creator/import/gnu/arm/4.9.3/bin/../lib/gcc/arm-none-eabi/4.9.3/../../../../arm-none-eabi/lib/armv7-m\libm.a(lib_a-w_asin.o)
                                  0xc (size before relaxing)
 *fill*         0x00002839        0x3 
 .rodata.str1.4
                0x0000283c        0x8 c:/program files (x86)/cypress/psoc creator/4.0/psoc creator/import/gnu/arm/4.9.3/bin/../lib/gcc/arm-none-eabi/4.9.3/../../../../arm-none-eabi/lib/armv7-m\libm.a(lib_a-w_sqrt.o)
 .rodata.str1.1
                0x00002844        0x2 c:/program files (x86)/cypress/psoc creator/4.0/psoc creator/import/gnu/arm/4.9.3/bin/../lib/gcc/arm-none-eabi/4.9.3/../../../../arm-none-eabi/lib/armv7-m\libg_nano.a(lib_a-impure.o)
                0x00002848                . = ALIGN (0x4)
 *fill*         0x00002846        0x2 
 *(.init)
 .init          0x00002848        0x4 c:/program files (x86)/cypress/psoc creator/4.0/psoc creator/import/gnu/arm/4.9.3/bin/../lib/gcc/arm-none-eabi/4.9.3/armv7-m/crti.o
                0x00002848                _init
 .init          0x0000284c        0x8 c:/program files (x86)/cypress/psoc creator/4.0/psoc creator/import/gnu/arm/4.9.3/bin/../lib/gcc/arm-none-eabi/4.9.3/armv7-m/crtn.o
                0x00002854                . = ALIGN (0x4)
                0x00002854                __preinit_array_start = .
 *(.preinit_array)
                0x00002854                __preinit_array_end = .
                0x00002854                . = ALIGN (0x4)
                0x00002854                __init_array_start = .
 *(SORT(.init_array.*))
 *(.init_array)
 .init_array    0x00002854        0x4 c:/program files (x86)/cypress/psoc creator/4.0/psoc creator/import/gnu/arm/4.9.3/bin/../lib/gcc/arm-none-eabi/4.9.3/armv7-m/crtbegin.o
 .init_array    0x00002858        0x4 .\CortexM3\ARM_GCC_493\Debug\Cm3Start.o
                0x0000285c                __init_array_end = .
                0x0000285c                . = ALIGN (0x4)
 *(.fini)
 .fini          0x0000285c        0x4 c:/program files (x86)/cypress/psoc creator/4.0/psoc creator/import/gnu/arm/4.9.3/bin/../lib/gcc/arm-none-eabi/4.9.3/armv7-m/crti.o
                0x0000285c                _fini
 .fini          0x00002860        0x8 c:/program files (x86)/cypress/psoc creator/4.0/psoc creator/import/gnu/arm/4.9.3/bin/../lib/gcc/arm-none-eabi/4.9.3/armv7-m/crtn.o
                0x00002868                . = ALIGN (0x4)
                0x00002868                __fini_array_start = .
 *(.fini_array)
 .fini_array    0x00002868        0x4 c:/program files (x86)/cypress/psoc creator/4.0/psoc creator/import/gnu/arm/4.9.3/bin/../lib/gcc/arm-none-eabi/4.9.3/armv7-m/crtbegin.o
 *(SORT(.fini_array.*))
                0x0000286c                __fini_array_end = .
                0x0000286c                . = ALIGN (0x4)
 *crtbegin.o(.ctors)
 *(EXCLUDE_FILE(*crtend.o) .ctors)
 *(SORT(.ctors.*))
 *crtend.o(.ctors)
                0x0000286c                . = ALIGN (0x4)
 *crtbegin.o(.dtors)
 *(EXCLUDE_FILE(*crtend.o) .dtors)
 *(SORT(.dtors.*))
 *crtend.o(.dtors)
                0x0000286c                . = ALIGN (0x4)
                0x0000286c                __cy_regions = .
                0x0000286c        0x4 LONG 0x2880 __cy_region_init_ram
                0x00002870        0x4 LONG 0x1fff8108 __cy_region_start_data
                0x00002874        0x4 LONG 0x80 __cy_region_init_size_ram
                0x00002878        0x4 LONG 0x68 __cy_region_zero_size_ram
                0x0000287c                __cy_regions_end = .
                0x00002880                . = ALIGN (0x8)
 *fill*         0x0000287c        0x4 
                0x00002880                _etext = .

.cy_checksum_exclude
                0x00002880        0x0
 *(.cy_checksum_exclude)

.ramvectors     0x1fff8000      0x100
                0x1fff8000                __cy_region_start_ram = .
 *(.ramvectors)
 .ramvectors    0x1fff8000      0x100 .\CortexM3\ARM_GCC_493\Debug\Cm3Start.o
                0x1fff8000                CyRamVectors

.noinit         0x1fff8100        0x5
 *(.noinit)
 .noinit        0x1fff8100        0x4 .\CortexM3\ARM_GCC_493\Debug\Cm3Start.o
 .noinit        0x1fff8104        0x1 .\CortexM3\ARM_GCC_493\Debug\version_01.a(CyLib.o)
                0x1fff8104                CyResetStatus

.data           0x1fff8108       0x80 load address 0x00002880
                0x1fff8108                __cy_region_start_data = .
 *(.jcr)
 .jcr           0x1fff8108        0x0 c:/program files (x86)/cypress/psoc creator/4.0/psoc creator/import/gnu/arm/4.9.3/bin/../lib/gcc/arm-none-eabi/4.9.3/armv7-m/crtbegin.o
 .jcr           0x1fff8108        0x4 c:/program files (x86)/cypress/psoc creator/4.0/psoc creator/import/gnu/arm/4.9.3/bin/../lib/gcc/arm-none-eabi/4.9.3/armv7-m/crtend.o
 *(.got.plt)
 *(.got)
 *(.shdata)
 *(.data .data.* .gnu.linkonce.d.*)
 .data          0x1fff810c       0x10 .\CortexM3\ARM_GCC_493\Debug\version_01.a(CyLib.o)
                0x1fff810c                cydelay_32k_ms
                0x1fff8110                cydelay_freq_khz
                0x1fff8114                cydelay_freq_mhz
                0x1fff8118                cydelay_freq_hz
 .data.__fdlib_version
                0x1fff811c        0x1 c:/program files (x86)/cypress/psoc creator/4.0/psoc creator/import/gnu/arm/4.9.3/bin/../lib/gcc/arm-none-eabi/4.9.3/../../../../arm-none-eabi/lib/armv7-m\libm.a(lib_a-s_lib_ver.o)
                0x1fff811c                __fdlib_version
 *fill*         0x1fff811d        0x3 
 .data.impure_data
                0x1fff8120       0x60 c:/program files (x86)/cypress/psoc creator/4.0/psoc creator/import/gnu/arm/4.9.3/bin/../lib/gcc/arm-none-eabi/4.9.3/../../../../arm-none-eabi/lib/armv7-m\libg_nano.a(lib_a-impure.o)
 .data._impure_ptr
                0x1fff8180        0x4 c:/program files (x86)/cypress/psoc creator/4.0/psoc creator/import/gnu/arm/4.9.3/bin/../lib/gcc/arm-none-eabi/4.9.3/../../../../arm-none-eabi/lib/armv7-m\libg_nano.a(lib_a-impure.o)
                0x1fff8180                _impure_ptr
                0x1fff8188                . = ALIGN (0x8)
 *fill*         0x1fff8184        0x4 
 *(.ram)
                0x1fff8188                _edata = .

.igot.plt       0x1fff8188        0x0 load address 0x00002900
 .igot.plt      0x00000000        0x0 c:/program files (x86)/cypress/psoc creator/4.0/psoc creator/import/gnu/arm/4.9.3/bin/../lib/gcc/arm-none-eabi/4.9.3/armv7-m/crtbegin.o

.bss            0x1fff8188       0x68 load address 0x00002900
                0x1fff8188                PROVIDE (__bss_start__, .)
 *(.shbss)
 *(.bss .bss.* .gnu.linkonce.b.*)
 .bss           0x1fff8188       0x1c c:/program files (x86)/cypress/psoc creator/4.0/psoc creator/import/gnu/arm/4.9.3/bin/../lib/gcc/arm-none-eabi/4.9.3/armv7-m/crtbegin.o
 .bss           0x1fff81a4       0x10 .\CortexM3\ARM_GCC_493\Debug\main.o
                0x1fff81a4                i2cbuf
                0x1fff81ac                oldbuf
 .bss           0x1fff81b4        0x1 .\CortexM3\ARM_GCC_493\Debug\version_01.a(I2CS.o)
                0x1fff81b4                I2CS_initVar
 .bss           0x1fff81b5        0x2 .\CortexM3\ARM_GCC_493\Debug\version_01.a(I2CS_INT.o)
 .bss           0x1fff81b7        0x1 .\CortexM3\ARM_GCC_493\Debug\version_01.a(PWMSF.o)
                0x1fff81b7                PWMSF_initVar
 .bss           0x1fff81b8        0x1 .\CortexM3\ARM_GCC_493\Debug\version_01.a(PWMF1.o)
                0x1fff81b8                PWMF1_initVar
 .bss           0x1fff81b9        0x1 .\CortexM3\ARM_GCC_493\Debug\version_01.a(PWMF2.o)
                0x1fff81b9                PWMF2_initVar
 .bss           0x1fff81ba        0x1 .\CortexM3\ARM_GCC_493\Debug\version_01.a(CounterF.o)
                0x1fff81ba                CounterF_initVar
 .bss           0x1fff81bb        0x1 .\CortexM3\ARM_GCC_493\Debug\version_01.a(CounterB.o)
                0x1fff81bb                CounterB_initVar
 .bss           0x1fff81bc        0x1 .\CortexM3\ARM_GCC_493\Debug\version_01.a(PWMSB.o)
                0x1fff81bc                PWMSB_initVar
 *(COMMON)
 *fill*         0x1fff81bd        0x3 
 COMMON         0x1fff81c0       0x20 .\CortexM3\ARM_GCC_493\Debug\main.o
                0x1fff81c0                mouseData
 COMMON         0x1fff81e0        0xd .\CortexM3\ARM_GCC_493\Debug\version_01.a(I2CS.o)
                0x1fff81e0                I2CS_curStatus
                0x1fff81e2                I2CS_bufSizeS1
                0x1fff81e4                I2CS_wrProtectS1
                0x1fff81e6                I2CS_rwOffsetS1
                0x1fff81e7                I2CS_curState
                0x1fff81e8                I2CS_dataPtrS1
                0x1fff81ec                I2CS_rwIndexS1
                0x1fff81f0                . = ALIGN (0x8)
 *fill*         0x1fff81ed        0x3 
 *(.ram.b)
                0x1fff81f0                _end = .
                0x1fff81f0                __end = .
                0x1fff81f0                PROVIDE (end, .)
                0x1fff81f0                PROVIDE (__bss_end__, .)
                0x00002880                __cy_region_init_ram = LOADADDR (.data)
                0x00000080                __cy_region_init_size_ram = (_edata - ADDR (.data))
                0x00000068                __cy_region_zero_size_ram = (_end - _edata)

.heap           0x1fff81f0       0x80 load address 0x00002900
                0x1fff81f0                . = _end
                0x1fff8270                . = (. + 0x80)
 *fill*         0x1fff81f0       0x80 
                0x1fff8270                __cy_heap_limit = .

.stack          0x20007800      0x800
                0x20007800                __cy_stack_limit = .
                0x20008000                . = (. + 0x800)
 *fill*         0x20007800      0x800 
                0x00000001                ASSERT ((__cy_stack_limit >= __cy_heap_limit), region RAM overflowed with stack)
                0x00000000                cy_checksum_exclude_size = (CY_APPL_LOADABLE == 0x1)?SIZEOF (.cy_checksum_exclude):0x0
                0x00000001                ASSERT ((cy_checksum_exclude_size <= CY_CHECKSUM_EXCLUDE_SIZE), CY_BOOT: Section .cy_checksum_exclude size exceedes specified limit.)

.cyloadermeta
 *(.cyloadermeta)

.cyloadablemeta
 *(.cyloadablemeta)

.cyconfigecc    0x80000000      0x6e4
 *(.cyconfigecc)
 .cyconfigecc   0x80000000      0x6e4 .\CortexM3\ARM_GCC_493\Debug\cymetadata.o
                0x80000000                cy_meta_configecc

.cycustnvl      0x90000000        0x4
 *(.cycustnvl)
 .cycustnvl     0x90000000        0x4 .\CortexM3\ARM_GCC_493\Debug\cymetadata.o
                0x90000000                cy_meta_custnvl

.cywolatch      0x90100000        0x4
 *(.cywolatch)
 .cywolatch     0x90100000        0x4 .\CortexM3\ARM_GCC_493\Debug\cymetadata.o
                0x90100000                cy_meta_wonvl

.cyeeprom       0x90200000        0x0
 *(.cyeeprom)
                0x00000001                ASSERT ((. <= ((0x90200000 + ee_offset) + ee_size)), .cyeeprom data will not fit in EEPROM)

.cyflashprotect
                0x90400000      0x100
 *(.cyflashprotect)
 .cyflashprotect
                0x90400000      0x100 .\CortexM3\ARM_GCC_493\Debug\cymetadata.o
                0x90400000                cy_meta_flashprotect

.cymeta         0x90500000        0xc
 *(.cymeta)
 .cymeta        0x90500000        0xc .\CortexM3\ARM_GCC_493\Debug\cymetadata.o
                0x90500000                cy_metadata

.rel.dyn        0x00002900        0x0 load address 0x9050000c
 .rel.iplt      0x00000000        0x0 c:/program files (x86)/cypress/psoc creator/4.0/psoc creator/import/gnu/arm/4.9.3/bin/../lib/gcc/arm-none-eabi/4.9.3/armv7-m/crtbegin.o

.stab
 *(.stab)

.stabstr
 *(.stabstr)

.debug
 *(.debug)

.line
 *(.line)

.debug_srcinfo
 *(.debug_srcinfo)

.debug_sfnames
 *(.debug_sfnames)

.debug_aranges  0x00000000      0xd50
 *(.debug_aranges)
 .debug_aranges
                0x00000000       0x20 .\CortexM3\ARM_GCC_493\Debug\main.o
 .debug_aranges
                0x00000020       0x20 .\CortexM3\ARM_GCC_493\Debug\steer.o
 .debug_aranges
                0x00000040       0x20 .\CortexM3\ARM_GCC_493\Debug\strafe.o
 .debug_aranges
                0x00000060       0x20 .\CortexM3\ARM_GCC_493\Debug\init_step.o
 .debug_aranges
                0x00000080       0x38 .\CortexM3\ARM_GCC_493\Debug\functions.o
 .debug_aranges
                0x000000b8       0x20 .\CortexM3\ARM_GCC_493\Debug\PS2_interrupt.o
 .debug_aranges
                0x000000d8       0x20 .\CortexM3\ARM_GCC_493\Debug\stabil.o
 .debug_aranges
                0x000000f8       0x18 .\CortexM3\ARM_GCC_493\Debug\cymetadata.o
 .debug_aranges
                0x00000110       0x48 .\CortexM3\ARM_GCC_493\Debug\Cm3Start.o
 .debug_aranges
                0x00000158       0x58 .\CortexM3\ARM_GCC_493\Debug\version_01.a(cyfitter_cfg.o)
 .debug_aranges
                0x000001b0      0x2a0 .\CortexM3\ARM_GCC_493\Debug\version_01.a(CyLib.o)
 .debug_aranges
                0x00000450       0x98 .\CortexM3\ARM_GCC_493\Debug\version_01.a(cyPm.o)
 .debug_aranges
                0x000004e8       0x58 .\CortexM3\ARM_GCC_493\Debug\version_01.a(I2CS.o)
 .debug_aranges
                0x00000540       0x20 .\CortexM3\ARM_GCC_493\Debug\version_01.a(I2CS_INT.o)
 .debug_aranges
                0x00000560       0x38 .\CortexM3\ARM_GCC_493\Debug\version_01.a(I2CS_PM.o)
 .debug_aranges
                0x00000598       0x98 .\CortexM3\ARM_GCC_493\Debug\version_01.a(PWMSF.o)
 .debug_aranges
                0x00000630       0x38 .\CortexM3\ARM_GCC_493\Debug\version_01.a(Dir_stepF.o)
 .debug_aranges
                0x00000668       0x98 .\CortexM3\ARM_GCC_493\Debug\version_01.a(PWMF1.o)
 .debug_aranges
                0x00000700       0x98 .\CortexM3\ARM_GCC_493\Debug\version_01.a(PWMF2.o)
 .debug_aranges
                0x00000798       0x98 .\CortexM3\ARM_GCC_493\Debug\version_01.a(CounterF.o)
 .debug_aranges
                0x00000830       0x38 .\CortexM3\ARM_GCC_493\Debug\version_01.a(Dir_stepB.o)
 .debug_aranges
                0x00000868       0x98 .\CortexM3\ARM_GCC_493\Debug\version_01.a(CounterB.o)
 .debug_aranges
                0x00000900       0x98 .\CortexM3\ARM_GCC_493\Debug\version_01.a(PWMB2.o)
 .debug_aranges
                0x00000998       0x98 .\CortexM3\ARM_GCC_493\Debug\version_01.a(PWMB1.o)
 .debug_aranges
                0x00000a30       0x98 .\CortexM3\ARM_GCC_493\Debug\version_01.a(PWMSB.o)
 .debug_aranges
                0x00000ac8       0x38 .\CortexM3\ARM_GCC_493\Debug\version_01.a(MicroF.o)
 .debug_aranges
                0x00000b00       0x38 .\CortexM3\ARM_GCC_493\Debug\version_01.a(MicroB.o)
 .debug_aranges
                0x00000b38       0x38 .\CortexM3\ARM_GCC_493\Debug\version_01.a(PS2_Data.o)
 .debug_aranges
                0x00000b70       0x48 .\CortexM3\ARM_GCC_493\Debug\version_01.a(PS2_Clock.o)
 .debug_aranges
                0x00000bb8       0x80 .\CortexM3\ARM_GCC_493\Debug\version_01.a(isr_PS2_clock.o)
 .debug_aranges
                0x00000c38       0x20 .\CortexM3\ARM_GCC_493\Debug\version_01.a(CyBootAsmGnu.o)
 .debug_aranges
                0x00000c58       0x80 .\CortexM3\ARM_GCC_493\Debug\version_01.a(CyFlash.o)
 .debug_aranges
                0x00000cd8       0x78 .\CortexM3\ARM_GCC_493\Debug\version_01.a(CySpc.o)

.debug_pubnames
 *(.debug_pubnames)

.debug_info     0x00000000     0x70af
 *(.debug_info .gnu.linkonce.wi.*)
 .debug_info    0x00000000      0x2f2 .\CortexM3\ARM_GCC_493\Debug\main.o
 .debug_info    0x000002f2      0x1e7 .\CortexM3\ARM_GCC_493\Debug\steer.o
 .debug_info    0x000004d9      0x293 .\CortexM3\ARM_GCC_493\Debug\strafe.o
 .debug_info    0x0000076c      0x1a1 .\CortexM3\ARM_GCC_493\Debug\init_step.o
 .debug_info    0x0000090d      0x5a3 .\CortexM3\ARM_GCC_493\Debug\functions.o
 .debug_info    0x00000eb0      0x1b6 .\CortexM3\ARM_GCC_493\Debug\PS2_interrupt.o
 .debug_info    0x00001066      0x1ba .\CortexM3\ARM_GCC_493\Debug\stabil.o
 .debug_info    0x00001220      0x13f .\CortexM3\ARM_GCC_493\Debug\cymetadata.o
 .debug_info    0x0000135f      0x3b3 .\CortexM3\ARM_GCC_493\Debug\Cm3Start.o
 .debug_info    0x00001712      0x60d .\CortexM3\ARM_GCC_493\Debug\version_01.a(cyfitter_cfg.o)
 .debug_info    0x00001d1f     0x1385 .\CortexM3\ARM_GCC_493\Debug\version_01.a(CyLib.o)
 .debug_info    0x000030a4      0xa57 .\CortexM3\ARM_GCC_493\Debug\version_01.a(cyPm.o)
 .debug_info    0x00003afb      0x3c8 .\CortexM3\ARM_GCC_493\Debug\version_01.a(I2CS.o)
 .debug_info    0x00003ec3      0x141 .\CortexM3\ARM_GCC_493\Debug\version_01.a(I2CS_INT.o)
 .debug_info    0x00004004      0x1ed .\CortexM3\ARM_GCC_493\Debug\version_01.a(I2CS_PM.o)
 .debug_info    0x000041f1      0x32e .\CortexM3\ARM_GCC_493\Debug\version_01.a(PWMSF.o)
 .debug_info    0x0000451f      0x11f .\CortexM3\ARM_GCC_493\Debug\version_01.a(Dir_stepF.o)
 .debug_info    0x0000463e      0x32c .\CortexM3\ARM_GCC_493\Debug\version_01.a(PWMF1.o)
 .debug_info    0x0000496a      0x32c .\CortexM3\ARM_GCC_493\Debug\version_01.a(PWMF2.o)
 .debug_info    0x00004c96      0x323 .\CortexM3\ARM_GCC_493\Debug\version_01.a(CounterF.o)
 .debug_info    0x00004fb9      0x11f .\CortexM3\ARM_GCC_493\Debug\version_01.a(Dir_stepB.o)
 .debug_info    0x000050d8      0x323 .\CortexM3\ARM_GCC_493\Debug\version_01.a(CounterB.o)
 .debug_info    0x000053fb      0x32c .\CortexM3\ARM_GCC_493\Debug\version_01.a(PWMB2.o)
 .debug_info    0x00005727      0x32c .\CortexM3\ARM_GCC_493\Debug\version_01.a(PWMB1.o)
 .debug_info    0x00005a53      0x32f .\CortexM3\ARM_GCC_493\Debug\version_01.a(PWMSB.o)
 .debug_info    0x00005d82      0x11f .\CortexM3\ARM_GCC_493\Debug\version_01.a(MicroF.o)
 .debug_info    0x00005ea1      0x11f .\CortexM3\ARM_GCC_493\Debug\version_01.a(MicroB.o)
 .debug_info    0x00005fc0      0x11f .\CortexM3\ARM_GCC_493\Debug\version_01.a(PS2_Data.o)
 .debug_info    0x000060df      0x174 .\CortexM3\ARM_GCC_493\Debug\version_01.a(PS2_Clock.o)
 .debug_info    0x00006253      0x2cb .\CortexM3\ARM_GCC_493\Debug\version_01.a(isr_PS2_clock.o)
 .debug_info    0x0000651e       0x9f .\CortexM3\ARM_GCC_493\Debug\version_01.a(CyBootAsmGnu.o)
 .debug_info    0x000065bd      0x608 .\CortexM3\ARM_GCC_493\Debug\version_01.a(CyFlash.o)
 .debug_info    0x00006bc5      0x4ea .\CortexM3\ARM_GCC_493\Debug\version_01.a(CySpc.o)

.debug_abbrev   0x00000000     0x2782
 *(.debug_abbrev)
 .debug_abbrev  0x00000000      0x13f .\CortexM3\ARM_GCC_493\Debug\main.o
 .debug_abbrev  0x0000013f      0x135 .\CortexM3\ARM_GCC_493\Debug\steer.o
 .debug_abbrev  0x00000274      0x126 .\CortexM3\ARM_GCC_493\Debug\strafe.o
 .debug_abbrev  0x0000039a       0xd6 .\CortexM3\ARM_GCC_493\Debug\init_step.o
 .debug_abbrev  0x00000470      0x1cf .\CortexM3\ARM_GCC_493\Debug\functions.o
 .debug_abbrev  0x0000063f      0x107 .\CortexM3\ARM_GCC_493\Debug\PS2_interrupt.o
 .debug_abbrev  0x00000746       0xf8 .\CortexM3\ARM_GCC_493\Debug\stabil.o
 .debug_abbrev  0x0000083e       0x77 .\CortexM3\ARM_GCC_493\Debug\cymetadata.o
 .debug_abbrev  0x000008b5      0x1f7 .\CortexM3\ARM_GCC_493\Debug\Cm3Start.o
 .debug_abbrev  0x00000aac      0x212 .\CortexM3\ARM_GCC_493\Debug\version_01.a(cyfitter_cfg.o)
 .debug_abbrev  0x00000cbe      0x296 .\CortexM3\ARM_GCC_493\Debug\version_01.a(CyLib.o)
 .debug_abbrev  0x00000f54      0x1ed .\CortexM3\ARM_GCC_493\Debug\version_01.a(cyPm.o)
 .debug_abbrev  0x00001141      0x1d0 .\CortexM3\ARM_GCC_493\Debug\version_01.a(I2CS.o)
 .debug_abbrev  0x00001311       0x81 .\CortexM3\ARM_GCC_493\Debug\version_01.a(I2CS_INT.o)
 .debug_abbrev  0x00001392      0x12b .\CortexM3\ARM_GCC_493\Debug\version_01.a(I2CS_PM.o)
 .debug_abbrev  0x000014bd      0x14d .\CortexM3\ARM_GCC_493\Debug\version_01.a(PWMSF.o)
 .debug_abbrev  0x0000160a       0x90 .\CortexM3\ARM_GCC_493\Debug\version_01.a(Dir_stepF.o)
 .debug_abbrev  0x0000169a      0x14d .\CortexM3\ARM_GCC_493\Debug\version_01.a(PWMF1.o)
 .debug_abbrev  0x000017e7      0x14d .\CortexM3\ARM_GCC_493\Debug\version_01.a(PWMF2.o)
 .debug_abbrev  0x00001934      0x131 .\CortexM3\ARM_GCC_493\Debug\version_01.a(CounterF.o)
 .debug_abbrev  0x00001a65       0x90 .\CortexM3\ARM_GCC_493\Debug\version_01.a(Dir_stepB.o)
 .debug_abbrev  0x00001af5      0x131 .\CortexM3\ARM_GCC_493\Debug\version_01.a(CounterB.o)
 .debug_abbrev  0x00001c26      0x14d .\CortexM3\ARM_GCC_493\Debug\version_01.a(PWMB2.o)
 .debug_abbrev  0x00001d73      0x14d .\CortexM3\ARM_GCC_493\Debug\version_01.a(PWMB1.o)
 .debug_abbrev  0x00001ec0      0x14d .\CortexM3\ARM_GCC_493\Debug\version_01.a(PWMSB.o)
 .debug_abbrev  0x0000200d       0x90 .\CortexM3\ARM_GCC_493\Debug\version_01.a(MicroF.o)
 .debug_abbrev  0x0000209d       0x90 .\CortexM3\ARM_GCC_493\Debug\version_01.a(MicroB.o)
 .debug_abbrev  0x0000212d       0x90 .\CortexM3\ARM_GCC_493\Debug\version_01.a(PS2_Data.o)
 .debug_abbrev  0x000021bd       0x90 .\CortexM3\ARM_GCC_493\Debug\version_01.a(PS2_Clock.o)
 .debug_abbrev  0x0000224d      0x173 .\CortexM3\ARM_GCC_493\Debug\version_01.a(isr_PS2_clock.o)
 .debug_abbrev  0x000023c0       0x14 .\CortexM3\ARM_GCC_493\Debug\version_01.a(CyBootAsmGnu.o)
 .debug_abbrev  0x000023d4      0x1ed .\CortexM3\ARM_GCC_493\Debug\version_01.a(CyFlash.o)
 .debug_abbrev  0x000025c1      0x1c1 .\CortexM3\ARM_GCC_493\Debug\version_01.a(CySpc.o)

.debug_line     0x00000000     0x3609
 *(.debug_line)
 .debug_line    0x00000000      0x1f0 .\CortexM3\ARM_GCC_493\Debug\main.o
 .debug_line    0x000001f0      0x1b4 .\CortexM3\ARM_GCC_493\Debug\steer.o
 .debug_line    0x000003a4      0x206 .\CortexM3\ARM_GCC_493\Debug\strafe.o
 .debug_line    0x000005aa      0x1dd .\CortexM3\ARM_GCC_493\Debug\init_step.o
 .debug_line    0x00000787      0x2f7 .\CortexM3\ARM_GCC_493\Debug\functions.o
 .debug_line    0x00000a7e      0x18f .\CortexM3\ARM_GCC_493\Debug\PS2_interrupt.o
 .debug_line    0x00000c0d      0x1bc .\CortexM3\ARM_GCC_493\Debug\stabil.o
 .debug_line    0x00000dc9       0x51 .\CortexM3\ARM_GCC_493\Debug\cymetadata.o
 .debug_line    0x00000e1a      0x24f .\CortexM3\ARM_GCC_493\Debug\Cm3Start.o
 .debug_line    0x00001069      0x205 .\CortexM3\ARM_GCC_493\Debug\version_01.a(cyfitter_cfg.o)
 .debug_line    0x0000126e      0x816 .\CortexM3\ARM_GCC_493\Debug\version_01.a(CyLib.o)
 .debug_line    0x00001a84      0x364 .\CortexM3\ARM_GCC_493\Debug\version_01.a(cyPm.o)
 .debug_line    0x00001de8      0x12a .\CortexM3\ARM_GCC_493\Debug\version_01.a(I2CS.o)
 .debug_line    0x00001f12       0xaa .\CortexM3\ARM_GCC_493\Debug\version_01.a(I2CS_INT.o)
 .debug_line    0x00001fbc       0xb8 .\CortexM3\ARM_GCC_493\Debug\version_01.a(I2CS_PM.o)
 .debug_line    0x00002074      0x185 .\CortexM3\ARM_GCC_493\Debug\version_01.a(PWMSF.o)
 .debug_line    0x000021f9       0x96 .\CortexM3\ARM_GCC_493\Debug\version_01.a(Dir_stepF.o)
 .debug_line    0x0000228f      0x185 .\CortexM3\ARM_GCC_493\Debug\version_01.a(PWMF1.o)
 .debug_line    0x00002414      0x185 .\CortexM3\ARM_GCC_493\Debug\version_01.a(PWMF2.o)
 .debug_line    0x00002599      0x188 .\CortexM3\ARM_GCC_493\Debug\version_01.a(CounterF.o)
 .debug_line    0x00002721       0x96 .\CortexM3\ARM_GCC_493\Debug\version_01.a(Dir_stepB.o)
 .debug_line    0x000027b7      0x188 .\CortexM3\ARM_GCC_493\Debug\version_01.a(CounterB.o)
 .debug_line    0x0000293f      0x185 .\CortexM3\ARM_GCC_493\Debug\version_01.a(PWMB2.o)
 .debug_line    0x00002ac4      0x185 .\CortexM3\ARM_GCC_493\Debug\version_01.a(PWMB1.o)
 .debug_line    0x00002c49      0x185 .\CortexM3\ARM_GCC_493\Debug\version_01.a(PWMSB.o)
 .debug_line    0x00002dce       0x93 .\CortexM3\ARM_GCC_493\Debug\version_01.a(MicroF.o)
 .debug_line    0x00002e61       0x93 .\CortexM3\ARM_GCC_493\Debug\version_01.a(MicroB.o)
 .debug_line    0x00002ef4       0x95 .\CortexM3\ARM_GCC_493\Debug\version_01.a(PS2_Data.o)
 .debug_line    0x00002f89       0xba .\CortexM3\ARM_GCC_493\Debug\version_01.a(PS2_Clock.o)
 .debug_line    0x00003043      0x13a .\CortexM3\ARM_GCC_493\Debug\version_01.a(isr_PS2_clock.o)
 .debug_line    0x0000317d       0x66 .\CortexM3\ARM_GCC_493\Debug\version_01.a(CyBootAsmGnu.o)
 .debug_line    0x000031e3      0x1ea .\CortexM3\ARM_GCC_493\Debug\version_01.a(CyFlash.o)
 .debug_line    0x000033cd      0x23c .\CortexM3\ARM_GCC_493\Debug\version_01.a(CySpc.o)

.debug_frame    0x00000000     0x2290
 *(.debug_frame)
 .debug_frame   0x00000000       0x2c .\CortexM3\ARM_GCC_493\Debug\main.o
 .debug_frame   0x0000002c       0x30 .\CortexM3\ARM_GCC_493\Debug\steer.o
 .debug_frame   0x0000005c       0x30 .\CortexM3\ARM_GCC_493\Debug\strafe.o
 .debug_frame   0x0000008c       0x2c .\CortexM3\ARM_GCC_493\Debug\init_step.o
 .debug_frame   0x000000b8       0x94 .\CortexM3\ARM_GCC_493\Debug\functions.o
 .debug_frame   0x0000014c       0x2c .\CortexM3\ARM_GCC_493\Debug\PS2_interrupt.o
 .debug_frame   0x00000178       0x30 .\CortexM3\ARM_GCC_493\Debug\stabil.o
 .debug_frame   0x000001a8       0xb8 .\CortexM3\ARM_GCC_493\Debug\Cm3Start.o
 .debug_frame   0x00000260       0xe4 .\CortexM3\ARM_GCC_493\Debug\version_01.a(cyfitter_cfg.o)
 .debug_frame   0x00000344      0x738 .\CortexM3\ARM_GCC_493\Debug\version_01.a(CyLib.o)
 .debug_frame   0x00000a7c      0x1f8 .\CortexM3\ARM_GCC_493\Debug\version_01.a(cyPm.o)
 .debug_frame   0x00000c74       0xdc .\CortexM3\ARM_GCC_493\Debug\version_01.a(I2CS.o)
 .debug_frame   0x00000d50       0x20 .\CortexM3\ARM_GCC_493\Debug\version_01.a(I2CS_INT.o)
 .debug_frame   0x00000d70       0x74 .\CortexM3\ARM_GCC_493\Debug\version_01.a(I2CS_PM.o)
 .debug_frame   0x00000de4      0x134 .\CortexM3\ARM_GCC_493\Debug\version_01.a(PWMSF.o)
 .debug_frame   0x00000f18       0x50 .\CortexM3\ARM_GCC_493\Debug\version_01.a(Dir_stepF.o)
 .debug_frame   0x00000f68      0x134 .\CortexM3\ARM_GCC_493\Debug\version_01.a(PWMF1.o)
 .debug_frame   0x0000109c      0x134 .\CortexM3\ARM_GCC_493\Debug\version_01.a(PWMF2.o)
 .debug_frame   0x000011d0      0x134 .\CortexM3\ARM_GCC_493\Debug\version_01.a(CounterF.o)
 .debug_frame   0x00001304       0x50 .\CortexM3\ARM_GCC_493\Debug\version_01.a(Dir_stepB.o)
 .debug_frame   0x00001354      0x134 .\CortexM3\ARM_GCC_493\Debug\version_01.a(CounterB.o)
 .debug_frame   0x00001488      0x134 .\CortexM3\ARM_GCC_493\Debug\version_01.a(PWMB2.o)
 .debug_frame   0x000015bc      0x134 .\CortexM3\ARM_GCC_493\Debug\version_01.a(PWMB1.o)
 .debug_frame   0x000016f0      0x134 .\CortexM3\ARM_GCC_493\Debug\version_01.a(PWMSB.o)
 .debug_frame   0x00001824       0x50 .\CortexM3\ARM_GCC_493\Debug\version_01.a(MicroF.o)
 .debug_frame   0x00001874       0x50 .\CortexM3\ARM_GCC_493\Debug\version_01.a(MicroB.o)
 .debug_frame   0x000018c4       0x50 .\CortexM3\ARM_GCC_493\Debug\version_01.a(PS2_Data.o)
 .debug_frame   0x00001914       0x70 .\CortexM3\ARM_GCC_493\Debug\version_01.a(PS2_Clock.o)
 .debug_frame   0x00001984      0x104 .\CortexM3\ARM_GCC_493\Debug\version_01.a(isr_PS2_clock.o)
 .debug_frame   0x00001a88      0x174 .\CortexM3\ARM_GCC_493\Debug\version_01.a(CyFlash.o)
 .debug_frame   0x00001bfc      0x160 .\CortexM3\ARM_GCC_493\Debug\version_01.a(CySpc.o)
 .debug_frame   0x00001d5c       0x40 c:/program files (x86)/cypress/psoc creator/4.0/psoc creator/import/gnu/arm/4.9.3/bin/../lib/gcc/arm-none-eabi/4.9.3/../../../../arm-none-eabi/lib/armv7-m\libm.a(lib_a-w_asin.o)
 .debug_frame   0x00001d9c       0x44 c:/program files (x86)/cypress/psoc creator/4.0/psoc creator/import/gnu/arm/4.9.3/bin/../lib/gcc/arm-none-eabi/4.9.3/../../../../arm-none-eabi/lib/armv7-m\libm.a(lib_a-w_sqrt.o)
 .debug_frame   0x00001de0       0x50 c:/program files (x86)/cypress/psoc creator/4.0/psoc creator/import/gnu/arm/4.9.3/bin/../lib/gcc/arm-none-eabi/4.9.3/../../../../arm-none-eabi/lib/armv7-m\libm.a(lib_a-e_asin.o)
 .debug_frame   0x00001e30       0x30 c:/program files (x86)/cypress/psoc creator/4.0/psoc creator/import/gnu/arm/4.9.3/bin/../lib/gcc/arm-none-eabi/4.9.3/../../../../arm-none-eabi/lib/armv7-m\libm.a(lib_a-e_sqrt.o)
 .debug_frame   0x00001e60       0x20 c:/program files (x86)/cypress/psoc creator/4.0/psoc creator/import/gnu/arm/4.9.3/bin/../lib/gcc/arm-none-eabi/4.9.3/../../../../arm-none-eabi/lib/armv7-m\libm.a(lib_a-s_fabs.o)
 .debug_frame   0x00001e80       0x34 c:/program files (x86)/cypress/psoc creator/4.0/psoc creator/import/gnu/arm/4.9.3/bin/../lib/gcc/arm-none-eabi/4.9.3/../../../../arm-none-eabi/lib/armv7-m\libm.a(lib_a-s_fpclassify.o)
 .debug_frame   0x00001eb4       0x20 c:/program files (x86)/cypress/psoc creator/4.0/psoc creator/import/gnu/arm/4.9.3/bin/../lib/gcc/arm-none-eabi/4.9.3/../../../../arm-none-eabi/lib/armv7-m\libm.a(lib_a-s_matherr.o)
 .debug_frame   0x00001ed4       0x20 c:/program files (x86)/cypress/psoc creator/4.0/psoc creator/import/gnu/arm/4.9.3/bin/../lib/gcc/arm-none-eabi/4.9.3/../../../../arm-none-eabi/lib/armv7-m\libm.a(lib_a-s_nan.o)
 .debug_frame   0x00001ef4       0x20 c:/program files (x86)/cypress/psoc creator/4.0/psoc creator/import/gnu/arm/4.9.3/bin/../lib/gcc/arm-none-eabi/4.9.3/../../../../arm-none-eabi/lib/armv7-m\libg_nano.a(lib_a-errno.o)
 .debug_frame   0x00001f14       0x28 c:/program files (x86)/cypress/psoc creator/4.0/psoc creator/import/gnu/arm/4.9.3/bin/../lib/gcc/arm-none-eabi/4.9.3/../../../../arm-none-eabi/lib/armv7-m\libg_nano.a(lib_a-exit.o)
 .debug_frame   0x00001f3c       0x2c c:/program files (x86)/cypress/psoc creator/4.0/psoc creator/import/gnu/arm/4.9.3/bin/../lib/gcc/arm-none-eabi/4.9.3/../../../../arm-none-eabi/lib/armv7-m\libg_nano.a(lib_a-init.o)
 .debug_frame   0x00001f68       0x28 c:/program files (x86)/cypress/psoc creator/4.0/psoc creator/import/gnu/arm/4.9.3/bin/../lib/gcc/arm-none-eabi/4.9.3/../../../../arm-none-eabi/lib/armv7-m\libg_nano.a(lib_a-memcpy.o)
 .debug_frame   0x00001f90       0x20 c:/program files (x86)/cypress/psoc creator/4.0/psoc creator/import/gnu/arm/4.9.3/bin/../lib/gcc/arm-none-eabi/4.9.3/../../../../arm-none-eabi/lib/armv7-m\libg_nano.a(lib_a-memset.o)
 .debug_frame   0x00001fb0       0x70 c:/program files (x86)/cypress/psoc creator/4.0/psoc creator/import/gnu/arm/4.9.3/bin/../lib/gcc/arm-none-eabi/4.9.3/../../../../arm-none-eabi/lib/armv7-m\libg_nano.a(lib_a-sprintf.o)
 .debug_frame   0x00002020       0x8c c:/program files (x86)/cypress/psoc creator/4.0/psoc creator/import/gnu/arm/4.9.3/bin/../lib/gcc/arm-none-eabi/4.9.3/../../../../arm-none-eabi/lib/armv7-m\libg_nano.a(lib_a-nano-svfprintf.o)
 .debug_frame   0x000020ac       0x58 c:/program files (x86)/cypress/psoc creator/4.0/psoc creator/import/gnu/arm/4.9.3/bin/../lib/gcc/arm-none-eabi/4.9.3/../../../../arm-none-eabi/lib/armv7-m\libg_nano.a(lib_a-nano-vfprintf_i.o)
 .debug_frame   0x00002104       0x28 c:/program files (x86)/cypress/psoc creator/4.0/psoc creator/import/gnu/arm/4.9.3/bin/../lib/gcc/arm-none-eabi/4.9.3/../../../../arm-none-eabi/lib/armv7-m\libg_nano.a(lib_a-memchr.o)
 .debug_frame   0x0000212c       0x28 c:/program files (x86)/cypress/psoc creator/4.0/psoc creator/import/gnu/arm/4.9.3/bin/../lib/gcc/arm-none-eabi/4.9.3/../../../../arm-none-eabi/lib/armv7-m\libg_nano.a(lib_a-memmove.o)
 .debug_frame   0x00002154       0x2c c:/program files (x86)/cypress/psoc creator/4.0/psoc creator/import/gnu/arm/4.9.3/bin/../lib/gcc/arm-none-eabi/4.9.3/../../../../arm-none-eabi/lib/armv7-m\libg_nano.a(lib_a-nano-freer.o)
 .debug_frame   0x00002180       0x2c c:/program files (x86)/cypress/psoc creator/4.0/psoc creator/import/gnu/arm/4.9.3/bin/../lib/gcc/arm-none-eabi/4.9.3/../../../../arm-none-eabi/lib/armv7-m\libg_nano.a(lib_a-nano-mallocr.o)
 .debug_frame   0x000021ac       0x3c c:/program files (x86)/cypress/psoc creator/4.0/psoc creator/import/gnu/arm/4.9.3/bin/../lib/gcc/arm-none-eabi/4.9.3/../../../../arm-none-eabi/lib/armv7-m\libg_nano.a(lib_a-nano-reallocr.o)
 .debug_frame   0x000021e8       0x2c c:/program files (x86)/cypress/psoc creator/4.0/psoc creator/import/gnu/arm/4.9.3/bin/../lib/gcc/arm-none-eabi/4.9.3/../../../../arm-none-eabi/lib/armv7-m\libg_nano.a(lib_a-sbrkr.o)
 .debug_frame   0x00002214       0x20 c:/program files (x86)/cypress/psoc creator/4.0/psoc creator/import/gnu/arm/4.9.3/bin/../lib/gcc/arm-none-eabi/4.9.3/../../../../arm-none-eabi/lib/armv7-m\libg_nano.a(lib_a-nano-msizer.o)
 .debug_frame   0x00002234       0x5c c:/program files (x86)/cypress/psoc creator/4.0/psoc creator/import/gnu/arm/4.9.3/bin/../lib/gcc/arm-none-eabi/4.9.3/../../../../arm-none-eabi/lib/armv7-m\libg_nano.a(lib_a-reent.o)

.debug_str      0x00000000     0x2640
 *(.debug_str)
 .debug_str     0x00000000      0x275 .\CortexM3\ARM_GCC_493\Debug\main.o
                                0x2cf (size before relaxing)
 .debug_str     0x00000275       0x70 .\CortexM3\ARM_GCC_493\Debug\steer.o
                                0x226 (size before relaxing)
 .debug_str     0x000002e5       0x63 .\CortexM3\ARM_GCC_493\Debug\strafe.o
                                0x273 (size before relaxing)
 .debug_str     0x00000348       0x2e .\CortexM3\ARM_GCC_493\Debug\init_step.o
                                0x23d (size before relaxing)
 .debug_str     0x00000376      0x104 .\CortexM3\ARM_GCC_493\Debug\functions.o
                                0x32b (size before relaxing)
 .debug_str     0x0000047a       0x1e .\CortexM3\ARM_GCC_493\Debug\PS2_interrupt.o
                                0x250 (size before relaxing)
 .debug_str     0x00000498        0x9 .\CortexM3\ARM_GCC_493\Debug\stabil.o
                                0x215 (size before relaxing)
 .debug_str     0x000004a1       0x75 .\CortexM3\ARM_GCC_493\Debug\cymetadata.o
                                0x1f9 (size before relaxing)
 .debug_str     0x00000516      0x156 .\CortexM3\ARM_GCC_493\Debug\Cm3Start.o
                                0x30d (size before relaxing)
 .debug_str     0x0000066c      0x183 .\CortexM3\ARM_GCC_493\Debug\version_01.a(cyfitter_cfg.o)
                                0x347 (size before relaxing)
 .debug_str     0x000007ef      0x833 .\CortexM3\ARM_GCC_493\Debug\version_01.a(CyLib.o)
                                0xa4a (size before relaxing)
 .debug_str     0x00001022      0x359 .\CortexM3\ARM_GCC_493\Debug\version_01.a(cyPm.o)
                                0x72a (size before relaxing)
 .debug_str     0x0000137b      0x155 .\CortexM3\ARM_GCC_493\Debug\version_01.a(I2CS.o)
                                0x390 (size before relaxing)
 .debug_str     0x000014d0       0x37 .\CortexM3\ARM_GCC_493\Debug\version_01.a(I2CS_INT.o)
                                0x232 (size before relaxing)
 .debug_str     0x00001507       0x5b .\CortexM3\ARM_GCC_493\Debug\version_01.a(I2CS_PM.o)
                                0x27e (size before relaxing)
 .debug_str     0x00001562      0x192 .\CortexM3\ARM_GCC_493\Debug\version_01.a(PWMSF.o)
                                0x354 (size before relaxing)
 .debug_str     0x000016f4       0x6a .\CortexM3\ARM_GCC_493\Debug\version_01.a(Dir_stepF.o)
                                0x205 (size before relaxing)
 .debug_str     0x0000175e      0x14e .\CortexM3\ARM_GCC_493\Debug\version_01.a(PWMF1.o)
                                0x354 (size before relaxing)
 .debug_str     0x000018ac      0x14e .\CortexM3\ARM_GCC_493\Debug\version_01.a(PWMF2.o)
                                0x354 (size before relaxing)
 .debug_str     0x000019fa      0x189 .\CortexM3\ARM_GCC_493\Debug\version_01.a(CounterF.o)
                                0x387 (size before relaxing)
 .debug_str     0x00001b83       0x5f .\CortexM3\ARM_GCC_493\Debug\version_01.a(Dir_stepB.o)
                                0x205 (size before relaxing)
 .debug_str     0x00001be2      0x17a .\CortexM3\ARM_GCC_493\Debug\version_01.a(CounterB.o)
                                0x387 (size before relaxing)
 .debug_str     0x00001d5c      0x14e .\CortexM3\ARM_GCC_493\Debug\version_01.a(PWMB2.o)
                                0x354 (size before relaxing)
 .debug_str     0x00001eaa      0x14e .\CortexM3\ARM_GCC_493\Debug\version_01.a(PWMB1.o)
                                0x354 (size before relaxing)
 .debug_str     0x00001ff8      0x159 .\CortexM3\ARM_GCC_493\Debug\version_01.a(PWMSB.o)
                                0x354 (size before relaxing)
 .debug_str     0x00002151       0x54 .\CortexM3\ARM_GCC_493\Debug\version_01.a(MicroF.o)
                                0x1f6 (size before relaxing)
 .debug_str     0x000021a5       0x54 .\CortexM3\ARM_GCC_493\Debug\version_01.a(MicroB.o)
                                0x1f6 (size before relaxing)
 .debug_str     0x000021f9       0x4d .\CortexM3\ARM_GCC_493\Debug\version_01.a(PS2_Data.o)
                                0x200 (size before relaxing)
 .debug_str     0x00002246       0x8d .\CortexM3\ARM_GCC_493\Debug\version_01.a(PS2_Clock.o)
                                0x249 (size before relaxing)
 .debug_str     0x000022d3      0x125 .\CortexM3\ARM_GCC_493\Debug\version_01.a(isr_PS2_clock.o)
                                0x319 (size before relaxing)
 .debug_str     0x000023f8      0x19c .\CortexM3\ARM_GCC_493\Debug\version_01.a(CyFlash.o)
                                0x3a4 (size before relaxing)
 .debug_str     0x00002594       0xac .\CortexM3\ARM_GCC_493\Debug\version_01.a(CySpc.o)
                                0x32d (size before relaxing)

.debug_loc      0x00000000     0x211d
 *(.debug_loc)
 .debug_loc     0x00000000       0x6a .\CortexM3\ARM_GCC_493\Debug\steer.o
 .debug_loc     0x0000006a       0x78 .\CortexM3\ARM_GCC_493\Debug\strafe.o
 .debug_loc     0x000000e2      0x2a2 .\CortexM3\ARM_GCC_493\Debug\functions.o
 .debug_loc     0x00000384       0x90 .\CortexM3\ARM_GCC_493\Debug\stabil.o
 .debug_loc     0x00000414      0x144 .\CortexM3\ARM_GCC_493\Debug\Cm3Start.o
 .debug_loc     0x00000558      0x259 .\CortexM3\ARM_GCC_493\Debug\version_01.a(cyfitter_cfg.o)
 .debug_loc     0x000007b1      0xa11 .\CortexM3\ARM_GCC_493\Debug\version_01.a(CyLib.o)
 .debug_loc     0x000011c2      0x1e4 .\CortexM3\ARM_GCC_493\Debug\version_01.a(cyPm.o)
 .debug_loc     0x000013a6       0x95 .\CortexM3\ARM_GCC_493\Debug\version_01.a(I2CS.o)
 .debug_loc     0x0000143b       0x13 .\CortexM3\ARM_GCC_493\Debug\version_01.a(I2CS_PM.o)
 .debug_loc     0x0000144e       0x26 .\CortexM3\ARM_GCC_493\Debug\version_01.a(PWMSF.o)
 .debug_loc     0x00001474       0x42 .\CortexM3\ARM_GCC_493\Debug\version_01.a(Dir_stepF.o)
 .debug_loc     0x000014b6       0x26 .\CortexM3\ARM_GCC_493\Debug\version_01.a(PWMF1.o)
 .debug_loc     0x000014dc       0x26 .\CortexM3\ARM_GCC_493\Debug\version_01.a(PWMF2.o)
 .debug_loc     0x00001502       0x3d .\CortexM3\ARM_GCC_493\Debug\version_01.a(CounterF.o)
 .debug_loc     0x0000153f       0x42 .\CortexM3\ARM_GCC_493\Debug\version_01.a(Dir_stepB.o)
 .debug_loc     0x00001581       0x3d .\CortexM3\ARM_GCC_493\Debug\version_01.a(CounterB.o)
 .debug_loc     0x000015be       0x26 .\CortexM3\ARM_GCC_493\Debug\version_01.a(PWMB2.o)
 .debug_loc     0x000015e4       0x26 .\CortexM3\ARM_GCC_493\Debug\version_01.a(PWMB1.o)
 .debug_loc     0x0000160a       0x26 .\CortexM3\ARM_GCC_493\Debug\version_01.a(PWMSB.o)
 .debug_loc     0x00001630       0x42 .\CortexM3\ARM_GCC_493\Debug\version_01.a(MicroF.o)
 .debug_loc     0x00001672       0x42 .\CortexM3\ARM_GCC_493\Debug\version_01.a(MicroB.o)
 .debug_loc     0x000016b4       0x42 .\CortexM3\ARM_GCC_493\Debug\version_01.a(PS2_Data.o)
 .debug_loc     0x000016f6       0x84 .\CortexM3\ARM_GCC_493\Debug\version_01.a(PS2_Clock.o)
 .debug_loc     0x0000177a       0x56 .\CortexM3\ARM_GCC_493\Debug\version_01.a(isr_PS2_clock.o)
 .debug_loc     0x000017d0      0x300 .\CortexM3\ARM_GCC_493\Debug\version_01.a(CyFlash.o)
 .debug_loc     0x00001ad0      0x64d .\CortexM3\ARM_GCC_493\Debug\version_01.a(CySpc.o)

.debug_macinfo
 *(.debug_macinfo)

.debug_ranges   0x00000000      0xb28
 *(.debug_ranges)
 .debug_ranges  0x00000000       0x10 .\CortexM3\ARM_GCC_493\Debug\main.o
 .debug_ranges  0x00000010       0x10 .\CortexM3\ARM_GCC_493\Debug\steer.o
 .debug_ranges  0x00000020       0x10 .\CortexM3\ARM_GCC_493\Debug\strafe.o
 .debug_ranges  0x00000030       0x10 .\CortexM3\ARM_GCC_493\Debug\init_step.o
 .debug_ranges  0x00000040       0x28 .\CortexM3\ARM_GCC_493\Debug\functions.o
 .debug_ranges  0x00000068       0x10 .\CortexM3\ARM_GCC_493\Debug\PS2_interrupt.o
 .debug_ranges  0x00000078       0x10 .\CortexM3\ARM_GCC_493\Debug\stabil.o
 .debug_ranges  0x00000088       0x38 .\CortexM3\ARM_GCC_493\Debug\Cm3Start.o
 .debug_ranges  0x000000c0       0x48 .\CortexM3\ARM_GCC_493\Debug\version_01.a(cyfitter_cfg.o)
 .debug_ranges  0x00000108      0x290 .\CortexM3\ARM_GCC_493\Debug\version_01.a(CyLib.o)
 .debug_ranges  0x00000398       0x88 .\CortexM3\ARM_GCC_493\Debug\version_01.a(cyPm.o)
 .debug_ranges  0x00000420       0x48 .\CortexM3\ARM_GCC_493\Debug\version_01.a(I2CS.o)
 .debug_ranges  0x00000468       0x10 .\CortexM3\ARM_GCC_493\Debug\version_01.a(I2CS_INT.o)
 .debug_ranges  0x00000478       0x28 .\CortexM3\ARM_GCC_493\Debug\version_01.a(I2CS_PM.o)
 .debug_ranges  0x000004a0       0x88 .\CortexM3\ARM_GCC_493\Debug\version_01.a(PWMSF.o)
 .debug_ranges  0x00000528       0x28 .\CortexM3\ARM_GCC_493\Debug\version_01.a(Dir_stepF.o)
 .debug_ranges  0x00000550       0x88 .\CortexM3\ARM_GCC_493\Debug\version_01.a(PWMF1.o)
 .debug_ranges  0x000005d8       0x88 .\CortexM3\ARM_GCC_493\Debug\version_01.a(PWMF2.o)
 .debug_ranges  0x00000660       0x88 .\CortexM3\ARM_GCC_493\Debug\version_01.a(CounterF.o)
 .debug_ranges  0x000006e8       0x28 .\CortexM3\ARM_GCC_493\Debug\version_01.a(Dir_stepB.o)
 .debug_ranges  0x00000710       0x88 .\CortexM3\ARM_GCC_493\Debug\version_01.a(CounterB.o)
 .debug_ranges  0x00000798       0x88 .\CortexM3\ARM_GCC_493\Debug\version_01.a(PWMB2.o)
 .debug_ranges  0x00000820       0x88 .\CortexM3\ARM_GCC_493\Debug\version_01.a(PWMB1.o)
 .debug_ranges  0x000008a8       0x88 .\CortexM3\ARM_GCC_493\Debug\version_01.a(PWMSB.o)
 .debug_ranges  0x00000930       0x28 .\CortexM3\ARM_GCC_493\Debug\version_01.a(MicroF.o)
 .debug_ranges  0x00000958       0x28 .\CortexM3\ARM_GCC_493\Debug\version_01.a(MicroB.o)
 .debug_ranges  0x00000980       0x28 .\CortexM3\ARM_GCC_493\Debug\version_01.a(PS2_Data.o)
 .debug_ranges  0x000009a8       0x38 .\CortexM3\ARM_GCC_493\Debug\version_01.a(PS2_Clock.o)
 .debug_ranges  0x000009e0       0x70 .\CortexM3\ARM_GCC_493\Debug\version_01.a(isr_PS2_clock.o)
 .debug_ranges  0x00000a50       0x70 .\CortexM3\ARM_GCC_493\Debug\version_01.a(CyFlash.o)
 .debug_ranges  0x00000ac0       0x68 .\CortexM3\ARM_GCC_493\Debug\version_01.a(CySpc.o)

.comment        0x00000000       0x70
 .comment       0x00000000       0x70 .\CortexM3\ARM_GCC_493\Debug\main.o
                                 0x71 (size before relaxing)
 .comment       0x00000000       0x71 .\CortexM3\ARM_GCC_493\Debug\steer.o
 .comment       0x00000000       0x71 .\CortexM3\ARM_GCC_493\Debug\strafe.o
 .comment       0x00000000       0x71 .\CortexM3\ARM_GCC_493\Debug\init_step.o
 .comment       0x00000000       0x71 .\CortexM3\ARM_GCC_493\Debug\functions.o
 .comment       0x00000000       0x71 .\CortexM3\ARM_GCC_493\Debug\PS2_interrupt.o
 .comment       0x00000000       0x71 .\CortexM3\ARM_GCC_493\Debug\stabil.o
 .comment       0x00000000       0x71 .\CortexM3\ARM_GCC_493\Debug\cymetadata.o
 .comment       0x00000000       0x71 .\CortexM3\ARM_GCC_493\Debug\Cm3Start.o
 .comment       0x00000000       0x71 .\CortexM3\ARM_GCC_493\Debug\version_01.a(cyfitter_cfg.o)
 .comment       0x00000000       0x71 .\CortexM3\ARM_GCC_493\Debug\version_01.a(CyLib.o)
 .comment       0x00000000       0x71 .\CortexM3\ARM_GCC_493\Debug\version_01.a(cyPm.o)
 .comment       0x00000000       0x71 .\CortexM3\ARM_GCC_493\Debug\version_01.a(I2CS.o)
 .comment       0x00000000       0x71 .\CortexM3\ARM_GCC_493\Debug\version_01.a(I2CS_INT.o)
 .comment       0x00000000       0x71 .\CortexM3\ARM_GCC_493\Debug\version_01.a(I2CS_PM.o)
 .comment       0x00000000       0x71 .\CortexM3\ARM_GCC_493\Debug\version_01.a(PWMSF.o)
 .comment       0x00000000       0x71 .\CortexM3\ARM_GCC_493\Debug\version_01.a(Dir_stepF.o)
 .comment       0x00000000       0x71 .\CortexM3\ARM_GCC_493\Debug\version_01.a(PWMF1.o)
 .comment       0x00000000       0x71 .\CortexM3\ARM_GCC_493\Debug\version_01.a(PWMF2.o)
 .comment       0x00000000       0x71 .\CortexM3\ARM_GCC_493\Debug\version_01.a(CounterF.o)
 .comment       0x00000000       0x71 .\CortexM3\ARM_GCC_493\Debug\version_01.a(Dir_stepB.o)
 .comment       0x00000000       0x71 .\CortexM3\ARM_GCC_493\Debug\version_01.a(CounterB.o)
 .comment       0x00000000       0x71 .\CortexM3\ARM_GCC_493\Debug\version_01.a(PWMB2.o)
 .comment       0x00000000       0x71 .\CortexM3\ARM_GCC_493\Debug\version_01.a(PWMB1.o)
 .comment       0x00000000       0x71 .\CortexM3\ARM_GCC_493\Debug\version_01.a(PWMSB.o)
 .comment       0x00000000       0x71 .\CortexM3\ARM_GCC_493\Debug\version_01.a(MicroF.o)
 .comment       0x00000000       0x71 .\CortexM3\ARM_GCC_493\Debug\version_01.a(MicroB.o)
 .comment       0x00000000       0x71 .\CortexM3\ARM_GCC_493\Debug\version_01.a(PS2_Data.o)
 .comment       0x00000000       0x71 .\CortexM3\ARM_GCC_493\Debug\version_01.a(PS2_Clock.o)
 .comment       0x00000000       0x71 .\CortexM3\ARM_GCC_493\Debug\version_01.a(isr_PS2_clock.o)
 .comment       0x00000000       0x71 .\CortexM3\ARM_GCC_493\Debug\version_01.a(CyFlash.o)
 .comment       0x00000000       0x71 .\CortexM3\ARM_GCC_493\Debug\version_01.a(CySpc.o)

.debug_weaknames
 *(.debug_weaknames)

.debug_funcnames
 *(.debug_funcnames)

.debug_typenames
 *(.debug_typenames)

.debug_varnames
 *(.debug_varnames)

.note.gnu.arm.ident
 *(.note.gnu.arm.ident)

.ARM.attributes
                0x00000000       0x29
 *(.ARM.attributes)
 .ARM.attributes
                0x00000000       0x1d c:/program files (x86)/cypress/psoc creator/4.0/psoc creator/import/gnu/arm/4.9.3/bin/../lib/gcc/arm-none-eabi/4.9.3/armv7-m/crti.o
 .ARM.attributes
                0x0000001d       0x2d c:/program files (x86)/cypress/psoc creator/4.0/psoc creator/import/gnu/arm/4.9.3/bin/../lib/gcc/arm-none-eabi/4.9.3/armv7-m/crtbegin.o
 .ARM.attributes
                0x0000004a       0x1b c:/program files (x86)/cypress/psoc creator/4.0/psoc creator/import/gnu/arm/4.9.3/bin/../lib/gcc/arm-none-eabi/4.9.3/../../../../arm-none-eabi/lib/armv7-m/crt0.o
 .ARM.attributes
                0x00000065       0x33 .\CortexM3\ARM_GCC_493\Debug\main.o
 .ARM.attributes
                0x00000098       0x33 .\CortexM3\ARM_GCC_493\Debug\steer.o
 .ARM.attributes
                0x000000cb       0x33 .\CortexM3\ARM_GCC_493\Debug\strafe.o
 .ARM.attributes
                0x000000fe       0x33 .\CortexM3\ARM_GCC_493\Debug\init_step.o
 .ARM.attributes
                0x00000131       0x33 .\CortexM3\ARM_GCC_493\Debug\functions.o
 .ARM.attributes
                0x00000164       0x33 .\CortexM3\ARM_GCC_493\Debug\PS2_interrupt.o
 .ARM.attributes
                0x00000197       0x33 .\CortexM3\ARM_GCC_493\Debug\stabil.o
 .ARM.attributes
                0x000001ca       0x33 .\CortexM3\ARM_GCC_493\Debug\cymetadata.o
 .ARM.attributes
                0x000001fd       0x33 .\CortexM3\ARM_GCC_493\Debug\Cm3Start.o
 .ARM.attributes
                0x00000230       0x33 .\CortexM3\ARM_GCC_493\Debug\version_01.a(cyfitter_cfg.o)
 .ARM.attributes
                0x00000263       0x33 .\CortexM3\ARM_GCC_493\Debug\version_01.a(CyLib.o)
 .ARM.attributes
                0x00000296       0x33 .\CortexM3\ARM_GCC_493\Debug\version_01.a(cyPm.o)
 .ARM.attributes
                0x000002c9       0x33 .\CortexM3\ARM_GCC_493\Debug\version_01.a(I2CS.o)
 .ARM.attributes
                0x000002fc       0x33 .\CortexM3\ARM_GCC_493\Debug\version_01.a(I2CS_INT.o)
 .ARM.attributes
                0x0000032f       0x33 .\CortexM3\ARM_GCC_493\Debug\version_01.a(I2CS_PM.o)
 .ARM.attributes
                0x00000362       0x33 .\CortexM3\ARM_GCC_493\Debug\version_01.a(PWMSF.o)
 .ARM.attributes
                0x00000395       0x33 .\CortexM3\ARM_GCC_493\Debug\version_01.a(Dir_stepF.o)
 .ARM.attributes
                0x000003c8       0x33 .\CortexM3\ARM_GCC_493\Debug\version_01.a(PWMF1.o)
 .ARM.attributes
                0x000003fb       0x33 .\CortexM3\ARM_GCC_493\Debug\version_01.a(PWMF2.o)
 .ARM.attributes
                0x0000042e       0x33 .\CortexM3\ARM_GCC_493\Debug\version_01.a(CounterF.o)
 .ARM.attributes
                0x00000461       0x33 .\CortexM3\ARM_GCC_493\Debug\version_01.a(Dir_stepB.o)
 .ARM.attributes
                0x00000494       0x33 .\CortexM3\ARM_GCC_493\Debug\version_01.a(CounterB.o)
 .ARM.attributes
                0x000004c7       0x33 .\CortexM3\ARM_GCC_493\Debug\version_01.a(PWMB2.o)
 .ARM.attributes
                0x000004fa       0x33 .\CortexM3\ARM_GCC_493\Debug\version_01.a(PWMB1.o)
 .ARM.attributes
                0x0000052d       0x33 .\CortexM3\ARM_GCC_493\Debug\version_01.a(PWMSB.o)
 .ARM.attributes
                0x00000560       0x33 .\CortexM3\ARM_GCC_493\Debug\version_01.a(MicroF.o)
 .ARM.attributes
                0x00000593       0x33 .\CortexM3\ARM_GCC_493\Debug\version_01.a(MicroB.o)
 .ARM.attributes
                0x000005c6       0x33 .\CortexM3\ARM_GCC_493\Debug\version_01.a(PS2_Data.o)
 .ARM.attributes
                0x000005f9       0x33 .\CortexM3\ARM_GCC_493\Debug\version_01.a(PS2_Clock.o)
 .ARM.attributes
                0x0000062c       0x33 .\CortexM3\ARM_GCC_493\Debug\version_01.a(isr_PS2_clock.o)
 .ARM.attributes
                0x0000065f       0x21 .\CortexM3\ARM_GCC_493\Debug\version_01.a(CyBootAsmGnu.o)
 .ARM.attributes
                0x00000680       0x33 .\CortexM3\ARM_GCC_493\Debug\version_01.a(CyFlash.o)
 .ARM.attributes
                0x000006b3       0x33 .\CortexM3\ARM_GCC_493\Debug\version_01.a(CySpc.o)
 .ARM.attributes
                0x000006e6       0x2d c:/program files (x86)/cypress/psoc creator/4.0/psoc creator/import/gnu/arm/4.9.3/bin/../lib/gcc/arm-none-eabi/4.9.3/../../../../arm-none-eabi/lib/armv7-m\libm.a(lib_a-w_asin.o)
 .ARM.attributes
                0x00000713       0x2d c:/program files (x86)/cypress/psoc creator/4.0/psoc creator/import/gnu/arm/4.9.3/bin/../lib/gcc/arm-none-eabi/4.9.3/../../../../arm-none-eabi/lib/armv7-m\libm.a(lib_a-w_sqrt.o)
 .ARM.attributes
                0x00000740       0x2d c:/program files (x86)/cypress/psoc creator/4.0/psoc creator/import/gnu/arm/4.9.3/bin/../lib/gcc/arm-none-eabi/4.9.3/../../../../arm-none-eabi/lib/armv7-m\libm.a(lib_a-e_asin.o)
 .ARM.attributes
                0x0000076d       0x2d c:/program files (x86)/cypress/psoc creator/4.0/psoc creator/import/gnu/arm/4.9.3/bin/../lib/gcc/arm-none-eabi/4.9.3/../../../../arm-none-eabi/lib/armv7-m\libm.a(lib_a-e_sqrt.o)
 .ARM.attributes
                0x0000079a       0x2d c:/program files (x86)/cypress/psoc creator/4.0/psoc creator/import/gnu/arm/4.9.3/bin/../lib/gcc/arm-none-eabi/4.9.3/../../../../arm-none-eabi/lib/armv7-m\libm.a(lib_a-s_fabs.o)
 .ARM.attributes
                0x000007c7       0x2d c:/program files (x86)/cypress/psoc creator/4.0/psoc creator/import/gnu/arm/4.9.3/bin/../lib/gcc/arm-none-eabi/4.9.3/../../../../arm-none-eabi/lib/armv7-m\libm.a(lib_a-s_fpclassify.o)
 .ARM.attributes
                0x000007f4       0x2d c:/program files (x86)/cypress/psoc creator/4.0/psoc creator/import/gnu/arm/4.9.3/bin/../lib/gcc/arm-none-eabi/4.9.3/../../../../arm-none-eabi/lib/armv7-m\libm.a(lib_a-s_lib_ver.o)
 .ARM.attributes
                0x00000821       0x2d c:/program files (x86)/cypress/psoc creator/4.0/psoc creator/import/gnu/arm/4.9.3/bin/../lib/gcc/arm-none-eabi/4.9.3/../../../../arm-none-eabi/lib/armv7-m\libm.a(lib_a-s_matherr.o)
 .ARM.attributes
                0x0000084e       0x2d c:/program files (x86)/cypress/psoc creator/4.0/psoc creator/import/gnu/arm/4.9.3/bin/../lib/gcc/arm-none-eabi/4.9.3/../../../../arm-none-eabi/lib/armv7-m\libm.a(lib_a-s_nan.o)
 .ARM.attributes
                0x0000087b       0x1d c:/program files (x86)/cypress/psoc creator/4.0/psoc creator/import/gnu/arm/4.9.3/bin/../lib/gcc/arm-none-eabi/4.9.3/armv7-m\libgcc.a(_arm_addsubdf3.o)
 .ARM.attributes
                0x00000898       0x1d c:/program files (x86)/cypress/psoc creator/4.0/psoc creator/import/gnu/arm/4.9.3/bin/../lib/gcc/arm-none-eabi/4.9.3/armv7-m\libgcc.a(_arm_muldivdf3.o)
 .ARM.attributes
                0x000008b5       0x1d c:/program files (x86)/cypress/psoc creator/4.0/psoc creator/import/gnu/arm/4.9.3/bin/../lib/gcc/arm-none-eabi/4.9.3/armv7-m\libgcc.a(_arm_cmpdf2.o)
 .ARM.attributes
                0x000008d2       0x1d c:/program files (x86)/cypress/psoc creator/4.0/psoc creator/import/gnu/arm/4.9.3/bin/../lib/gcc/arm-none-eabi/4.9.3/armv7-m\libgcc.a(_arm_fixdfsi.o)
 .ARM.attributes
                0x000008ef       0x1d c:/program files (x86)/cypress/psoc creator/4.0/psoc creator/import/gnu/arm/4.9.3/bin/../lib/gcc/arm-none-eabi/4.9.3/armv7-m\libgcc.a(_arm_fixunsdfsi.o)
 .ARM.attributes
                0x0000090c       0x1d c:/program files (x86)/cypress/psoc creator/4.0/psoc creator/import/gnu/arm/4.9.3/bin/../lib/gcc/arm-none-eabi/4.9.3/armv7-m\libgcc.a(_arm_addsubsf3.o)
 .ARM.attributes
                0x00000929       0x1d c:/program files (x86)/cypress/psoc creator/4.0/psoc creator/import/gnu/arm/4.9.3/bin/../lib/gcc/arm-none-eabi/4.9.3/armv7-m\libgcc.a(_arm_muldivsf3.o)
 .ARM.attributes
                0x00000946       0x2d c:/program files (x86)/cypress/psoc creator/4.0/psoc creator/import/gnu/arm/4.9.3/bin/../lib/gcc/arm-none-eabi/4.9.3/../../../../arm-none-eabi/lib/armv7-m\libg_nano.a(lib_a-errno.o)
 .ARM.attributes
                0x00000973       0x2d c:/program files (x86)/cypress/psoc creator/4.0/psoc creator/import/gnu/arm/4.9.3/bin/../lib/gcc/arm-none-eabi/4.9.3/../../../../arm-none-eabi/lib/armv7-m\libg_nano.a(lib_a-exit.o)
 .ARM.attributes
                0x000009a0       0x2d c:/program files (x86)/cypress/psoc creator/4.0/psoc creator/import/gnu/arm/4.9.3/bin/../lib/gcc/arm-none-eabi/4.9.3/../../../../arm-none-eabi/lib/armv7-m\libg_nano.a(lib_a-impure.o)
 .ARM.attributes
                0x000009cd       0x2d c:/program files (x86)/cypress/psoc creator/4.0/psoc creator/import/gnu/arm/4.9.3/bin/../lib/gcc/arm-none-eabi/4.9.3/../../../../arm-none-eabi/lib/armv7-m\libg_nano.a(lib_a-init.o)
 .ARM.attributes
                0x000009fa       0x2d c:/program files (x86)/cypress/psoc creator/4.0/psoc creator/import/gnu/arm/4.9.3/bin/../lib/gcc/arm-none-eabi/4.9.3/../../../../arm-none-eabi/lib/armv7-m\libg_nano.a(lib_a-memcpy.o)
 .ARM.attributes
                0x00000a27       0x2d c:/program files (x86)/cypress/psoc creator/4.0/psoc creator/import/gnu/arm/4.9.3/bin/../lib/gcc/arm-none-eabi/4.9.3/../../../../arm-none-eabi/lib/armv7-m\libg_nano.a(lib_a-memset.o)
 .ARM.attributes
                0x00000a54       0x2d c:/program files (x86)/cypress/psoc creator/4.0/psoc creator/import/gnu/arm/4.9.3/bin/../lib/gcc/arm-none-eabi/4.9.3/../../../../arm-none-eabi/lib/armv7-m\libg_nano.a(lib_a-sprintf.o)
 .ARM.attributes
                0x00000a81       0x2d c:/program files (x86)/cypress/psoc creator/4.0/psoc creator/import/gnu/arm/4.9.3/bin/../lib/gcc/arm-none-eabi/4.9.3/../../../../arm-none-eabi/lib/armv7-m\libg_nano.a(lib_a-nano-svfprintf.o)
 .ARM.attributes
                0x00000aae       0x2d c:/program files (x86)/cypress/psoc creator/4.0/psoc creator/import/gnu/arm/4.9.3/bin/../lib/gcc/arm-none-eabi/4.9.3/../../../../arm-none-eabi/lib/armv7-m\libg_nano.a(lib_a-nano-vfprintf_i.o)
 .ARM.attributes
                0x00000adb       0x2d c:/program files (x86)/cypress/psoc creator/4.0/psoc creator/import/gnu/arm/4.9.3/bin/../lib/gcc/arm-none-eabi/4.9.3/../../../../arm-none-eabi/lib/armv7-m\libg_nano.a(lib_a-memchr.o)
 .ARM.attributes
                0x00000b08       0x2d c:/program files (x86)/cypress/psoc creator/4.0/psoc creator/import/gnu/arm/4.9.3/bin/../lib/gcc/arm-none-eabi/4.9.3/../../../../arm-none-eabi/lib/armv7-m\libg_nano.a(lib_a-memmove.o)
 .ARM.attributes
                0x00000b35       0x2d c:/program files (x86)/cypress/psoc creator/4.0/psoc creator/import/gnu/arm/4.9.3/bin/../lib/gcc/arm-none-eabi/4.9.3/../../../../arm-none-eabi/lib/armv7-m\libg_nano.a(lib_a-nano-freer.o)
 .ARM.attributes
                0x00000b62       0x2d c:/program files (x86)/cypress/psoc creator/4.0/psoc creator/import/gnu/arm/4.9.3/bin/../lib/gcc/arm-none-eabi/4.9.3/../../../../arm-none-eabi/lib/armv7-m\libg_nano.a(lib_a-nano-mallocr.o)
 .ARM.attributes
                0x00000b8f       0x2d c:/program files (x86)/cypress/psoc creator/4.0/psoc creator/import/gnu/arm/4.9.3/bin/../lib/gcc/arm-none-eabi/4.9.3/../../../../arm-none-eabi/lib/armv7-m\libg_nano.a(lib_a-nano-reallocr.o)
 .ARM.attributes
                0x00000bbc       0x2d c:/program files (x86)/cypress/psoc creator/4.0/psoc creator/import/gnu/arm/4.9.3/bin/../lib/gcc/arm-none-eabi/4.9.3/../../../../arm-none-eabi/lib/armv7-m\libg_nano.a(lib_a-sbrkr.o)
 .ARM.attributes
                0x00000be9       0x2d c:/program files (x86)/cypress/psoc creator/4.0/psoc creator/import/gnu/arm/4.9.3/bin/../lib/gcc/arm-none-eabi/4.9.3/../../../../arm-none-eabi/lib/armv7-m\libg_nano.a(lib_a-nano-msizer.o)
 .ARM.attributes
                0x00000c16       0x2d c:/program files (x86)/cypress/psoc creator/4.0/psoc creator/import/gnu/arm/4.9.3/bin/../lib/gcc/arm-none-eabi/4.9.3/../../../../arm-none-eabi/lib/armv7-m\libg_nano.a(lib_a-reent.o)
 .ARM.attributes
                0x00000c43       0x2d c:/program files (x86)/cypress/psoc creator/4.0/psoc creator/import/gnu/arm/4.9.3/bin/../lib/gcc/arm-none-eabi/4.9.3/armv7-m/crtend.o
 .ARM.attributes
                0x00000c70       0x1d c:/program files (x86)/cypress/psoc creator/4.0/psoc creator/import/gnu/arm/4.9.3/bin/../lib/gcc/arm-none-eabi/4.9.3/armv7-m/crtn.o

/DISCARD/
 *(.note.GNU-stack)
OUTPUT(.\CortexM3\ARM_GCC_493\Debug\version_01.elf elf32-littlearm)
