Archive member included because of file (symbol)

.\CortexM3\ARM_GCC_493\Debug\version_01.a(cyfitter_cfg.o)
                              .\CortexM3\ARM_GCC_493\Debug\Cm3Start.o (cyfitter_cfg)
.\CortexM3\ARM_GCC_493\Debug\version_01.a(CyLib.o)
                              .\CortexM3\ARM_GCC_493\Debug\Cm3Start.o (CyHalt)
.\CortexM3\ARM_GCC_493\Debug\version_01.a(cyPm.o)
                              .\CortexM3\ARM_GCC_493\Debug\version_01.a(CyLib.o) (CyPmReadStatus)
.\CortexM3\ARM_GCC_493\Debug\version_01.a(I2CS.o)
                              .\CortexM3\ARM_GCC_493\Debug\main.o (I2CS_Start)
.\CortexM3\ARM_GCC_493\Debug\version_01.a(I2CS_INT.o)
                              .\CortexM3\ARM_GCC_493\Debug\version_01.a(I2CS.o) (I2CS_ISR)
.\CortexM3\ARM_GCC_493\Debug\version_01.a(I2CS_PM.o)
                              .\CortexM3\ARM_GCC_493\Debug\version_01.a(I2CS.o) (I2CS_backup)
.\CortexM3\ARM_GCC_493\Debug\version_01.a(PWMSF.o)
                              .\CortexM3\ARM_GCC_493\Debug\run_front.o (PWMSF_WriteCompare)
.\CortexM3\ARM_GCC_493\Debug\version_01.a(SpeedForW.o)
                              .\CortexM3\ARM_GCC_493\Debug\run_front.o (SpeedForW_Write)
.\CortexM3\ARM_GCC_493\Debug\version_01.a(Dir_stepF.o)
                              .\CortexM3\ARM_GCC_493\Debug\run_front.o (Dir_stepF_Write)
.\CortexM3\ARM_GCC_493\Debug\version_01.a(PWMF1.o)
                              .\CortexM3\ARM_GCC_493\Debug\run_front.o (PWMF1_Stop)
.\CortexM3\ARM_GCC_493\Debug\version_01.a(PWMF2.o)
                              .\CortexM3\ARM_GCC_493\Debug\run_front.o (PWMF2_Stop)
.\CortexM3\ARM_GCC_493\Debug\version_01.a(CounterF.o)
                              .\CortexM3\ARM_GCC_493\Debug\run_front.o (CounterF_ReadCounter)
.\CortexM3\ARM_GCC_493\Debug\version_01.a(Dir_stepB.o)
                              .\CortexM3\ARM_GCC_493\Debug\run_back.o (Dir_stepB_Write)
.\CortexM3\ARM_GCC_493\Debug\version_01.a(CounterB.o)
                              .\CortexM3\ARM_GCC_493\Debug\run_back.o (CounterB_ReadCounter)
.\CortexM3\ARM_GCC_493\Debug\version_01.a(PWMB2.o)
                              .\CortexM3\ARM_GCC_493\Debug\run_back.o (PWMB2_Stop)
.\CortexM3\ARM_GCC_493\Debug\version_01.a(PWMB1.o)
                              .\CortexM3\ARM_GCC_493\Debug\run_back.o (PWMB1_Stop)
.\CortexM3\ARM_GCC_493\Debug\version_01.a(PWMSB.o)
                              .\CortexM3\ARM_GCC_493\Debug\run_back.o (PWMSB_WriteCompare)
.\CortexM3\ARM_GCC_493\Debug\version_01.a(SpeedBackW.o)
                              .\CortexM3\ARM_GCC_493\Debug\run_back.o (SpeedBackW_Write)
.\CortexM3\ARM_GCC_493\Debug\version_01.a(MicroF.o)
                              .\CortexM3\ARM_GCC_493\Debug\init_step.o (MicroF_Read)
.\CortexM3\ARM_GCC_493\Debug\version_01.a(MicroB.o)
                              .\CortexM3\ARM_GCC_493\Debug\init_step.o (MicroB_Read)
.\CortexM3\ARM_GCC_493\Debug\version_01.a(CyBootAsmGnu.o)
                              .\CortexM3\ARM_GCC_493\Debug\version_01.a(cyfitter_cfg.o) (CyDelayCycles)
.\CortexM3\ARM_GCC_493\Debug\version_01.a(CyFlash.o)
                              .\CortexM3\ARM_GCC_493\Debug\version_01.a(cyPm.o) (CyFlash_SetWaitCycles)
.\CortexM3\ARM_GCC_493\Debug\version_01.a(CySpc.o)
                              .\CortexM3\ARM_GCC_493\Debug\version_01.a(CyFlash.o) (CySpcStart)
c:/program files (x86)/cypress/psoc creator/4.0/psoc creator/import/gnu/arm/4.9.3/bin/../lib/gcc/arm-none-eabi/4.9.3/../../../../arm-none-eabi/lib/armv7-m\libg_nano.a(lib_a-errno.o)
                              .\CortexM3\ARM_GCC_493\Debug\Cm3Start.o (__errno)
c:/program files (x86)/cypress/psoc creator/4.0/psoc creator/import/gnu/arm/4.9.3/bin/../lib/gcc/arm-none-eabi/4.9.3/../../../../arm-none-eabi/lib/armv7-m\libg_nano.a(lib_a-exit.o)
                              c:/program files (x86)/cypress/psoc creator/4.0/psoc creator/import/gnu/arm/4.9.3/bin/../lib/gcc/arm-none-eabi/4.9.3/../../../../arm-none-eabi/lib/armv7-m/crt0.o (exit)
c:/program files (x86)/cypress/psoc creator/4.0/psoc creator/import/gnu/arm/4.9.3/bin/../lib/gcc/arm-none-eabi/4.9.3/../../../../arm-none-eabi/lib/armv7-m\libg_nano.a(lib_a-impure.o)
                              c:/program files (x86)/cypress/psoc creator/4.0/psoc creator/import/gnu/arm/4.9.3/bin/../lib/gcc/arm-none-eabi/4.9.3/../../../../arm-none-eabi/lib/armv7-m\libg_nano.a(lib_a-exit.o) (_global_impure_ptr)
c:/program files (x86)/cypress/psoc creator/4.0/psoc creator/import/gnu/arm/4.9.3/bin/../lib/gcc/arm-none-eabi/4.9.3/../../../../arm-none-eabi/lib/armv7-m\libg_nano.a(lib_a-init.o)
                              c:/program files (x86)/cypress/psoc creator/4.0/psoc creator/import/gnu/arm/4.9.3/bin/../lib/gcc/arm-none-eabi/4.9.3/../../../../arm-none-eabi/lib/armv7-m/crt0.o (__libc_init_array)
c:/program files (x86)/cypress/psoc creator/4.0/psoc creator/import/gnu/arm/4.9.3/bin/../lib/gcc/arm-none-eabi/4.9.3/../../../../arm-none-eabi/lib/armv7-m\libg_nano.a(lib_a-memcpy.o)
[...]
Memory Configuration

Name             Origin             Length             Attributes
rom              0x00000000         0x00040000         xr
ram              0x1fff8000         0x00010000         xrw
*default*        0x00000000         0xffffffff

Linker script and memory map

LOAD c:/program files (x86)/cypress/psoc creator/4.0/psoc creator/import/gnu/arm/4.9.3/bin/../lib/gcc/arm-none-eabi/4.9.3/armv7-m/crti.o
LOAD c:/program files (x86)/cypress/psoc creator/4.0/psoc creator/import/gnu/arm/4.9.3/bin/../lib/gcc/arm-none-eabi/4.9.3/armv7-m/crtbegin.o
LOAD c:/program files (x86)/cypress/psoc creator/4.0/psoc creator/import/gnu/arm/4.9.3/bin/../lib/gcc/arm-none-eabi/4.9.3/../../../../arm-none-eabi/lib/armv7-m/crt0.o
START GROUP
LOAD .\CortexM3\ARM_GCC_493\Debug\main.o
LOAD .\CortexM3\ARM_GCC_493\Debug\run_front.o
LOAD .\CortexM3\ARM_GCC_493\Debug\run_back.o
LOAD .\CortexM3\ARM_GCC_493\Debug\init_step.o
LOAD .\CortexM3\ARM_GCC_493\Debug\cymetadata.o
LOAD .\CortexM3\ARM_GCC_493\Debug\Cm3Start.o
LOAD .\CortexM3\ARM_GCC_493\Debug\version_01.a
LOAD C:\Program Files (x86)\Cypress\PSoC Creator\4.0\PSoC Creator\psoc\content\cycomponentlibrary\CyComponentLibrary.cylib\CortexM3\ARM_GCC_493\Debug\CyComponentLibrary.a
END GROUP
START GROUP
LOAD c:/program files (x86)/cypress/psoc creator/4.0/psoc creator/import/gnu/arm/4.9.3/bin/../lib/gcc/arm-none-eabi/4.9.3/armv7-m\libgcc.a
LOAD c:/program files (x86)/cypress/psoc creator/4.0/psoc creator/import/gnu/arm/4.9.3/bin/../lib/gcc/arm-none-eabi/4.9.3/../../../../arm-none-eabi/lib/armv7-m\libg_nano.a
LOAD c:/program files (x86)/cypress/psoc creator/4.0/psoc creator/import/gnu/arm/4.9.3/bin/../lib/gcc/arm-none-eabi/4.9.3/../../../../arm-none-eabi/lib/armv7-m\libc_nano.a
END GROUP
START GROUP
LOAD c:/program files (x86)/cypress/psoc creator/4.0/psoc creator/import/gnu/arm/4.9.3/bin/../lib/gcc/arm-none-eabi/4.9.3/armv7-m\libgcc.a
LOAD c:/program files (x86)/cypress/psoc creator/4.0/psoc creator/import/gnu/arm/4.9.3/bin/../lib/gcc/arm-none-eabi/4.9.3/../../../../arm-none-eabi/lib/armv7-m\libc_nano.a
END GROUP
LOAD c:/program files (x86)/cypress/psoc creator/4.0/psoc creator/import/gnu/arm/4.9.3/bin/../lib/gcc/arm-none-eabi/4.9.3/armv7-m/crtend.o
LOAD c:/program files (x86)/cypress/psoc creator/4.0/psoc creator/import/gnu/arm/4.9.3/bin/../lib/gcc/arm-none-eabi/4.9.3/armv7-m/crtn.o
START GROUP
LOAD c:/program files (x86)/cypress/psoc creator/4.0/psoc creator/import/gnu/arm/4.9.3/bin/../lib/gcc/arm-none-eabi/4.9.3/armv7-m\libgcc.a
LOAD c:/program files (x86)/cypress/psoc creator/4.0/psoc creator/import/gnu/arm/4.9.3/bin/../lib/gcc/arm-none-eabi/4.9.3/../../../../arm-none-eabi/lib/armv7-m\libc.a
LOAD c:/program files (x86)/cypress/psoc creator/4.0/psoc creator/import/gnu/arm/4.9.3/bin/../lib/gcc/arm-none-eabi/4.9.3/../../../../arm-none-eabi/lib/armv7-m\libnosys.a
END GROUP
                0x00000000                CY_APPL_ORIGIN = 0x0
                0x00000100                CY_FLASH_ROW_SIZE = 0x100
                0x00000020                CY_ECC_ROW_SIZE = 0x20
                0x00000000                CY_EE_IN_BTLDR = 0x0
                0x00000000                CY_APPL_LOADABLE = 0x0
                0x00000800                CY_EE_SIZE = 0x800
                0x00000001                CY_APPL_NUM = 0x1
                0x00000001                CY_APPL_MAX = 0x1
                0x00000040                CY_METADATA_SIZE = 0x40
                0x00000000                CY_APPL_LOADABLE = 0x0
                0x00000000                CY_CHECKSUM_EXCLUDE_SIZE = ALIGN (0x0, CY_FLASH_ROW_SIZE)
                0x1fff81b8                PROVIDE (__cy_heap_start, _end)
                0x00000001                PROVIDE (__cy_region_num, ((__cy_regions_end - __cy_regions) / 0x10))
                0x20008000                PROVIDE (__cy_stack, (ORIGIN (ram) + 0x10000))
                0x20007800                PROVIDE (__cy_heap_end, (__cy_stack - 0x800))

.cybootloader   0x00000000        0x0
 *(.cybootloader)
                0x00000000                appl1_start = CY_APPL_ORIGIN?CY_APPL_ORIGIN:ALIGN (CY_FLASH_ROW_SIZE)
                0x0001ff00                appl2_start = (appl1_start + ALIGN ((((0x40000 - appl1_start) - (0x2 * CY_FLASH_ROW_SIZE)) / 0x2), CY_FLASH_ROW_SIZE))
                0x00000000                appl_start = (CY_APPL_NUM == 0x1)?appl1_start:appl2_start
                0x00000000                ecc_offset = ((appl_start / CY_FLASH_ROW_SIZE) * CY_ECC_ROW_SIZE)
                0x00000000                ee_offset = (CY_APPL_LOADABLE && ! (CY_EE_IN_BTLDR))?((CY_EE_SIZE / CY_APPL_MAX) * (CY_APPL_NUM - 0x1)):0x0
                0x00000800                ee_size = (CY_APPL_LOADABLE && ! (CY_EE_IN_BTLDR))?(CY_EE_SIZE / CY_APPL_MAX):CY_EE_SIZE
                0x00000000                PROVIDE (CY_ECC_OFFSET, ecc_offset)

.text           0x00000000      0xf76
 CREATE_OBJECT_SYMBOLS
                0x00000000                PROVIDE (__cy_interrupt_vector, RomVectors)
 *(.romvectors)
 .romvectors    0x00000000       0x10 .\CortexM3\ARM_GCC_493\Debug\Cm3Start.o
                0x00000000                RomVectors
                0x00000001                ASSERT ((. != __cy_interrupt_vector), No interrupt vector)
                0x00000001                ASSERT (CY_APPL_ORIGIN?(SIZEOF (.cybootloader) <= CY_APPL_ORIGIN):0x1, Wrong image location)
                0x00000010                PROVIDE (__cy_reset, Reset)
 *(.text.Reset)
 .text.Reset    0x00000010       0x18 .\CortexM3\ARM_GCC_493\Debug\Cm3Start.o
                0x00000010                Reset
                0x00000001                ASSERT ((. != __cy_reset), No reset code)
 *(.dma_init)
                0x00000001                ASSERT ((((appl_start + .) <= 0x10000) || 0x1), DMA Init must be within the first 64k of flash)
 *(.text .text.* .gnu.linkonce.t.*)
 .text          0x00000028       0x5c c:/program files (x86)/cypress/psoc creator/4.0/psoc creator/import/gnu/arm/4.9.3/bin/../lib/gcc/arm-none-eabi/4.9.3/armv7-m/crtbegin.o
 .text.main     0x00000084       0x3c .\CortexM3\ARM_GCC_493\Debug\main.o
                0x00000084                main
 .text.run_front
                0x000000c0       0x90 .\CortexM3\ARM_GCC_493\Debug\run_front.o
                0x000000c0                run_front
 .text.run_back
                0x00000150       0x90 .\CortexM3\ARM_GCC_493\Debug\run_back.o
                0x00000150                run_back
 .text.init_step
                0x000001e0       0x38 .\CortexM3\ARM_GCC_493\Debug\init_step.o
                0x000001e0                init_step
 .text.IntDefaultHandler
                0x00000218       0x10 .\CortexM3\ARM_GCC_493\Debug\Cm3Start.o
                0x00000218                IntDefaultHandler
 .text.Start_c  0x00000228       0x4c .\CortexM3\ARM_GCC_493\Debug\Cm3Start.o
                0x00000228                Start_c
 .text.initialize_psoc
                0x00000274       0x74 .\CortexM3\ARM_GCC_493\Debug\Cm3Start.o
                0x00000274                initialize_psoc
 .text.CyClockStartupError
                0x000002e8        0x4 .\CortexM3\ARM_GCC_493\Debug\version_01.a(cyfitter_cfg.o)
 .text.cfg_write_bytes32
                0x000002ec       0x34 .\CortexM3\ARM_GCC_493\Debug\version_01.a(cyfitter_cfg.o)
 .text.AnalogSetDefault
                0x00000320       0x28 .\CortexM3\ARM_GCC_493\Debug\version_01.a(cyfitter_cfg.o)
 .text.CYMEMZERO
                0x00000348        0xc .\CortexM3\ARM_GCC_493\Debug\version_01.a(cyfitter_cfg.o)
 .text.ClockSetup
                0x00000354       0xf8 .\CortexM3\ARM_GCC_493\Debug\version_01.a(cyfitter_cfg.o)
 .text.CYCONFIGCPY
                0x0000044c        0x8 .\CortexM3\ARM_GCC_493\Debug\version_01.a(cyfitter_cfg.o)
 .text.cyfitter_cfg
                0x00000454      0x144 .\CortexM3\ARM_GCC_493\Debug\version_01.a(cyfitter_cfg.o)
                0x00000454                cyfitter_cfg
 .text.CyHalt   0x00000598        0x4 .\CortexM3\ARM_GCC_493\Debug\version_01.a(CyLib.o)
                0x00000598                CyHalt
 .text.CyIntSetVector
                0x0000059c       0x28 .\CortexM3\ARM_GCC_493\Debug\version_01.a(CyLib.o)
                0x0000059c                CyIntSetVector
 .text.CyIntSetPriority
                0x000005c4       0x30 .\CortexM3\ARM_GCC_493\Debug\version_01.a(CyLib.o)
                0x000005c4                CyIntSetPriority
 .text.I2CS_Init
                0x000005f4       0x70 .\CortexM3\ARM_GCC_493\Debug\version_01.a(I2CS.o)
                0x000005f4                I2CS_Init
 .text.I2CS_Enable
                0x00000664       0x30 .\CortexM3\ARM_GCC_493\Debug\version_01.a(I2CS.o)
                0x00000664                I2CS_Enable
 .text.I2CS_Start
                0x00000694       0x1c .\CortexM3\ARM_GCC_493\Debug\version_01.a(I2CS.o)
                0x00000694                I2CS_Start
 .text.I2CS_SetBuffer1
                0x000006b0       0x50 .\CortexM3\ARM_GCC_493\Debug\version_01.a(I2CS.o)
                0x000006b0                I2CS_SetBuffer1
 .text.I2CS_ISR
                0x00000700      0x1c4 .\CortexM3\ARM_GCC_493\Debug\version_01.a(I2CS_INT.o)
                0x00000700                I2CS_ISR
 .text.PWMSF_WriteCompare
                0x000008c4        0xc .\CortexM3\ARM_GCC_493\Debug\version_01.a(PWMSF.o)
                0x000008c4                PWMSF_WriteCompare
 .text.SpeedForW_Write
                0x000008d0       0x18 .\CortexM3\ARM_GCC_493\Debug\version_01.a(SpeedForW.o)
                0x000008d0                SpeedForW_Write
 .text.Dir_stepF_Write
                0x000008e8       0x18 .\CortexM3\ARM_GCC_493\Debug\version_01.a(Dir_stepF.o)
                0x000008e8                Dir_stepF_Write
 .text.PWMF1_Enable
                0x00000900       0x10 .\CortexM3\ARM_GCC_493\Debug\version_01.a(PWMF1.o)
                0x00000900                PWMF1_Enable
 .text.PWMF1_Stop
                0x00000910       0x10 .\CortexM3\ARM_GCC_493\Debug\version_01.a(PWMF1.o)
                0x00000910                PWMF1_Stop
 .text.PWMF1_WriteCounter
                0x00000920        0xc .\CortexM3\ARM_GCC_493\Debug\version_01.a(PWMF1.o)
                0x00000920                PWMF1_WriteCounter
 .text.PWMF1_WritePeriod
                0x0000092c        0xc .\CortexM3\ARM_GCC_493\Debug\version_01.a(PWMF1.o)
                0x0000092c                PWMF1_WritePeriod
 .text.PWMF1_WriteCompare
                0x00000938        0xc .\CortexM3\ARM_GCC_493\Debug\version_01.a(PWMF1.o)
                0x00000938                PWMF1_WriteCompare
 .text.PWMF1_SetInterruptMode
                0x00000944        0xc .\CortexM3\ARM_GCC_493\Debug\version_01.a(PWMF1.o)
                0x00000944                PWMF1_SetInterruptMode
 .text.PWMF1_ReadStatusRegister
                0x00000950        0xc .\CortexM3\ARM_GCC_493\Debug\version_01.a(PWMF1.o)
                0x00000950                PWMF1_ReadStatusRegister
 .text.PWMF1_ReadCapture
                0x0000095c        0xc .\CortexM3\ARM_GCC_493\Debug\version_01.a(PWMF1.o)
                0x0000095c                PWMF1_ReadCapture
 .text.PWMF1_ClearFIFO
                0x00000968       0x14 .\CortexM3\ARM_GCC_493\Debug\version_01.a(PWMF1.o)
                0x00000968                PWMF1_ClearFIFO
 .text.PWMF1_Init
                0x0000097c       0x50 .\CortexM3\ARM_GCC_493\Debug\version_01.a(PWMF1.o)
                0x0000097c                PWMF1_Init
 .text.PWMF1_Start
                0x000009cc       0x1c .\CortexM3\ARM_GCC_493\Debug\version_01.a(PWMF1.o)
                0x000009cc                PWMF1_Start
 .text.PWMF2_Enable
                0x000009e8       0x10 .\CortexM3\ARM_GCC_493\Debug\version_01.a(PWMF2.o)
                0x000009e8                PWMF2_Enable
 .text.PWMF2_Stop
                0x000009f8       0x10 .\CortexM3\ARM_GCC_493\Debug\version_01.a(PWMF2.o)
                0x000009f8                PWMF2_Stop
 .text.PWMF2_WriteCounter
                0x00000a08        0xc .\CortexM3\ARM_GCC_493\Debug\version_01.a(PWMF2.o)
                0x00000a08                PWMF2_WriteCounter
 .text.PWMF2_WritePeriod
                0x00000a14        0xc .\CortexM3\ARM_GCC_493\Debug\version_01.a(PWMF2.o)
                0x00000a14                PWMF2_WritePeriod
 .text.PWMF2_WriteCompare
                0x00000a20        0xc .\CortexM3\ARM_GCC_493\Debug\version_01.a(PWMF2.o)
                0x00000a20                PWMF2_WriteCompare
 .text.PWMF2_SetInterruptMode
                0x00000a2c        0xc .\CortexM3\ARM_GCC_493\Debug\version_01.a(PWMF2.o)
                0x00000a2c                PWMF2_SetInterruptMode
 .text.PWMF2_ReadStatusRegister
                0x00000a38        0xc .\CortexM3\ARM_GCC_493\Debug\version_01.a(PWMF2.o)
                0x00000a38                PWMF2_ReadStatusRegister
 .text.PWMF2_ReadCapture
                0x00000a44        0xc .\CortexM3\ARM_GCC_493\Debug\version_01.a(PWMF2.o)
                0x00000a44                PWMF2_ReadCapture
 .text.PWMF2_ClearFIFO
                0x00000a50       0x14 .\CortexM3\ARM_GCC_493\Debug\version_01.a(PWMF2.o)
                0x00000a50                PWMF2_ClearFIFO
 .text.PWMF2_Init
                0x00000a64       0x50 .\CortexM3\ARM_GCC_493\Debug\version_01.a(PWMF2.o)
                0x00000a64                PWMF2_Init
 .text.PWMF2_Start
                0x00000ab4       0x1c .\CortexM3\ARM_GCC_493\Debug\version_01.a(PWMF2.o)
                0x00000ab4                PWMF2_Start
 .text.CounterF_Enable
                0x00000ad0       0x10 .\CortexM3\ARM_GCC_493\Debug\version_01.a(CounterF.o)
                0x00000ad0                CounterF_Enable
 .text.CounterF_SetInterruptMode
                0x00000ae0        0xc .\CortexM3\ARM_GCC_493\Debug\version_01.a(CounterF.o)
                0x00000ae0                CounterF_SetInterruptMode
 .text.CounterF_ReadStatusRegister
                0x00000aec        0xc .\CortexM3\ARM_GCC_493\Debug\version_01.a(CounterF.o)
                0x00000aec                CounterF_ReadStatusRegister
 .text.CounterF_WriteCounter
                0x00000af8        0xc .\CortexM3\ARM_GCC_493\Debug\version_01.a(CounterF.o)
                0x00000af8                CounterF_WriteCounter
 .text.CounterF_ReadCounter
                0x00000b04       0x14 .\CortexM3\ARM_GCC_493\Debug\version_01.a(CounterF.o)
                0x00000b04                CounterF_ReadCounter
 .text.CounterF_ReadCapture
                0x00000b18        0xc .\CortexM3\ARM_GCC_493\Debug\version_01.a(CounterF.o)
                0x00000b18                CounterF_ReadCapture
 .text.CounterF_WritePeriod
                0x00000b24        0xc .\CortexM3\ARM_GCC_493\Debug\version_01.a(CounterF.o)
                0x00000b24                CounterF_WritePeriod
 .text.CounterF_WriteCompare
                0x00000b30        0xc .\CortexM3\ARM_GCC_493\Debug\version_01.a(CounterF.o)
                0x00000b30                CounterF_WriteCompare
 .text.CounterF_ClearFIFO
                0x00000b3c       0x14 .\CortexM3\ARM_GCC_493\Debug\version_01.a(CounterF.o)
                0x00000b3c                CounterF_ClearFIFO
 .text.CounterF_Init
                0x00000b50       0x50 .\CortexM3\ARM_GCC_493\Debug\version_01.a(CounterF.o)
                0x00000b50                CounterF_Init
 .text.CounterF_Start
                0x00000ba0       0x1c .\CortexM3\ARM_GCC_493\Debug\version_01.a(CounterF.o)
                0x00000ba0                CounterF_Start
 .text.Dir_stepB_Write
                0x00000bbc       0x18 .\CortexM3\ARM_GCC_493\Debug\version_01.a(Dir_stepB.o)
                0x00000bbc                Dir_stepB_Write
 .text.CounterB_Enable
                0x00000bd4       0x10 .\CortexM3\ARM_GCC_493\Debug\version_01.a(CounterB.o)
                0x00000bd4                CounterB_Enable
 .text.CounterB_SetInterruptMode
                0x00000be4        0xc .\CortexM3\ARM_GCC_493\Debug\version_01.a(CounterB.o)
                0x00000be4                CounterB_SetInterruptMode
 .text.CounterB_ReadStatusRegister
                0x00000bf0        0xc .\CortexM3\ARM_GCC_493\Debug\version_01.a(CounterB.o)
                0x00000bf0                CounterB_ReadStatusRegister
 .text.CounterB_WriteCounter
                0x00000bfc        0xc .\CortexM3\ARM_GCC_493\Debug\version_01.a(CounterB.o)
                0x00000bfc                CounterB_WriteCounter
 .text.CounterB_ReadCounter
                0x00000c08       0x14 .\CortexM3\ARM_GCC_493\Debug\version_01.a(CounterB.o)
                0x00000c08                CounterB_ReadCounter
 .text.CounterB_ReadCapture
                0x00000c1c        0xc .\CortexM3\ARM_GCC_493\Debug\version_01.a(CounterB.o)
                0x00000c1c                CounterB_ReadCapture
 .text.CounterB_WritePeriod
                0x00000c28        0xc .\CortexM3\ARM_GCC_493\Debug\version_01.a(CounterB.o)
                0x00000c28                CounterB_WritePeriod
 .text.CounterB_WriteCompare
                0x00000c34        0xc .\CortexM3\ARM_GCC_493\Debug\version_01.a(CounterB.o)
                0x00000c34                CounterB_WriteCompare
 .text.CounterB_ClearFIFO
                0x00000c40       0x14 .\CortexM3\ARM_GCC_493\Debug\version_01.a(CounterB.o)
                0x00000c40                CounterB_ClearFIFO
 .text.CounterB_Init
                0x00000c54       0x50 .\CortexM3\ARM_GCC_493\Debug\version_01.a(CounterB.o)
                0x00000c54                CounterB_Init
 .text.CounterB_Start
                0x00000ca4       0x1c .\CortexM3\ARM_GCC_493\Debug\version_01.a(CounterB.o)
                0x00000ca4                CounterB_Start
 .text.PWMB2_Enable
                0x00000cc0       0x10 .\CortexM3\ARM_GCC_493\Debug\version_01.a(PWMB2.o)
                0x00000cc0                PWMB2_Enable
 .text.PWMB2_Stop
                0x00000cd0       0x10 .\CortexM3\ARM_GCC_493\Debug\version_01.a(PWMB2.o)
                0x00000cd0                PWMB2_Stop
 .text.PWMB2_WriteCounter
                0x00000ce0        0xc .\CortexM3\ARM_GCC_493\Debug\version_01.a(PWMB2.o)
                0x00000ce0                PWMB2_WriteCounter
 .text.PWMB2_WritePeriod
                0x00000cec        0xc .\CortexM3\ARM_GCC_493\Debug\version_01.a(PWMB2.o)
                0x00000cec                PWMB2_WritePeriod
 .text.PWMB2_WriteCompare
                0x00000cf8        0xc .\CortexM3\ARM_GCC_493\Debug\version_01.a(PWMB2.o)
                0x00000cf8                PWMB2_WriteCompare
 .text.PWMB2_SetInterruptMode
                0x00000d04        0xc .\CortexM3\ARM_GCC_493\Debug\version_01.a(PWMB2.o)
                0x00000d04                PWMB2_SetInterruptMode
 .text.PWMB2_ReadStatusRegister
                0x00000d10        0xc .\CortexM3\ARM_GCC_493\Debug\version_01.a(PWMB2.o)
                0x00000d10                PWMB2_ReadStatusRegister
 .text.PWMB2_ReadCapture
                0x00000d1c        0xc .\CortexM3\ARM_GCC_493\Debug\version_01.a(PWMB2.o)
                0x00000d1c                PWMB2_ReadCapture
 .text.PWMB2_ClearFIFO
                0x00000d28       0x14 .\CortexM3\ARM_GCC_493\Debug\version_01.a(PWMB2.o)
                0x00000d28                PWMB2_ClearFIFO
 .text.PWMB2_Init
                0x00000d3c       0x50 .\CortexM3\ARM_GCC_493\Debug\version_01.a(PWMB2.o)
                0x00000d3c                PWMB2_Init
 .text.PWMB2_Start
                0x00000d8c       0x1c .\CortexM3\ARM_GCC_493\Debug\version_01.a(PWMB2.o)
                0x00000d8c                PWMB2_Start
 .text.PWMB1_Enable
                0x00000da8       0x10 .\CortexM3\ARM_GCC_493\Debug\version_01.a(PWMB1.o)
                0x00000da8                PWMB1_Enable
 .text.PWMB1_Stop
                0x00000db8       0x10 .\CortexM3\ARM_GCC_493\Debug\version_01.a(PWMB1.o)
                0x00000db8                PWMB1_Stop
 .text.PWMB1_WriteCounter
                0x00000dc8        0xc .\CortexM3\ARM_GCC_493\Debug\version_01.a(PWMB1.o)
                0x00000dc8                PWMB1_WriteCounter
 .text.PWMB1_WritePeriod
                0x00000dd4        0xc .\CortexM3\ARM_GCC_493\Debug\version_01.a(PWMB1.o)
                0x00000dd4                PWMB1_WritePeriod
 .text.PWMB1_WriteCompare
                0x00000de0        0xc .\CortexM3\ARM_GCC_493\Debug\version_01.a(PWMB1.o)
                0x00000de0                PWMB1_WriteCompare
 .text.PWMB1_SetInterruptMode
                0x00000dec        0xc .\CortexM3\ARM_GCC_493\Debug\version_01.a(PWMB1.o)
                0x00000dec                PWMB1_SetInterruptMode
 .text.PWMB1_ReadStatusRegister
                0x00000df8        0xc .\CortexM3\ARM_GCC_493\Debug\version_01.a(PWMB1.o)
                0x00000df8                PWMB1_ReadStatusRegister
 .text.PWMB1_ReadCapture
                0x00000e04        0xc .\CortexM3\ARM_GCC_493\Debug\version_01.a(PWMB1.o)
                0x00000e04                PWMB1_ReadCapture
 .text.PWMB1_ClearFIFO
                0x00000e10       0x14 .\CortexM3\ARM_GCC_493\Debug\version_01.a(PWMB1.o)
                0x00000e10                PWMB1_ClearFIFO
 .text.PWMB1_Init
                0x00000e24       0x50 .\CortexM3\ARM_GCC_493\Debug\version_01.a(PWMB1.o)
                0x00000e24                PWMB1_Init
 .text.PWMB1_Start
                0x00000e74       0x1c .\CortexM3\ARM_GCC_493\Debug\version_01.a(PWMB1.o)
                0x00000e74                PWMB1_Start
 .text.PWMSB_WriteCompare
                0x00000e90        0xc .\CortexM3\ARM_GCC_493\Debug\version_01.a(PWMSB.o)
                0x00000e90                PWMSB_WriteCompare
 .text.SpeedBackW_Write
                0x00000e9c       0x18 .\CortexM3\ARM_GCC_493\Debug\version_01.a(SpeedBackW.o)
                0x00000e9c                SpeedBackW_Write
 .text.MicroF_Read
                0x00000eb4       0x10 .\CortexM3\ARM_GCC_493\Debug\version_01.a(MicroF.o)
                0x00000eb4                MicroF_Read
 .text.MicroB_Read
                0x00000ec4       0x10 .\CortexM3\ARM_GCC_493\Debug\version_01.a(MicroB.o)
                0x00000ec4                MicroB_Read
 *fill*         0x00000ed4        0x4 
 .text          0x00000ed8       0x20 .\CortexM3\ARM_GCC_493\Debug\version_01.a(CyBootAsmGnu.o)
                0x00000ed8                CyDelayCycles
                0x00000ee8                CyEnterCriticalSection
                0x00000ef0                CyExitCriticalSection
 .text.__errno  0x00000ef8        0xc c:/program files (x86)/cypress/psoc creator/4.0/psoc creator/import/gnu/arm/4.9.3/bin/../lib/gcc/arm-none-eabi/4.9.3/../../../../arm-none-eabi/lib/armv7-m\libg_nano.a(lib_a-errno.o)
                0x00000ef8                __errno
 .text.__libc_init_array
                0x00000f04       0x4c c:/program files (x86)/cypress/psoc creator/4.0/psoc creator/import/gnu/arm/4.9.3/bin/../lib/gcc/arm-none-eabi/4.9.3/../../../../arm-none-eabi/lib/armv7-m\libg_nano.a(lib_a-init.o)
                0x00000f04                __libc_init_array
 .text.memcpy   0x00000f50       0x16 c:/program files (x86)/cypress/psoc creator/4.0/psoc creator/import/gnu/arm/4.9.3/bin/../lib/gcc/arm-none-eabi/4.9.3/../../../../arm-none-eabi/lib/armv7-m\libg_nano.a(lib_a-memcpy.o)
                0x00000f50                memcpy
 .text.memset   0x00000f66       0x10 c:/program files (x86)/cypress/psoc creator/4.0/psoc creator/import/gnu/arm/4.9.3/bin/../lib/gcc/arm-none-eabi/4.9.3/../../../../arm-none-eabi/lib/armv7-m\libg_nano.a(lib_a-memset.o)
                0x00000f66                memset
 *(.plt)
 *(.gnu.warning)
 *(.glue_7t)
 .glue_7t       0x00000000        0x0 linker stubs
 *(.glue_7)
 .glue_7        0x00000000        0x0 linker stubs
 *(.vfp11_veneer)
 .vfp11_veneer  0x00000000        0x0 linker stubs
 *(.bootloader)
 *(.ARM.extab* .gnu.linkonce.armextab.*)
 *(.gcc_except_table)

.v4_bx          0x00000f78        0x0
 .v4_bx         0x00000000        0x0 linker stubs

.iplt           0x00000f78        0x0
 .iplt          0x00000000        0x0 c:/program files (x86)/cypress/psoc creator/4.0/psoc creator/import/gnu/arm/4.9.3/bin/../lib/gcc/arm-none-eabi/4.9.3/armv7-m/crtbegin.o

.eh_frame_hdr
 *(.eh_frame_hdr)

.eh_frame       0x00000f78        0x4
 *(.eh_frame)
 .eh_frame      0x00000f78        0x0 c:/program files (x86)/cypress/psoc creator/4.0/psoc creator/import/gnu/arm/4.9.3/bin/../lib/gcc/arm-none-eabi/4.9.3/armv7-m/crtbegin.o
 .eh_frame      0x00000f78        0x4 c:/program files (x86)/cypress/psoc creator/4.0/psoc creator/import/gnu/arm/4.9.3/bin/../lib/gcc/arm-none-eabi/4.9.3/armv7-m/crtend.o
                0x00000f7c                PROVIDE (__exidx_start, .)

.ARM.exidx
 *(.ARM.exidx* .gnu.linkonce.armexidx.*)
                0x00000f7c                __exidx_end = .

.rodata         0x00000f7c       0x74
 *(.rodata .rodata.* .gnu.linkonce.r.*)
 .rodata        0x00000f7c       0x3c .\CortexM3\ARM_GCC_493\Debug\version_01.a(cyfitter_cfg.o)
 .rodata.str1.1
                0x00000fb8        0x2 c:/program files (x86)/cypress/psoc creator/4.0/psoc creator/import/gnu/arm/4.9.3/bin/../lib/gcc/arm-none-eabi/4.9.3/../../../../arm-none-eabi/lib/armv7-m\libg_nano.a(lib_a-impure.o)
                0x00000fbc                . = ALIGN (0x4)
 *fill*         0x00000fba        0x2 
 *(.init)
 .init          0x00000fbc        0x4 c:/program files (x86)/cypress/psoc creator/4.0/psoc creator/import/gnu/arm/4.9.3/bin/../lib/gcc/arm-none-eabi/4.9.3/armv7-m/crti.o
                0x00000fbc                _init
 .init          0x00000fc0        0x8 c:/program files (x86)/cypress/psoc creator/4.0/psoc creator/import/gnu/arm/4.9.3/bin/../lib/gcc/arm-none-eabi/4.9.3/armv7-m/crtn.o
                0x00000fc8                . = ALIGN (0x4)
                0x00000fc8                __preinit_array_start = .
 *(.preinit_array)
                0x00000fc8                __preinit_array_end = .
                0x00000fc8                . = ALIGN (0x4)
                0x00000fc8                __init_array_start = .
 *(SORT(.init_array.*))
 *(.init_array)
 .init_array    0x00000fc8        0x4 c:/program files (x86)/cypress/psoc creator/4.0/psoc creator/import/gnu/arm/4.9.3/bin/../lib/gcc/arm-none-eabi/4.9.3/armv7-m/crtbegin.o
 .init_array    0x00000fcc        0x4 .\CortexM3\ARM_GCC_493\Debug\Cm3Start.o
                0x00000fd0                __init_array_end = .
                0x00000fd0                . = ALIGN (0x4)
 *(.fini)
 .fini          0x00000fd0        0x4 c:/program files (x86)/cypress/psoc creator/4.0/psoc creator/import/gnu/arm/4.9.3/bin/../lib/gcc/arm-none-eabi/4.9.3/armv7-m/crti.o
                0x00000fd0                _fini
 .fini          0x00000fd4        0x8 c:/program files (x86)/cypress/psoc creator/4.0/psoc creator/import/gnu/arm/4.9.3/bin/../lib/gcc/arm-none-eabi/4.9.3/armv7-m/crtn.o
                0x00000fdc                . = ALIGN (0x4)
                0x00000fdc                __fini_array_start = .
 *(.fini_array)
 .fini_array    0x00000fdc        0x4 c:/program files (x86)/cypress/psoc creator/4.0/psoc creator/import/gnu/arm/4.9.3/bin/../lib/gcc/arm-none-eabi/4.9.3/armv7-m/crtbegin.o
 *(SORT(.fini_array.*))
                0x00000fe0                __fini_array_end = .
                0x00000fe0                . = ALIGN (0x4)
 *crtbegin.o(.ctors)
 *(EXCLUDE_FILE(*crtend.o) .ctors)
 *(SORT(.ctors.*))
 *crtend.o(.ctors)
                0x00000fe0                . = ALIGN (0x4)
 *crtbegin.o(.dtors)
 *(EXCLUDE_FILE(*crtend.o) .dtors)
 *(SORT(.dtors.*))
 *crtend.o(.dtors)
                0x00000fe0                . = ALIGN (0x4)
                0x00000fe0                __cy_regions = .
                0x00000fe0        0x4 LONG 0xff0 __cy_region_init_ram
                0x00000fe4        0x4 LONG 0x1fff8108 __cy_region_start_data
                0x00000fe8        0x4 LONG 0x68 __cy_region_init_size_ram
                0x00000fec        0x4 LONG 0x48 __cy_region_zero_size_ram
                0x00000ff0                __cy_regions_end = .
                0x00000ff0                . = ALIGN (0x8)
                0x00000ff0                _etext = .

.cy_checksum_exclude
                0x00000ff0        0x0
 *(.cy_checksum_exclude)

.ramvectors     0x1fff8000      0x100
                0x1fff8000                __cy_region_start_ram = .
 *(.ramvectors)
 .ramvectors    0x1fff8000      0x100 .\CortexM3\ARM_GCC_493\Debug\Cm3Start.o
                0x1fff8000                CyRamVectors

.noinit         0x1fff8100        0x5
 *(.noinit)
 .noinit        0x1fff8100        0x4 .\CortexM3\ARM_GCC_493\Debug\Cm3Start.o
 .noinit        0x1fff8104        0x1 .\CortexM3\ARM_GCC_493\Debug\version_01.a(CyLib.o)
                0x1fff8104                CyResetStatus

.data           0x1fff8108       0x68 load address 0x00000ff0
                0x1fff8108                __cy_region_start_data = .
 *(.jcr)
 .jcr           0x1fff8108        0x0 c:/program files (x86)/cypress/psoc creator/4.0/psoc creator/import/gnu/arm/4.9.3/bin/../lib/gcc/arm-none-eabi/4.9.3/armv7-m/crtbegin.o
 .jcr           0x1fff8108        0x4 c:/program files (x86)/cypress/psoc creator/4.0/psoc creator/import/gnu/arm/4.9.3/bin/../lib/gcc/arm-none-eabi/4.9.3/armv7-m/crtend.o
 *(.got.plt)
 *(.got)
 *(.shdata)
 *(.data .data.* .gnu.linkonce.d.*)
 .data.impure_data
                0x1fff810c       0x60 c:/program files (x86)/cypress/psoc creator/4.0/psoc creator/import/gnu/arm/4.9.3/bin/../lib/gcc/arm-none-eabi/4.9.3/../../../../arm-none-eabi/lib/armv7-m\libg_nano.a(lib_a-impure.o)
 .data._impure_ptr
                0x1fff816c        0x4 c:/program files (x86)/cypress/psoc creator/4.0/psoc creator/import/gnu/arm/4.9.3/bin/../lib/gcc/arm-none-eabi/4.9.3/../../../../arm-none-eabi/lib/armv7-m\libg_nano.a(lib_a-impure.o)
                0x1fff816c                _impure_ptr
                0x1fff8170                . = ALIGN (0x8)
 *(.ram)
                0x1fff8170                _edata = .

.igot.plt       0x1fff8170        0x0 load address 0x00001058
 .igot.plt      0x00000000        0x0 c:/program files (x86)/cypress/psoc creator/4.0/psoc creator/import/gnu/arm/4.9.3/bin/../lib/gcc/arm-none-eabi/4.9.3/armv7-m/crtbegin.o

.bss            0x1fff8170       0x48 load address 0x00001058
                0x1fff8170                PROVIDE (__bss_start__, .)
 *(.shbss)
 *(.bss .bss.* .gnu.linkonce.b.*)
 .bss           0x1fff8170       0x1c c:/program files (x86)/cypress/psoc creator/4.0/psoc creator/import/gnu/arm/4.9.3/bin/../lib/gcc/arm-none-eabi/4.9.3/armv7-m/crtbegin.o
 .bss           0x1fff818c       0x10 .\CortexM3\ARM_GCC_493\Debug\main.o
                0x1fff818c                i2cbuf
                0x1fff8194                oldbuf
 .bss           0x1fff819c        0x1 .\CortexM3\ARM_GCC_493\Debug\version_01.a(I2CS.o)
                0x1fff819c                I2CS_initVar
 .bss           0x1fff819d        0x2 .\CortexM3\ARM_GCC_493\Debug\version_01.a(I2CS_INT.o)
 .bss           0x1fff819f        0x1 .\CortexM3\ARM_GCC_493\Debug\version_01.a(PWMF1.o)
                0x1fff819f                PWMF1_initVar
 .bss           0x1fff81a0        0x1 .\CortexM3\ARM_GCC_493\Debug\version_01.a(PWMF2.o)
                0x1fff81a0                PWMF2_initVar
 .bss           0x1fff81a1        0x1 .\CortexM3\ARM_GCC_493\Debug\version_01.a(CounterF.o)
                0x1fff81a1                CounterF_initVar
 .bss           0x1fff81a2        0x1 .\CortexM3\ARM_GCC_493\Debug\version_01.a(CounterB.o)
                0x1fff81a2                CounterB_initVar
 .bss           0x1fff81a3        0x1 .\CortexM3\ARM_GCC_493\Debug\version_01.a(PWMB2.o)
                0x1fff81a3                PWMB2_initVar
 .bss           0x1fff81a4        0x1 .\CortexM3\ARM_GCC_493\Debug\version_01.a(PWMB1.o)
                0x1fff81a4                PWMB1_initVar
 *(COMMON)
 *fill*         0x1fff81a5        0x3 
 COMMON         0x1fff81a8        0xd .\CortexM3\ARM_GCC_493\Debug\version_01.a(I2CS.o)
                0x1fff81a8                I2CS_curStatus
                0x1fff81aa                I2CS_bufSizeS1
                0x1fff81ac                I2CS_wrProtectS1
                0x1fff81ae                I2CS_rwOffsetS1
                0x1fff81af                I2CS_curState
                0x1fff81b0                I2CS_dataPtrS1
                0x1fff81b4                I2CS_rwIndexS1
                0x1fff81b8                . = ALIGN (0x8)
 *fill*         0x1fff81b5        0x3 
 *(.ram.b)
                0x1fff81b8                _end = .
                0x1fff81b8                __end = .
                0x1fff81b8                PROVIDE (end, .)
                0x1fff81b8                PROVIDE (__bss_end__, .)
                0x00000ff0                __cy_region_init_ram = LOADADDR (.data)
                0x00000068                __cy_region_init_size_ram = (_edata - ADDR (.data))
                0x00000048                __cy_region_zero_size_ram = (_end - _edata)

.heap           0x1fff81b8       0x80 load address 0x00001058
                0x1fff81b8                . = _end
                0x1fff8238                . = (. + 0x80)
 *fill*         0x1fff81b8       0x80 
                0x1fff8238                __cy_heap_limit = .

.stack          0x20007800      0x800
                0x20007800                __cy_stack_limit = .
                0x20008000                . = (. + 0x800)
 *fill*         0x20007800      0x800 
                0x00000001                ASSERT ((__cy_stack_limit >= __cy_heap_limit), region RAM overflowed with stack)
                0x00000000                cy_checksum_exclude_size = (CY_APPL_LOADABLE == 0x1)?SIZEOF (.cy_checksum_exclude):0x0
                0x00000001                ASSERT ((cy_checksum_exclude_size <= CY_CHECKSUM_EXCLUDE_SIZE), CY_BOOT: Section .cy_checksum_exclude size exceedes specified limit.)

.cyloadermeta
 *(.cyloadermeta)

.cyloadablemeta
 *(.cyloadablemeta)

.cyconfigecc    0x80000000      0x654
 *(.cyconfigecc)
 .cyconfigecc   0x80000000      0x654 .\CortexM3\ARM_GCC_493\Debug\cymetadata.o
                0x80000000                cy_meta_configecc

.cycustnvl      0x90000000        0x4
 *(.cycustnvl)
 .cycustnvl     0x90000000        0x4 .\CortexM3\ARM_GCC_493\Debug\cymetadata.o
                0x90000000                cy_meta_custnvl

.cywolatch      0x90100000        0x4
 *(.cywolatch)
 .cywolatch     0x90100000        0x4 .\CortexM3\ARM_GCC_493\Debug\cymetadata.o
                0x90100000                cy_meta_wonvl

.cyeeprom       0x90200000        0x0
 *(.cyeeprom)
                0x00000001                ASSERT ((. <= ((0x90200000 + ee_offset) + ee_size)), .cyeeprom data will not fit in EEPROM)

.cyflashprotect
                0x90400000      0x100
 *(.cyflashprotect)
 .cyflashprotect
                0x90400000      0x100 .\CortexM3\ARM_GCC_493\Debug\cymetadata.o
                0x90400000                cy_meta_flashprotect

.cymeta         0x90500000        0xc
 *(.cymeta)
 .cymeta        0x90500000        0xc .\CortexM3\ARM_GCC_493\Debug\cymetadata.o
                0x90500000                cy_metadata

.rel.dyn        0x00001058        0x0 load address 0x9050000c
 .rel.iplt      0x00000000        0x0 c:/program files (x86)/cypress/psoc creator/4.0/psoc creator/import/gnu/arm/4.9.3/bin/../lib/gcc/arm-none-eabi/4.9.3/armv7-m/crtbegin.o

.stab
 *(.stab)

.stabstr
 *(.stabstr)

.debug
 *(.debug)

.line
 *(.line)

.debug_srcinfo
 *(.debug_srcinfo)

.debug_sfnames
 *(.debug_sfnames)

.debug_aranges  0x00000000      0xc48
 *(.debug_aranges)
 .debug_aranges
                0x00000000       0x20 .\CortexM3\ARM_GCC_493\Debug\main.o
 .debug_aranges
                0x00000020       0x20 .\CortexM3\ARM_GCC_493\Debug\run_front.o
 .debug_aranges
                0x00000040       0x20 .\CortexM3\ARM_GCC_493\Debug\run_back.o
 .debug_aranges
                0x00000060       0x20 .\CortexM3\ARM_GCC_493\Debug\init_step.o
 .debug_aranges
                0x00000080       0x18 .\CortexM3\ARM_GCC_493\Debug\cymetadata.o
 .debug_aranges
                0x00000098       0x48 .\CortexM3\ARM_GCC_493\Debug\Cm3Start.o
 .debug_aranges
                0x000000e0       0x58 .\CortexM3\ARM_GCC_493\Debug\version_01.a(cyfitter_cfg.o)
 .debug_aranges
                0x00000138      0x2a0 .\CortexM3\ARM_GCC_493\Debug\version_01.a(CyLib.o)
 .debug_aranges
                0x000003d8       0x98 .\CortexM3\ARM_GCC_493\Debug\version_01.a(cyPm.o)
 .debug_aranges
                0x00000470       0x58 .\CortexM3\ARM_GCC_493\Debug\version_01.a(I2CS.o)
 .debug_aranges
                0x000004c8       0x20 .\CortexM3\ARM_GCC_493\Debug\version_01.a(I2CS_INT.o)
 .debug_aranges
                0x000004e8       0x38 .\CortexM3\ARM_GCC_493\Debug\version_01.a(I2CS_PM.o)
 .debug_aranges
                0x00000520       0x98 .\CortexM3\ARM_GCC_493\Debug\version_01.a(PWMSF.o)
 .debug_aranges
                0x000005b8       0x38 .\CortexM3\ARM_GCC_493\Debug\version_01.a(SpeedForW.o)
 .debug_aranges
                0x000005f0       0x38 .\CortexM3\ARM_GCC_493\Debug\version_01.a(Dir_stepF.o)
 .debug_aranges
                0x00000628       0x98 .\CortexM3\ARM_GCC_493\Debug\version_01.a(PWMF1.o)
 .debug_aranges
                0x000006c0       0x98 .\CortexM3\ARM_GCC_493\Debug\version_01.a(PWMF2.o)
 .debug_aranges
                0x00000758       0x98 .\CortexM3\ARM_GCC_493\Debug\version_01.a(CounterF.o)
 .debug_aranges
                0x000007f0       0x38 .\CortexM3\ARM_GCC_493\Debug\version_01.a(Dir_stepB.o)
 .debug_aranges
                0x00000828       0x98 .\CortexM3\ARM_GCC_493\Debug\version_01.a(CounterB.o)
 .debug_aranges
                0x000008c0       0x98 .\CortexM3\ARM_GCC_493\Debug\version_01.a(PWMB2.o)
 .debug_aranges
                0x00000958       0x98 .\CortexM3\ARM_GCC_493\Debug\version_01.a(PWMB1.o)
 .debug_aranges
                0x000009f0       0x98 .\CortexM3\ARM_GCC_493\Debug\version_01.a(PWMSB.o)
 .debug_aranges
                0x00000a88       0x38 .\CortexM3\ARM_GCC_493\Debug\version_01.a(SpeedBackW.o)
 .debug_aranges
                0x00000ac0       0x38 .\CortexM3\ARM_GCC_493\Debug\version_01.a(MicroF.o)
 .debug_aranges
                0x00000af8       0x38 .\CortexM3\ARM_GCC_493\Debug\version_01.a(MicroB.o)
 .debug_aranges
                0x00000b30       0x20 .\CortexM3\ARM_GCC_493\Debug\version_01.a(CyBootAsmGnu.o)
 .debug_aranges
                0x00000b50       0x80 .\CortexM3\ARM_GCC_493\Debug\version_01.a(CyFlash.o)
 .debug_aranges
                0x00000bd0       0x78 .\CortexM3\ARM_GCC_493\Debug\version_01.a(CySpc.o)

.debug_pubnames
 *(.debug_pubnames)

.debug_info     0x00000000     0x6328
 *(.debug_info .gnu.linkonce.wi.*)
 .debug_info    0x00000000      0x1c2 .\CortexM3\ARM_GCC_493\Debug\main.o
 .debug_info    0x000001c2      0x224 .\CortexM3\ARM_GCC_493\Debug\run_front.o
 .debug_info    0x000003e6      0x22f .\CortexM3\ARM_GCC_493\Debug\run_back.o
 .debug_info    0x00000615      0x1a1 .\CortexM3\ARM_GCC_493\Debug\init_step.o
 .debug_info    0x000007b6      0x13e .\CortexM3\ARM_GCC_493\Debug\cymetadata.o
 .debug_info    0x000008f4      0x3b3 .\CortexM3\ARM_GCC_493\Debug\Cm3Start.o
 .debug_info    0x00000ca7      0x60d .\CortexM3\ARM_GCC_493\Debug\version_01.a(cyfitter_cfg.o)
 .debug_info    0x000012b4     0x1385 .\CortexM3\ARM_GCC_493\Debug\version_01.a(CyLib.o)
 .debug_info    0x00002639      0xa57 .\CortexM3\ARM_GCC_493\Debug\version_01.a(cyPm.o)
 .debug_info    0x00003090      0x3c8 .\CortexM3\ARM_GCC_493\Debug\version_01.a(I2CS.o)
 .debug_info    0x00003458      0x141 .\CortexM3\ARM_GCC_493\Debug\version_01.a(I2CS_INT.o)
 .debug_info    0x00003599      0x1ed .\CortexM3\ARM_GCC_493\Debug\version_01.a(I2CS_PM.o)
 .debug_info    0x00003786      0x32f .\CortexM3\ARM_GCC_493\Debug\version_01.a(PWMSF.o)
 .debug_info    0x00003ab5      0x11f .\CortexM3\ARM_GCC_493\Debug\version_01.a(SpeedForW.o)
 .debug_info    0x00003bd4      0x11f .\CortexM3\ARM_GCC_493\Debug\version_01.a(Dir_stepF.o)
 .debug_info    0x00003cf3      0x32c .\CortexM3\ARM_GCC_493\Debug\version_01.a(PWMF1.o)
 .debug_info    0x0000401f      0x32c .\CortexM3\ARM_GCC_493\Debug\version_01.a(PWMF2.o)
 .debug_info    0x0000434b      0x323 .\CortexM3\ARM_GCC_493\Debug\version_01.a(CounterF.o)
 .debug_info    0x0000466e      0x11f .\CortexM3\ARM_GCC_493\Debug\version_01.a(Dir_stepB.o)
 .debug_info    0x0000478d      0x323 .\CortexM3\ARM_GCC_493\Debug\version_01.a(CounterB.o)
 .debug_info    0x00004ab0      0x32c .\CortexM3\ARM_GCC_493\Debug\version_01.a(PWMB2.o)
 .debug_info    0x00004ddc      0x32c .\CortexM3\ARM_GCC_493\Debug\version_01.a(PWMB1.o)
 .debug_info    0x00005108      0x32f .\CortexM3\ARM_GCC_493\Debug\version_01.a(PWMSB.o)
 .debug_info    0x00005437      0x121 .\CortexM3\ARM_GCC_493\Debug\version_01.a(SpeedBackW.o)
 .debug_info    0x00005558      0x11f .\CortexM3\ARM_GCC_493\Debug\version_01.a(MicroF.o)
 .debug_info    0x00005677      0x11f .\CortexM3\ARM_GCC_493\Debug\version_01.a(MicroB.o)
 .debug_info    0x00005796       0xa0 .\CortexM3\ARM_GCC_493\Debug\version_01.a(CyBootAsmGnu.o)
 .debug_info    0x00005836      0x608 .\CortexM3\ARM_GCC_493\Debug\version_01.a(CyFlash.o)
 .debug_info    0x00005e3e      0x4ea .\CortexM3\ARM_GCC_493\Debug\version_01.a(CySpc.o)

.debug_abbrev   0x00000000     0x2222
 *(.debug_abbrev)
 .debug_abbrev  0x00000000      0x12f .\CortexM3\ARM_GCC_493\Debug\main.o
 .debug_abbrev  0x0000012f      0x126 .\CortexM3\ARM_GCC_493\Debug\run_front.o
 .debug_abbrev  0x00000255      0x126 .\CortexM3\ARM_GCC_493\Debug\run_back.o
 .debug_abbrev  0x0000037b       0xd6 .\CortexM3\ARM_GCC_493\Debug\init_step.o
 .debug_abbrev  0x00000451       0x77 .\CortexM3\ARM_GCC_493\Debug\cymetadata.o
 .debug_abbrev  0x000004c8      0x1f7 .\CortexM3\ARM_GCC_493\Debug\Cm3Start.o
 .debug_abbrev  0x000006bf      0x212 .\CortexM3\ARM_GCC_493\Debug\version_01.a(cyfitter_cfg.o)
 .debug_abbrev  0x000008d1      0x296 .\CortexM3\ARM_GCC_493\Debug\version_01.a(CyLib.o)
 .debug_abbrev  0x00000b67      0x1ed .\CortexM3\ARM_GCC_493\Debug\version_01.a(cyPm.o)
 .debug_abbrev  0x00000d54      0x1d0 .\CortexM3\ARM_GCC_493\Debug\version_01.a(I2CS.o)
 .debug_abbrev  0x00000f24       0x81 .\CortexM3\ARM_GCC_493\Debug\version_01.a(I2CS_INT.o)
 .debug_abbrev  0x00000fa5      0x12b .\CortexM3\ARM_GCC_493\Debug\version_01.a(I2CS_PM.o)
 .debug_abbrev  0x000010d0      0x14d .\CortexM3\ARM_GCC_493\Debug\version_01.a(PWMSF.o)
 .debug_abbrev  0x0000121d       0x90 .\CortexM3\ARM_GCC_493\Debug\version_01.a(SpeedForW.o)
 .debug_abbrev  0x000012ad       0x90 .\CortexM3\ARM_GCC_493\Debug\version_01.a(Dir_stepF.o)
 .debug_abbrev  0x0000133d      0x14d .\CortexM3\ARM_GCC_493\Debug\version_01.a(PWMF1.o)
 .debug_abbrev  0x0000148a      0x14d .\CortexM3\ARM_GCC_493\Debug\version_01.a(PWMF2.o)
 .debug_abbrev  0x000015d7      0x131 .\CortexM3\ARM_GCC_493\Debug\version_01.a(CounterF.o)
 .debug_abbrev  0x00001708       0x90 .\CortexM3\ARM_GCC_493\Debug\version_01.a(Dir_stepB.o)
 .debug_abbrev  0x00001798      0x131 .\CortexM3\ARM_GCC_493\Debug\version_01.a(CounterB.o)
 .debug_abbrev  0x000018c9      0x14d .\CortexM3\ARM_GCC_493\Debug\version_01.a(PWMB2.o)
 .debug_abbrev  0x00001a16      0x14d .\CortexM3\ARM_GCC_493\Debug\version_01.a(PWMB1.o)
 .debug_abbrev  0x00001b63      0x14d .\CortexM3\ARM_GCC_493\Debug\version_01.a(PWMSB.o)
 .debug_abbrev  0x00001cb0       0x90 .\CortexM3\ARM_GCC_493\Debug\version_01.a(SpeedBackW.o)
 .debug_abbrev  0x00001d40       0x90 .\CortexM3\ARM_GCC_493\Debug\version_01.a(MicroF.o)
 .debug_abbrev  0x00001dd0       0x90 .\CortexM3\ARM_GCC_493\Debug\version_01.a(MicroB.o)
 .debug_abbrev  0x00001e60       0x14 .\CortexM3\ARM_GCC_493\Debug\version_01.a(CyBootAsmGnu.o)
 .debug_abbrev  0x00001e74      0x1ed .\CortexM3\ARM_GCC_493\Debug\version_01.a(CyFlash.o)
 .debug_abbrev  0x00002061      0x1c1 .\CortexM3\ARM_GCC_493\Debug\version_01.a(CySpc.o)

.debug_line     0x00000000     0x2def
 *(.debug_line)
 .debug_line    0x00000000      0x17c .\CortexM3\ARM_GCC_493\Debug\main.o
 .debug_line    0x0000017c      0x1d2 .\CortexM3\ARM_GCC_493\Debug\run_front.o
 .debug_line    0x0000034e      0x1e0 .\CortexM3\ARM_GCC_493\Debug\run_back.o
 .debug_line    0x0000052e      0x1dd .\CortexM3\ARM_GCC_493\Debug\init_step.o
 .debug_line    0x0000070b       0x51 .\CortexM3\ARM_GCC_493\Debug\cymetadata.o
 .debug_line    0x0000075c      0x24f .\CortexM3\ARM_GCC_493\Debug\Cm3Start.o
 .debug_line    0x000009ab      0x205 .\CortexM3\ARM_GCC_493\Debug\version_01.a(cyfitter_cfg.o)
 .debug_line    0x00000bb0      0x816 .\CortexM3\ARM_GCC_493\Debug\version_01.a(CyLib.o)
 .debug_line    0x000013c6      0x364 .\CortexM3\ARM_GCC_493\Debug\version_01.a(cyPm.o)
 .debug_line    0x0000172a      0x12a .\CortexM3\ARM_GCC_493\Debug\version_01.a(I2CS.o)
 .debug_line    0x00001854       0xaa .\CortexM3\ARM_GCC_493\Debug\version_01.a(I2CS_INT.o)
 .debug_line    0x000018fe       0xb8 .\CortexM3\ARM_GCC_493\Debug\version_01.a(I2CS_PM.o)
 .debug_line    0x000019b6      0x185 .\CortexM3\ARM_GCC_493\Debug\version_01.a(PWMSF.o)
 .debug_line    0x00001b3b       0x96 .\CortexM3\ARM_GCC_493\Debug\version_01.a(SpeedForW.o)
 .debug_line    0x00001bd1       0x96 .\CortexM3\ARM_GCC_493\Debug\version_01.a(Dir_stepF.o)
 .debug_line    0x00001c67      0x185 .\CortexM3\ARM_GCC_493\Debug\version_01.a(PWMF1.o)
 .debug_line    0x00001dec      0x185 .\CortexM3\ARM_GCC_493\Debug\version_01.a(PWMF2.o)
 .debug_line    0x00001f71      0x188 .\CortexM3\ARM_GCC_493\Debug\version_01.a(CounterF.o)
 .debug_line    0x000020f9       0x96 .\CortexM3\ARM_GCC_493\Debug\version_01.a(Dir_stepB.o)
 .debug_line    0x0000218f      0x188 .\CortexM3\ARM_GCC_493\Debug\version_01.a(CounterB.o)
 .debug_line    0x00002317      0x185 .\CortexM3\ARM_GCC_493\Debug\version_01.a(PWMB2.o)
 .debug_line    0x0000249c      0x185 .\CortexM3\ARM_GCC_493\Debug\version_01.a(PWMB1.o)
 .debug_line    0x00002621      0x185 .\CortexM3\ARM_GCC_493\Debug\version_01.a(PWMSB.o)
 .debug_line    0x000027a6       0x97 .\CortexM3\ARM_GCC_493\Debug\version_01.a(SpeedBackW.o)
 .debug_line    0x0000283d       0x93 .\CortexM3\ARM_GCC_493\Debug\version_01.a(MicroF.o)
 .debug_line    0x000028d0       0x93 .\CortexM3\ARM_GCC_493\Debug\version_01.a(MicroB.o)
 .debug_line    0x00002963       0x66 .\CortexM3\ARM_GCC_493\Debug\version_01.a(CyBootAsmGnu.o)
 .debug_line    0x000029c9      0x1ea .\CortexM3\ARM_GCC_493\Debug\version_01.a(CyFlash.o)
 .debug_line    0x00002bb3      0x23c .\CortexM3\ARM_GCC_493\Debug\version_01.a(CySpc.o)

.debug_frame    0x00000000     0x1c04
 *(.debug_frame)
 .debug_frame   0x00000000       0x2c .\CortexM3\ARM_GCC_493\Debug\main.o
 .debug_frame   0x0000002c       0x30 .\CortexM3\ARM_GCC_493\Debug\run_front.o
 .debug_frame   0x0000005c       0x30 .\CortexM3\ARM_GCC_493\Debug\run_back.o
 .debug_frame   0x0000008c       0x2c .\CortexM3\ARM_GCC_493\Debug\init_step.o
 .debug_frame   0x000000b8       0xb8 .\CortexM3\ARM_GCC_493\Debug\Cm3Start.o
 .debug_frame   0x00000170       0xe4 .\CortexM3\ARM_GCC_493\Debug\version_01.a(cyfitter_cfg.o)
 .debug_frame   0x00000254      0x738 .\CortexM3\ARM_GCC_493\Debug\version_01.a(CyLib.o)
 .debug_frame   0x0000098c      0x1f8 .\CortexM3\ARM_GCC_493\Debug\version_01.a(cyPm.o)
 .debug_frame   0x00000b84       0xdc .\CortexM3\ARM_GCC_493\Debug\version_01.a(I2CS.o)
 .debug_frame   0x00000c60       0x20 .\CortexM3\ARM_GCC_493\Debug\version_01.a(I2CS_INT.o)
 .debug_frame   0x00000c80       0x74 .\CortexM3\ARM_GCC_493\Debug\version_01.a(I2CS_PM.o)
 .debug_frame   0x00000cf4      0x134 .\CortexM3\ARM_GCC_493\Debug\version_01.a(PWMSF.o)
 .debug_frame   0x00000e28       0x50 .\CortexM3\ARM_GCC_493\Debug\version_01.a(SpeedForW.o)
 .debug_frame   0x00000e78       0x50 .\CortexM3\ARM_GCC_493\Debug\version_01.a(Dir_stepF.o)
 .debug_frame   0x00000ec8      0x134 .\CortexM3\ARM_GCC_493\Debug\version_01.a(PWMF1.o)
 .debug_frame   0x00000ffc      0x134 .\CortexM3\ARM_GCC_493\Debug\version_01.a(PWMF2.o)
 .debug_frame   0x00001130      0x134 .\CortexM3\ARM_GCC_493\Debug\version_01.a(CounterF.o)
 .debug_frame   0x00001264       0x50 .\CortexM3\ARM_GCC_493\Debug\version_01.a(Dir_stepB.o)
 .debug_frame   0x000012b4      0x134 .\CortexM3\ARM_GCC_493\Debug\version_01.a(CounterB.o)
 .debug_frame   0x000013e8      0x134 .\CortexM3\ARM_GCC_493\Debug\version_01.a(PWMB2.o)
 .debug_frame   0x0000151c      0x134 .\CortexM3\ARM_GCC_493\Debug\version_01.a(PWMB1.o)
 .debug_frame   0x00001650      0x134 .\CortexM3\ARM_GCC_493\Debug\version_01.a(PWMSB.o)
 .debug_frame   0x00001784       0x50 .\CortexM3\ARM_GCC_493\Debug\version_01.a(SpeedBackW.o)
 .debug_frame   0x000017d4       0x50 .\CortexM3\ARM_GCC_493\Debug\version_01.a(MicroF.o)
 .debug_frame   0x00001824       0x50 .\CortexM3\ARM_GCC_493\Debug\version_01.a(MicroB.o)
 .debug_frame   0x00001874      0x174 .\CortexM3\ARM_GCC_493\Debug\version_01.a(CyFlash.o)
 .debug_frame   0x000019e8      0x160 .\CortexM3\ARM_GCC_493\Debug\version_01.a(CySpc.o)
 .debug_frame   0x00001b48       0x20 c:/program files (x86)/cypress/psoc creator/4.0/psoc creator/import/gnu/arm/4.9.3/bin/../lib/gcc/arm-none-eabi/4.9.3/../../../../arm-none-eabi/lib/armv7-m\libg_nano.a(lib_a-errno.o)
 .debug_frame   0x00001b68       0x28 c:/program files (x86)/cypress/psoc creator/4.0/psoc creator/import/gnu/arm/4.9.3/bin/../lib/gcc/arm-none-eabi/4.9.3/../../../../arm-none-eabi/lib/armv7-m\libg_nano.a(lib_a-exit.o)
 .debug_frame   0x00001b90       0x2c c:/program files (x86)/cypress/psoc creator/4.0/psoc creator/import/gnu/arm/4.9.3/bin/../lib/gcc/arm-none-eabi/4.9.3/../../../../arm-none-eabi/lib/armv7-m\libg_nano.a(lib_a-init.o)
 .debug_frame   0x00001bbc       0x28 c:/program files (x86)/cypress/psoc creator/4.0/psoc creator/import/gnu/arm/4.9.3/bin/../lib/gcc/arm-none-eabi/4.9.3/../../../../arm-none-eabi/lib/armv7-m\libg_nano.a(lib_a-memcpy.o)
 .debug_frame   0x00001be4       0x20 c:/program files (x86)/cypress/psoc creator/4.0/psoc creator/import/gnu/arm/4.9.3/bin/../lib/gcc/arm-none-eabi/4.9.3/../../../../arm-none-eabi/lib/armv7-m\libg_nano.a(lib_a-memset.o)

.debug_str      0x00000000     0x238f
 *(.debug_str)
 .debug_str     0x00000000      0x1bc .\CortexM3\ARM_GCC_493\Debug\main.o
                                0x1fd (size before relaxing)
 .debug_str     0x000001bc       0x8f .\CortexM3\ARM_GCC_493\Debug\run_front.o
                                0x24b (size before relaxing)
 .debug_str     0x0000024b       0x82 .\CortexM3\ARM_GCC_493\Debug\run_back.o
                                0x25f (size before relaxing)
 .debug_str     0x000002cd       0x42 .\CortexM3\ARM_GCC_493\Debug\init_step.o
                                0x23e (size before relaxing)
 .debug_str     0x0000030f       0x75 .\CortexM3\ARM_GCC_493\Debug\cymetadata.o
                                0x1fa (size before relaxing)
 .debug_str     0x00000384      0x16a .\CortexM3\ARM_GCC_493\Debug\Cm3Start.o
                                0x30e (size before relaxing)
 .debug_str     0x000004ee      0x189 .\CortexM3\ARM_GCC_493\Debug\version_01.a(cyfitter_cfg.o)
                                0x348 (size before relaxing)
 .debug_str     0x00000677      0x845 .\CortexM3\ARM_GCC_493\Debug\version_01.a(CyLib.o)
                                0xa4b (size before relaxing)
 .debug_str     0x00000ebc      0x359 .\CortexM3\ARM_GCC_493\Debug\version_01.a(cyPm.o)
                                0x72b (size before relaxing)
 .debug_str     0x00001215      0x155 .\CortexM3\ARM_GCC_493\Debug\version_01.a(I2CS.o)
                                0x391 (size before relaxing)
 .debug_str     0x0000136a       0x37 .\CortexM3\ARM_GCC_493\Debug\version_01.a(I2CS_INT.o)
                                0x233 (size before relaxing)
 .debug_str     0x000013a1       0x5b .\CortexM3\ARM_GCC_493\Debug\version_01.a(I2CS_PM.o)
                                0x27f (size before relaxing)
 .debug_str     0x000013fc      0x18b .\CortexM3\ARM_GCC_493\Debug\version_01.a(PWMSF.o)
                                0x355 (size before relaxing)
 .debug_str     0x00001587       0x6a .\CortexM3\ARM_GCC_493\Debug\version_01.a(SpeedForW.o)
                                0x206 (size before relaxing)
 .debug_str     0x000015f1       0x5f .\CortexM3\ARM_GCC_493\Debug\version_01.a(Dir_stepF.o)
                                0x206 (size before relaxing)
 .debug_str     0x00001650      0x14e .\CortexM3\ARM_GCC_493\Debug\version_01.a(PWMF1.o)
                                0x355 (size before relaxing)
 .debug_str     0x0000179e      0x14e .\CortexM3\ARM_GCC_493\Debug\version_01.a(PWMF2.o)
                                0x355 (size before relaxing)
 .debug_str     0x000018ec      0x189 .\CortexM3\ARM_GCC_493\Debug\version_01.a(CounterF.o)
                                0x388 (size before relaxing)
 .debug_str     0x00001a75       0x5f .\CortexM3\ARM_GCC_493\Debug\version_01.a(Dir_stepB.o)
                                0x206 (size before relaxing)
 .debug_str     0x00001ad4      0x17a .\CortexM3\ARM_GCC_493\Debug\version_01.a(CounterB.o)
                                0x388 (size before relaxing)
 .debug_str     0x00001c4e      0x14e .\CortexM3\ARM_GCC_493\Debug\version_01.a(PWMB2.o)
                                0x355 (size before relaxing)
 .debug_str     0x00001d9c      0x14e .\CortexM3\ARM_GCC_493\Debug\version_01.a(PWMB1.o)
                                0x355 (size before relaxing)
 .debug_str     0x00001eea      0x152 .\CortexM3\ARM_GCC_493\Debug\version_01.a(PWMSB.o)
                                0x355 (size before relaxing)
 .debug_str     0x0000203c       0x63 .\CortexM3\ARM_GCC_493\Debug\version_01.a(SpeedBackW.o)
                                0x20b (size before relaxing)
 .debug_str     0x0000209f       0x54 .\CortexM3\ARM_GCC_493\Debug\version_01.a(MicroF.o)
                                0x1f7 (size before relaxing)
 .debug_str     0x000020f3       0x54 .\CortexM3\ARM_GCC_493\Debug\version_01.a(MicroB.o)
                                0x1f7 (size before relaxing)
 .debug_str     0x00002147      0x19c .\CortexM3\ARM_GCC_493\Debug\version_01.a(CyFlash.o)
                                0x3a5 (size before relaxing)
 .debug_str     0x000022e3       0xac .\CortexM3\ARM_GCC_493\Debug\version_01.a(CySpc.o)
                                0x32e (size before relaxing)

.debug_loc      0x00000000     0x1d5e
 *(.debug_loc)
 .debug_loc     0x00000000       0x6d .\CortexM3\ARM_GCC_493\Debug\run_front.o
 .debug_loc     0x0000006d       0x6d .\CortexM3\ARM_GCC_493\Debug\run_back.o
 .debug_loc     0x000000da      0x144 .\CortexM3\ARM_GCC_493\Debug\Cm3Start.o
 .debug_loc     0x0000021e      0x259 .\CortexM3\ARM_GCC_493\Debug\version_01.a(cyfitter_cfg.o)
 .debug_loc     0x00000477      0xa11 .\CortexM3\ARM_GCC_493\Debug\version_01.a(CyLib.o)
 .debug_loc     0x00000e88      0x1e4 .\CortexM3\ARM_GCC_493\Debug\version_01.a(cyPm.o)
 .debug_loc     0x0000106c       0x95 .\CortexM3\ARM_GCC_493\Debug\version_01.a(I2CS.o)
 .debug_loc     0x00001101       0x13 .\CortexM3\ARM_GCC_493\Debug\version_01.a(I2CS_PM.o)
 .debug_loc     0x00001114       0x26 .\CortexM3\ARM_GCC_493\Debug\version_01.a(PWMSF.o)
 .debug_loc     0x0000113a       0x42 .\CortexM3\ARM_GCC_493\Debug\version_01.a(SpeedForW.o)
 .debug_loc     0x0000117c       0x42 .\CortexM3\ARM_GCC_493\Debug\version_01.a(Dir_stepF.o)
 .debug_loc     0x000011be       0x26 .\CortexM3\ARM_GCC_493\Debug\version_01.a(PWMF1.o)
 .debug_loc     0x000011e4       0x26 .\CortexM3\ARM_GCC_493\Debug\version_01.a(PWMF2.o)
 .debug_loc     0x0000120a       0x3d .\CortexM3\ARM_GCC_493\Debug\version_01.a(CounterF.o)
 .debug_loc     0x00001247       0x42 .\CortexM3\ARM_GCC_493\Debug\version_01.a(Dir_stepB.o)
 .debug_loc     0x00001289       0x3d .\CortexM3\ARM_GCC_493\Debug\version_01.a(CounterB.o)
 .debug_loc     0x000012c6       0x26 .\CortexM3\ARM_GCC_493\Debug\version_01.a(PWMB2.o)
 .debug_loc     0x000012ec       0x26 .\CortexM3\ARM_GCC_493\Debug\version_01.a(PWMB1.o)
 .debug_loc     0x00001312       0x26 .\CortexM3\ARM_GCC_493\Debug\version_01.a(PWMSB.o)
 .debug_loc     0x00001338       0x55 .\CortexM3\ARM_GCC_493\Debug\version_01.a(SpeedBackW.o)
 .debug_loc     0x0000138d       0x42 .\CortexM3\ARM_GCC_493\Debug\version_01.a(MicroF.o)
 .debug_loc     0x000013cf       0x42 .\CortexM3\ARM_GCC_493\Debug\version_01.a(MicroB.o)
 .debug_loc     0x00001411      0x300 .\CortexM3\ARM_GCC_493\Debug\version_01.a(CyFlash.o)
 .debug_loc     0x00001711      0x64d .\CortexM3\ARM_GCC_493\Debug\version_01.a(CySpc.o)

.debug_macinfo
 *(.debug_macinfo)

.debug_ranges   0x00000000      0xa60
 *(.debug_ranges)
 .debug_ranges  0x00000000       0x10 .\CortexM3\ARM_GCC_493\Debug\main.o
 .debug_ranges  0x00000010       0x10 .\CortexM3\ARM_GCC_493\Debug\run_front.o
 .debug_ranges  0x00000020       0x10 .\CortexM3\ARM_GCC_493\Debug\run_back.o
 .debug_ranges  0x00000030       0x10 .\CortexM3\ARM_GCC_493\Debug\init_step.o
 .debug_ranges  0x00000040       0x38 .\CortexM3\ARM_GCC_493\Debug\Cm3Start.o
 .debug_ranges  0x00000078       0x48 .\CortexM3\ARM_GCC_493\Debug\version_01.a(cyfitter_cfg.o)
 .debug_ranges  0x000000c0      0x290 .\CortexM3\ARM_GCC_493\Debug\version_01.a(CyLib.o)
 .debug_ranges  0x00000350       0x88 .\CortexM3\ARM_GCC_493\Debug\version_01.a(cyPm.o)
 .debug_ranges  0x000003d8       0x48 .\CortexM3\ARM_GCC_493\Debug\version_01.a(I2CS.o)
 .debug_ranges  0x00000420       0x10 .\CortexM3\ARM_GCC_493\Debug\version_01.a(I2CS_INT.o)
 .debug_ranges  0x00000430       0x28 .\CortexM3\ARM_GCC_493\Debug\version_01.a(I2CS_PM.o)
 .debug_ranges  0x00000458       0x88 .\CortexM3\ARM_GCC_493\Debug\version_01.a(PWMSF.o)
 .debug_ranges  0x000004e0       0x28 .\CortexM3\ARM_GCC_493\Debug\version_01.a(SpeedForW.o)
 .debug_ranges  0x00000508       0x28 .\CortexM3\ARM_GCC_493\Debug\version_01.a(Dir_stepF.o)
 .debug_ranges  0x00000530       0x88 .\CortexM3\ARM_GCC_493\Debug\version_01.a(PWMF1.o)
 .debug_ranges  0x000005b8       0x88 .\CortexM3\ARM_GCC_493\Debug\version_01.a(PWMF2.o)
 .debug_ranges  0x00000640       0x88 .\CortexM3\ARM_GCC_493\Debug\version_01.a(CounterF.o)
 .debug_ranges  0x000006c8       0x28 .\CortexM3\ARM_GCC_493\Debug\version_01.a(Dir_stepB.o)
 .debug_ranges  0x000006f0       0x88 .\CortexM3\ARM_GCC_493\Debug\version_01.a(CounterB.o)
 .debug_ranges  0x00000778       0x88 .\CortexM3\ARM_GCC_493\Debug\version_01.a(PWMB2.o)
 .debug_ranges  0x00000800       0x88 .\CortexM3\ARM_GCC_493\Debug\version_01.a(PWMB1.o)
 .debug_ranges  0x00000888       0x88 .\CortexM3\ARM_GCC_493\Debug\version_01.a(PWMSB.o)
 .debug_ranges  0x00000910       0x28 .\CortexM3\ARM_GCC_493\Debug\version_01.a(SpeedBackW.o)
 .debug_ranges  0x00000938       0x28 .\CortexM3\ARM_GCC_493\Debug\version_01.a(MicroF.o)
 .debug_ranges  0x00000960       0x28 .\CortexM3\ARM_GCC_493\Debug\version_01.a(MicroB.o)
 .debug_ranges  0x00000988       0x70 .\CortexM3\ARM_GCC_493\Debug\version_01.a(CyFlash.o)
 .debug_ranges  0x000009f8       0x68 .\CortexM3\ARM_GCC_493\Debug\version_01.a(CySpc.o)

.comment        0x00000000       0x70
 .comment       0x00000000       0x70 .\CortexM3\ARM_GCC_493\Debug\main.o
                                 0x71 (size before relaxing)
 .comment       0x00000000       0x71 .\CortexM3\ARM_GCC_493\Debug\run_front.o
 .comment       0x00000000       0x71 .\CortexM3\ARM_GCC_493\Debug\run_back.o
 .comment       0x00000000       0x71 .\CortexM3\ARM_GCC_493\Debug\init_step.o
 .comment       0x00000000       0x71 .\CortexM3\ARM_GCC_493\Debug\cymetadata.o
 .comment       0x00000000       0x71 .\CortexM3\ARM_GCC_493\Debug\Cm3Start.o
 .comment       0x00000000       0x71 .\CortexM3\ARM_GCC_493\Debug\version_01.a(cyfitter_cfg.o)
 .comment       0x00000000       0x71 .\CortexM3\ARM_GCC_493\Debug\version_01.a(CyLib.o)
 .comment       0x00000000       0x71 .\CortexM3\ARM_GCC_493\Debug\version_01.a(cyPm.o)
 .comment       0x00000000       0x71 .\CortexM3\ARM_GCC_493\Debug\version_01.a(I2CS.o)
 .comment       0x00000000       0x71 .\CortexM3\ARM_GCC_493\Debug\version_01.a(I2CS_INT.o)
 .comment       0x00000000       0x71 .\CortexM3\ARM_GCC_493\Debug\version_01.a(I2CS_PM.o)
 .comment       0x00000000       0x71 .\CortexM3\ARM_GCC_493\Debug\version_01.a(PWMSF.o)
 .comment       0x00000000       0x71 .\CortexM3\ARM_GCC_493\Debug\version_01.a(SpeedForW.o)
 .comment       0x00000000       0x71 .\CortexM3\ARM_GCC_493\Debug\version_01.a(Dir_stepF.o)
 .comment       0x00000000       0x71 .\CortexM3\ARM_GCC_493\Debug\version_01.a(PWMF1.o)
 .comment       0x00000000       0x71 .\CortexM3\ARM_GCC_493\Debug\version_01.a(PWMF2.o)
 .comment       0x00000000       0x71 .\CortexM3\ARM_GCC_493\Debug\version_01.a(CounterF.o)
 .comment       0x00000000       0x71 .\CortexM3\ARM_GCC_493\Debug\version_01.a(Dir_stepB.o)
 .comment       0x00000000       0x71 .\CortexM3\ARM_GCC_493\Debug\version_01.a(CounterB.o)
 .comment       0x00000000       0x71 .\CortexM3\ARM_GCC_493\Debug\version_01.a(PWMB2.o)
 .comment       0x00000000       0x71 .\CortexM3\ARM_GCC_493\Debug\version_01.a(PWMB1.o)
 .comment       0x00000000       0x71 .\CortexM3\ARM_GCC_493\Debug\version_01.a(PWMSB.o)
 .comment       0x00000000       0x71 .\CortexM3\ARM_GCC_493\Debug\version_01.a(SpeedBackW.o)
 .comment       0x00000000       0x71 .\CortexM3\ARM_GCC_493\Debug\version_01.a(MicroF.o)
 .comment       0x00000000       0x71 .\CortexM3\ARM_GCC_493\Debug\version_01.a(MicroB.o)
 .comment       0x00000000       0x71 .\CortexM3\ARM_GCC_493\Debug\version_01.a(CyFlash.o)
 .comment       0x00000000       0x71 .\CortexM3\ARM_GCC_493\Debug\version_01.a(CySpc.o)

.debug_weaknames
 *(.debug_weaknames)

.debug_funcnames
 *(.debug_funcnames)

.debug_typenames
 *(.debug_typenames)

.debug_varnames
 *(.debug_varnames)

.note.gnu.arm.ident
 *(.note.gnu.arm.ident)

.ARM.attributes
                0x00000000       0x29
 *(.ARM.attributes)
 .ARM.attributes
                0x00000000       0x1d c:/program files (x86)/cypress/psoc creator/4.0/psoc creator/import/gnu/arm/4.9.3/bin/../lib/gcc/arm-none-eabi/4.9.3/armv7-m/crti.o
 .ARM.attributes
                0x0000001d       0x2d c:/program files (x86)/cypress/psoc creator/4.0/psoc creator/import/gnu/arm/4.9.3/bin/../lib/gcc/arm-none-eabi/4.9.3/armv7-m/crtbegin.o
 .ARM.attributes
                0x0000004a       0x1b c:/program files (x86)/cypress/psoc creator/4.0/psoc creator/import/gnu/arm/4.9.3/bin/../lib/gcc/arm-none-eabi/4.9.3/../../../../arm-none-eabi/lib/armv7-m/crt0.o
 .ARM.attributes
                0x00000065       0x33 .\CortexM3\ARM_GCC_493\Debug\main.o
 .ARM.attributes
                0x00000098       0x33 .\CortexM3\ARM_GCC_493\Debug\run_front.o
 .ARM.attributes
                0x000000cb       0x33 .\CortexM3\ARM_GCC_493\Debug\run_back.o
 .ARM.attributes
                0x000000fe       0x33 .\CortexM3\ARM_GCC_493\Debug\init_step.o
 .ARM.attributes
                0x00000131       0x33 .\CortexM3\ARM_GCC_493\Debug\cymetadata.o
 .ARM.attributes
                0x00000164       0x33 .\CortexM3\ARM_GCC_493\Debug\Cm3Start.o
 .ARM.attributes
                0x00000197       0x33 .\CortexM3\ARM_GCC_493\Debug\version_01.a(cyfitter_cfg.o)
 .ARM.attributes
                0x000001ca       0x33 .\CortexM3\ARM_GCC_493\Debug\version_01.a(CyLib.o)
 .ARM.attributes
                0x000001fd       0x33 .\CortexM3\ARM_GCC_493\Debug\version_01.a(cyPm.o)
 .ARM.attributes
                0x00000230       0x33 .\CortexM3\ARM_GCC_493\Debug\version_01.a(I2CS.o)
 .ARM.attributes
                0x00000263       0x33 .\CortexM3\ARM_GCC_493\Debug\version_01.a(I2CS_INT.o)
 .ARM.attributes
                0x00000296       0x33 .\CortexM3\ARM_GCC_493\Debug\version_01.a(I2CS_PM.o)
 .ARM.attributes
                0x000002c9       0x33 .\CortexM3\ARM_GCC_493\Debug\version_01.a(PWMSF.o)
 .ARM.attributes
                0x000002fc       0x33 .\CortexM3\ARM_GCC_493\Debug\version_01.a(SpeedForW.o)
 .ARM.attributes
                0x0000032f       0x33 .\CortexM3\ARM_GCC_493\Debug\version_01.a(Dir_stepF.o)
 .ARM.attributes
                0x00000362       0x33 .\CortexM3\ARM_GCC_493\Debug\version_01.a(PWMF1.o)
 .ARM.attributes
                0x00000395       0x33 .\CortexM3\ARM_GCC_493\Debug\version_01.a(PWMF2.o)
 .ARM.attributes
                0x000003c8       0x33 .\CortexM3\ARM_GCC_493\Debug\version_01.a(CounterF.o)
 .ARM.attributes
                0x000003fb       0x33 .\CortexM3\ARM_GCC_493\Debug\version_01.a(Dir_stepB.o)
 .ARM.attributes
                0x0000042e       0x33 .\CortexM3\ARM_GCC_493\Debug\version_01.a(CounterB.o)
 .ARM.attributes
                0x00000461       0x33 .\CortexM3\ARM_GCC_493\Debug\version_01.a(PWMB2.o)
 .ARM.attributes
                0x00000494       0x33 .\CortexM3\ARM_GCC_493\Debug\version_01.a(PWMB1.o)
 .ARM.attributes
                0x000004c7       0x33 .\CortexM3\ARM_GCC_493\Debug\version_01.a(PWMSB.o)
 .ARM.attributes
                0x000004fa       0x33 .\CortexM3\ARM_GCC_493\Debug\version_01.a(SpeedBackW.o)
 .ARM.attributes
                0x0000052d       0x33 .\CortexM3\ARM_GCC_493\Debug\version_01.a(MicroF.o)
 .ARM.attributes
                0x00000560       0x33 .\CortexM3\ARM_GCC_493\Debug\version_01.a(MicroB.o)
 .ARM.attributes
                0x00000593       0x21 .\CortexM3\ARM_GCC_493\Debug\version_01.a(CyBootAsmGnu.o)
 .ARM.attributes
                0x000005b4       0x33 .\CortexM3\ARM_GCC_493\Debug\version_01.a(CyFlash.o)
 .ARM.attributes
                0x000005e7       0x33 .\CortexM3\ARM_GCC_493\Debug\version_01.a(CySpc.o)
 .ARM.attributes
                0x0000061a       0x2d c:/program files (x86)/cypress/psoc creator/4.0/psoc creator/import/gnu/arm/4.9.3/bin/../lib/gcc/arm-none-eabi/4.9.3/../../../../arm-none-eabi/lib/armv7-m\libg_nano.a(lib_a-errno.o)
 .ARM.attributes
                0x00000647       0x2d c:/program files (x86)/cypress/psoc creator/4.0/psoc creator/import/gnu/arm/4.9.3/bin/../lib/gcc/arm-none-eabi/4.9.3/../../../../arm-none-eabi/lib/armv7-m\libg_nano.a(lib_a-exit.o)
 .ARM.attributes
                0x00000674       0x2d c:/program files (x86)/cypress/psoc creator/4.0/psoc creator/import/gnu/arm/4.9.3/bin/../lib/gcc/arm-none-eabi/4.9.3/../../../../arm-none-eabi/lib/armv7-m\libg_nano.a(lib_a-impure.o)
 .ARM.attributes
                0x000006a1       0x2d c:/program files (x86)/cypress/psoc creator/4.0/psoc creator/import/gnu/arm/4.9.3/bin/../lib/gcc/arm-none-eabi/4.9.3/../../../../arm-none-eabi/lib/armv7-m\libg_nano.a(lib_a-init.o)
 .ARM.attributes
                0x000006ce       0x2d c:/program files (x86)/cypress/psoc creator/4.0/psoc creator/import/gnu/arm/4.9.3/bin/../lib/gcc/arm-none-eabi/4.9.3/../../../../arm-none-eabi/lib/armv7-m\libg_nano.a(lib_a-memcpy.o)
 .ARM.attributes
                0x000006fb       0x2d c:/program files (x86)/cypress/psoc creator/4.0/psoc creator/import/gnu/arm/4.9.3/bin/../lib/gcc/arm-none-eabi/4.9.3/../../../../arm-none-eabi/lib/armv7-m\libg_nano.a(lib_a-memset.o)
 .ARM.attributes
                0x00000728       0x2d c:/program files (x86)/cypress/psoc creator/4.0/psoc creator/import/gnu/arm/4.9.3/bin/../lib/gcc/arm-none-eabi/4.9.3/armv7-m/crtend.o
 .ARM.attributes
                0x00000755       0x1d c:/program files (x86)/cypress/psoc creator/4.0/psoc creator/import/gnu/arm/4.9.3/bin/../lib/gcc/arm-none-eabi/4.9.3/armv7-m/crtn.o

/DISCARD/
 *(.note.GNU-stack)
OUTPUT(.\CortexM3\ARM_GCC_493\Debug\version_01.elf elf32-littlearm)
