Archive member included because of file (symbol)

.\CortexM0\ARM_GCC_493\Debug\SCB_I2cCommSlave01.a(cyfitter_cfg.o)
                              .\CortexM0\ARM_GCC_493\Debug\Cm0Start.o (cyfitter_cfg)
.\CortexM0\ARM_GCC_493\Debug\SCB_I2cCommSlave01.a(I2CS.o)
                              .\CortexM0\ARM_GCC_493\Debug\main.o (I2CS_Start)
.\CortexM0\ARM_GCC_493\Debug\SCB_I2cCommSlave01.a(I2CS_I2C.o)
                              .\CortexM0\ARM_GCC_493\Debug\SCB_I2cCommSlave01.a(I2CS.o) (I2CS_I2CInit)
.\CortexM0\ARM_GCC_493\Debug\SCB_I2cCommSlave01.a(I2CS_I2C_SLAVE.o)
                              .\CortexM0\ARM_GCC_493\Debug\SCB_I2cCommSlave01.a(I2CS_I2C.o) (I2CS_slStatus)
.\CortexM0\ARM_GCC_493\Debug\SCB_I2cCommSlave01.a(CyLib.o)
                              .\CortexM0\ARM_GCC_493\Debug\SCB_I2cCommSlave01.a(cyfitter_cfg.o) (CySysClkWriteImoFreq)
.\CortexM0\ARM_GCC_493\Debug\SCB_I2cCommSlave01.a(PWM_2.o)
                              .\CortexM0\ARM_GCC_493\Debug\main.o (PWM_2_WriteCompare)
.\CortexM0\ARM_GCC_493\Debug\SCB_I2cCommSlave01.a(I2CS_I2C_INT.o)
                              .\CortexM0\ARM_GCC_493\Debug\SCB_I2cCommSlave01.a(I2CS_I2C.o) (I2CS_I2C_ISR)
.\CortexM0\ARM_GCC_493\Debug\SCB_I2cCommSlave01.a(CyBootAsmGnu.o)
                              .\CortexM0\ARM_GCC_493\Debug\SCB_I2cCommSlave01.a(CyLib.o) (CyDelayCycles)
c:/program files (x86)/cypress/psoc creator/3.3/psoc creator/import/gnu/arm/4.9.3/bin/../lib/gcc/arm-none-eabi/4.9.3/armv6-m\libgcc.a(_udivsi3.o)
                              .\CortexM0\ARM_GCC_493\Debug\SCB_I2cCommSlave01.a(CyLib.o) (__aeabi_uidiv)
c:/program files (x86)/cypress/psoc creator/3.3/psoc creator/import/gnu/arm/4.9.3/bin/../lib/gcc/arm-none-eabi/4.9.3/armv6-m\libgcc.a(_dvmd_tls.o)
                              c:/program files (x86)/cypress/psoc creator/3.3/psoc creator/import/gnu/arm/4.9.3/bin/../lib/gcc/arm-none-eabi/4.9.3/armv6-m\libgcc.a(_udivsi3.o) (__aeabi_idiv0)
c:/program files (x86)/cypress/psoc creator/3.3/psoc creator/import/gnu/arm/4.9.3/bin/../lib/gcc/arm-none-eabi/4.9.3/../../../../arm-none-eabi/lib/armv6-m\libg_nano.a(lib_a-errno.o)
                              .\CortexM0\ARM_GCC_493\Debug\Cm0Start.o (__errno)
c:/program files (x86)/cypress/psoc creator/3.3/psoc creator/import/gnu/arm/4.9.3/bin/../lib/gcc/arm-none-eabi/4.9.3/../../../../arm-none-eabi/lib/armv6-m\libg_nano.a(lib_a-exit.o)
                              c:/program files (x86)/cypress/psoc creator/3.3/psoc creator/import/gnu/arm/4.9.3/bin/../lib/gcc/arm-none-eabi/4.9.3/../../../../arm-none-eabi/lib/armv6-m/crt0.o (exit)
c:/program files (x86)/cypress/psoc creator/3.3/psoc creator/import/gnu/arm/4.9.3/bin/../lib/gcc/arm-none-eabi/4.9.3/../../../../arm-none-eabi/lib/armv6-m\libg_nano.a(lib_a-impure.o)
                              c:/program files (x86)/cypress/psoc creator/3.3/psoc creator/import/gnu/arm/4.9.3/bin/../lib/gcc/arm-none-eabi/4.9.3/../../../../arm-none-eabi/lib/armv6-m\libg_nano.a(lib_a-exit.o) (_global_impure_ptr)
c:/program files (x86)/cypress/psoc creator/3.3/psoc creator/import/gnu/arm/4.9.3/bin/../lib/gcc/arm-none-eabi/4.9.3/../../../../arm-none-eabi/lib/armv6-m\libg_nano.a(lib_a-init.o)
                              c:/program files (x86)/cypress/psoc creator/3.3/psoc creator/import/gnu/arm/4.9.3/bin/../lib/gcc/arm-none-eabi/4.9.3/../../../../arm-none-eabi/lib/armv6-m/crt0.o (__libc_init_array)
c:/program files (x86)/cypress/psoc creator/3.3/psoc creator/import/gnu/arm/4.9.3/bin/../lib/gcc/arm-none-eabi/4.9.3/../../../../arm-none-eabi/lib/armv6-m\libg_nano.a(lib_a-memcpy.o)
                              .\CortexM0\ARM_GCC_493\Debug\SCB_I2cCommSlave01.a(cyfitter_cfg.o) (memcpy)
c:/program files (x86)/cypress/psoc creator/3.3/psoc creator/import/gnu/arm/4.9.3/bin/../lib/gcc/arm-none-eabi/4.9.3/../../../../arm-none-eabi/lib/armv6-m\libg_nano.a(lib_a-memset.o)
                              c:/program files (x86)/cypress/psoc creator/3.3/psoc creator/import/gnu/arm/4.9.3/bin/../lib/gcc/arm-none-eabi/4.9.3/../../../../arm-none-eabi/lib/armv6-m/crt0.o (memset)

Allocating common symbols
Common symbol       size              file

I2CS_state          0x1               .\CortexM0\ARM_GCC_493\Debug\SCB_I2cCommSlave01.a(I2CS_I2C.o)
I2CS_slRdBufIndex   0x4               .\CortexM0\ARM_GCC_493\Debug\SCB_I2cCommSlave01.a(I2CS_I2C_SLAVE.o)
i2cWriteBuffer      0x4               .\CortexM0\ARM_GCC_493\Debug\main.o
I2CS_slWrBufIndex   0x4               .\CortexM0\ARM_GCC_493\Debug\SCB_I2cCommSlave01.a(I2CS_I2C_SLAVE.o)
I2CS_slWrBufSize    0x4               .\CortexM0\ARM_GCC_493\Debug\SCB_I2cCommSlave01.a(I2CS_I2C_SLAVE.o)
I2CS_slRdBufSize    0x4               .\CortexM0\ARM_GCC_493\Debug\SCB_I2cCommSlave01.a(I2CS_I2C_SLAVE.o)
I2CS_slRdBufPtr     0x4               .\CortexM0\ARM_GCC_493\Debug\SCB_I2cCommSlave01.a(I2CS_I2C_SLAVE.o)
I2CS_slStatus       0x1               .\CortexM0\ARM_GCC_493\Debug\SCB_I2cCommSlave01.a(I2CS_I2C_SLAVE.o)
I2CS_slRdBufIndexTmp
                    0x4               .\CortexM0\ARM_GCC_493\Debug\SCB_I2cCommSlave01.a(I2CS_I2C_SLAVE.o)
I2CS_slWrBufPtr     0x4               .\CortexM0\ARM_GCC_493\Debug\SCB_I2cCommSlave01.a(I2CS_I2C_SLAVE.o)
I2CS_slOverFlowCount
                    0x1               .\CortexM0\ARM_GCC_493\Debug\SCB_I2cCommSlave01.a(I2CS_I2C_SLAVE.o)

Discarded input sections

 .text          0x00000000        0x0 c:/program files (x86)/cypress/psoc creator/3.3/psoc creator/import/gnu/arm/4.9.3/bin/../lib/gcc/arm-none-eabi/4.9.3/armv6-m/crti.o
 .data          0x00000000        0x0 c:/program files (x86)/cypress/psoc creator/3.3/psoc creator/import/gnu/arm/4.9.3/bin/../lib/gcc/arm-none-eabi/4.9.3/armv6-m/crti.o
 .bss           0x00000000        0x0 c:/program files (x86)/cypress/psoc creator/3.3/psoc creator/import/gnu/arm/4.9.3/bin/../lib/gcc/arm-none-eabi/4.9.3/armv6-m/crti.o
 .data          0x00000000        0x4 c:/program files (x86)/cypress/psoc creator/3.3/psoc creator/import/gnu/arm/4.9.3/bin/../lib/gcc/arm-none-eabi/4.9.3/armv6-m/crtbegin.o
 .text          0x00000000       0x78 c:/program files (x86)/cypress/psoc creator/3.3/psoc creator/import/gnu/arm/4.9.3/bin/../lib/gcc/arm-none-eabi/4.9.3/../../../../arm-none-eabi/lib/armv6-m/crt0.o
 .data          0x00000000        0x0 c:/program files (x86)/cypress/psoc creator/3.3/psoc creator/import/gnu/arm/4.9.3/bin/../lib/gcc/arm-none-eabi/4.9.3/../../../../arm-none-eabi/lib/armv6-m/crt0.o
 .bss           0x00000000        0x0 c:/program files (x86)/cypress/psoc creator/3.3/psoc creator/import/gnu/arm/4.9.3/bin/../lib/gcc/arm-none-eabi/4.9.3/../../../../arm-none-eabi/lib/armv6-m/crt0.o
 .ARM.extab     0x00000000        0x0 c:/program files (x86)/cypress/psoc creator/3.3/psoc creator/import/gnu/arm/4.9.3/bin/../lib/gcc/arm-none-eabi/4.9.3/../../../../arm-none-eabi/lib/armv6-m/crt0.o
 .ARM.exidx     0x00000000        0x8 c:/program files (x86)/cypress/psoc creator/3.3/psoc creator/import/gnu/arm/4.9.3/bin/../lib/gcc/arm-none-eabi/4.9.3/../../../../arm-none-eabi/lib/armv6-m/crt0.o
 .text          0x00000000        0x0 .\CortexM0\ARM_GCC_493\Debug\main.o
 .bss           0x00000000        0x0 .\CortexM0\ARM_GCC_493\Debug\main.o
 .text          0x00000000        0x0 .\CortexM0\ARM_GCC_493\Debug\cymetadata.o
 .data          0x00000000        0x0 .\CortexM0\ARM_GCC_493\Debug\cymetadata.o
 .bss           0x00000000        0x0 .\CortexM0\ARM_GCC_493\Debug\cymetadata.o
 .text          0x00000000        0x0 .\CortexM0\ARM_GCC_493\Debug\Cm0Start.o
 .data          0x00000000        0x4 .\CortexM0\ARM_GCC_493\Debug\Cm0Start.o
 .bss           0x00000000        0x0 .\CortexM0\ARM_GCC_493\Debug\Cm0Start.o
 .text._exit    0x00000000       0x14 .\CortexM0\ARM_GCC_493\Debug\Cm0Start.o
 .text._sbrk    0x00000000       0x54 .\CortexM0\ARM_GCC_493\Debug\Cm0Start.o
 .text          0x00000000        0x0 .\CortexM0\ARM_GCC_493\Debug\SCB_I2cCommSlave01.a(cyfitter_cfg.o)
 .data          0x00000000        0x0 .\CortexM0\ARM_GCC_493\Debug\SCB_I2cCommSlave01.a(cyfitter_cfg.o)
 .bss           0x00000000        0x0 .\CortexM0\ARM_GCC_493\Debug\SCB_I2cCommSlave01.a(cyfitter_cfg.o)
 .text.CYCONFIGCPY
                0x00000000       0x24 .\CortexM0\ARM_GCC_493\Debug\SCB_I2cCommSlave01.a(cyfitter_cfg.o)
 .text.CYCONFIGCPYCODE
                0x00000000       0x24 .\CortexM0\ARM_GCC_493\Debug\SCB_I2cCommSlave01.a(cyfitter_cfg.o)
 .text          0x00000000        0x0 .\CortexM0\ARM_GCC_493\Debug\SCB_I2cCommSlave01.a(I2CS.o)
 .data          0x00000000        0x0 .\CortexM0\ARM_GCC_493\Debug\SCB_I2cCommSlave01.a(I2CS.o)
 .text.I2CS_Stop
                0x00000000       0x34 .\CortexM0\ARM_GCC_493\Debug\SCB_I2cCommSlave01.a(I2CS.o)
 .text.I2CS_SetRxFifoLevel
                0x00000000       0x34 .\CortexM0\ARM_GCC_493\Debug\SCB_I2cCommSlave01.a(I2CS.o)
 .text.I2CS_SetTxFifoLevel
                0x00000000       0x34 .\CortexM0\ARM_GCC_493\Debug\SCB_I2cCommSlave01.a(I2CS.o)
 .text.I2CS_SetCustomInterruptHandler
                0x00000000       0x18 .\CortexM0\ARM_GCC_493\Debug\SCB_I2cCommSlave01.a(I2CS.o)
 .text.I2CS_ScbModeStop
                0x00000000        0xc .\CortexM0\ARM_GCC_493\Debug\SCB_I2cCommSlave01.a(I2CS.o)
 .text          0x00000000        0x0 .\CortexM0\ARM_GCC_493\Debug\SCB_I2cCommSlave01.a(I2CS_I2C.o)
 .data          0x00000000        0x0 .\CortexM0\ARM_GCC_493\Debug\SCB_I2cCommSlave01.a(I2CS_I2C.o)
 .bss           0x00000000        0x0 .\CortexM0\ARM_GCC_493\Debug\SCB_I2cCommSlave01.a(I2CS_I2C.o)
 .text.I2CS_I2CStop
                0x00000000       0x14 .\CortexM0\ARM_GCC_493\Debug\SCB_I2cCommSlave01.a(I2CS_I2C.o)
 .text          0x00000000        0x0 .\CortexM0\ARM_GCC_493\Debug\SCB_I2cCommSlave01.a(I2CS_I2C_SLAVE.o)
 .data          0x00000000        0x0 .\CortexM0\ARM_GCC_493\Debug\SCB_I2cCommSlave01.a(I2CS_I2C_SLAVE.o)
 .bss           0x00000000        0x0 .\CortexM0\ARM_GCC_493\Debug\SCB_I2cCommSlave01.a(I2CS_I2C_SLAVE.o)
 .text.I2CS_I2CSlaveSetAddress
                0x00000000       0x34 .\CortexM0\ARM_GCC_493\Debug\SCB_I2cCommSlave01.a(I2CS_I2C_SLAVE.o)
 .text.I2CS_I2CSlaveSetAddressMask
                0x00000000       0x34 .\CortexM0\ARM_GCC_493\Debug\SCB_I2cCommSlave01.a(I2CS_I2C_SLAVE.o)
 .text.I2CS_I2CSlaveGetReadBufSize
                0x00000000       0x14 .\CortexM0\ARM_GCC_493\Debug\SCB_I2cCommSlave01.a(I2CS_I2C_SLAVE.o)
 .text          0x00000000        0x0 .\CortexM0\ARM_GCC_493\Debug\SCB_I2cCommSlave01.a(CyLib.o)
 .bss           0x00000000       0x18 .\CortexM0\ARM_GCC_493\Debug\SCB_I2cCommSlave01.a(CyLib.o)
 .text.CySysClkImoStart
                0x00000000       0x1c .\CortexM0\ARM_GCC_493\Debug\SCB_I2cCommSlave01.a(CyLib.o)
 .text.CySysClkImoStop
                0x00000000       0x18 .\CortexM0\ARM_GCC_493\Debug\SCB_I2cCommSlave01.a(CyLib.o)
 .text.CySysClkWriteHfclkDirect
                0x00000000       0x48 .\CortexM0\ARM_GCC_493\Debug\SCB_I2cCommSlave01.a(CyLib.o)
 .text.CySysClkGetSysclkSource
                0x00000000       0x34 .\CortexM0\ARM_GCC_493\Debug\SCB_I2cCommSlave01.a(CyLib.o)
 .text.CySysClkWriteSysclkDiv
                0x00000000       0x44 .\CortexM0\ARM_GCC_493\Debug\SCB_I2cCommSlave01.a(CyLib.o)
 .text.CySysLvdEnable
                0x00000000       0x60 .\CortexM0\ARM_GCC_493\Debug\SCB_I2cCommSlave01.a(CyLib.o)
 .text.CySysLvdDisable
                0x00000000       0x28 .\CortexM0\ARM_GCC_493\Debug\SCB_I2cCommSlave01.a(CyLib.o)
 .text.CySysLvdGetInterruptSource
                0x00000000       0x18 .\CortexM0\ARM_GCC_493\Debug\SCB_I2cCommSlave01.a(CyLib.o)
 .text.CySysLvdClearInterrupt
                0x00000000       0x14 .\CortexM0\ARM_GCC_493\Debug\SCB_I2cCommSlave01.a(CyLib.o)
 .text.CySysGetResetReason
                0x00000000       0x30 .\CortexM0\ARM_GCC_493\Debug\SCB_I2cCommSlave01.a(CyLib.o)
 .text.CyDisableInts
                0x00000000       0x24 .\CortexM0\ARM_GCC_493\Debug\SCB_I2cCommSlave01.a(CyLib.o)
 .text.CyEnableInts
                0x00000000       0x18 .\CortexM0\ARM_GCC_493\Debug\SCB_I2cCommSlave01.a(CyLib.o)
 .text.CyIntSetSysVector
                0x00000000       0x48 .\CortexM0\ARM_GCC_493\Debug\SCB_I2cCommSlave01.a(CyLib.o)
 .text.CyIntGetSysVector
                0x00000000       0x34 .\CortexM0\ARM_GCC_493\Debug\SCB_I2cCommSlave01.a(CyLib.o)
 .text.CyIntGetVector
                0x00000000       0x38 .\CortexM0\ARM_GCC_493\Debug\SCB_I2cCommSlave01.a(CyLib.o)
 .text.CyIntGetPriority
                0x00000000       0x5c .\CortexM0\ARM_GCC_493\Debug\SCB_I2cCommSlave01.a(CyLib.o)
 .text.CyIntGetState
                0x00000000       0x30 .\CortexM0\ARM_GCC_493\Debug\SCB_I2cCommSlave01.a(CyLib.o)
 .text.CyIntSetPending
                0x00000000       0x28 .\CortexM0\ARM_GCC_493\Debug\SCB_I2cCommSlave01.a(CyLib.o)
 .text.CyIntClearPending
                0x00000000       0x28 .\CortexM0\ARM_GCC_493\Debug\SCB_I2cCommSlave01.a(CyLib.o)
 .text.CySoftwareReset
                0x00000000       0x20 .\CortexM0\ARM_GCC_493\Debug\SCB_I2cCommSlave01.a(CyLib.o)
 .text.CyDelay  0x00000000       0x48 .\CortexM0\ARM_GCC_493\Debug\SCB_I2cCommSlave01.a(CyLib.o)
 .text.CyDelayFreq
                0x00000000       0x84 .\CortexM0\ARM_GCC_493\Debug\SCB_I2cCommSlave01.a(CyLib.o)
 .text.CySysTickStart
                0x00000000       0x24 .\CortexM0\ARM_GCC_493\Debug\SCB_I2cCommSlave01.a(CyLib.o)
 .text.CySysTickInit
                0x00000000       0x60 .\CortexM0\ARM_GCC_493\Debug\SCB_I2cCommSlave01.a(CyLib.o)
 .text.CySysTickEnable
                0x00000000       0x1c .\CortexM0\ARM_GCC_493\Debug\SCB_I2cCommSlave01.a(CyLib.o)
 .text.CySysTickStop
                0x00000000       0x18 .\CortexM0\ARM_GCC_493\Debug\SCB_I2cCommSlave01.a(CyLib.o)
 .text.CySysTickEnableInterrupt
                0x00000000       0x18 .\CortexM0\ARM_GCC_493\Debug\SCB_I2cCommSlave01.a(CyLib.o)
 .text.CySysTickDisableInterrupt
                0x00000000       0x18 .\CortexM0\ARM_GCC_493\Debug\SCB_I2cCommSlave01.a(CyLib.o)
 .text.CySysTickSetReload
                0x00000000       0x1c .\CortexM0\ARM_GCC_493\Debug\SCB_I2cCommSlave01.a(CyLib.o)
 .text.CySysTickGetReload
                0x00000000       0x18 .\CortexM0\ARM_GCC_493\Debug\SCB_I2cCommSlave01.a(CyLib.o)
 .text.CySysTickGetValue
                0x00000000       0x18 .\CortexM0\ARM_GCC_493\Debug\SCB_I2cCommSlave01.a(CyLib.o)
 .text.CySysTickGetCountFlag
                0x00000000       0x18 .\CortexM0\ARM_GCC_493\Debug\SCB_I2cCommSlave01.a(CyLib.o)
 .text.CySysTickClear
                0x00000000       0x14 .\CortexM0\ARM_GCC_493\Debug\SCB_I2cCommSlave01.a(CyLib.o)
 .text.CySysTickSetCallback
                0x00000000       0x2c .\CortexM0\ARM_GCC_493\Debug\SCB_I2cCommSlave01.a(CyLib.o)
 .text.CySysTickGetCallback
                0x00000000       0x1c .\CortexM0\ARM_GCC_493\Debug\SCB_I2cCommSlave01.a(CyLib.o)
 .text.CySysTickServiceCallbacks
                0x00000000       0x44 .\CortexM0\ARM_GCC_493\Debug\SCB_I2cCommSlave01.a(CyLib.o)
 .text.CyGetUniqueId
                0x00000000       0xc0 .\CortexM0\ARM_GCC_493\Debug\SCB_I2cCommSlave01.a(CyLib.o)
 .text          0x00000000        0x0 .\CortexM0\ARM_GCC_493\Debug\SCB_I2cCommSlave01.a(PWM_2.o)
 .data          0x00000000        0x0 .\CortexM0\ARM_GCC_493\Debug\SCB_I2cCommSlave01.a(PWM_2.o)
 .text.PWM_2_Stop
                0x00000000       0x30 .\CortexM0\ARM_GCC_493\Debug\SCB_I2cCommSlave01.a(PWM_2.o)
 .text.PWM_2_SetMode
                0x00000000       0x48 .\CortexM0\ARM_GCC_493\Debug\SCB_I2cCommSlave01.a(PWM_2.o)
 .text.PWM_2_SetQDMode
                0x00000000       0x48 .\CortexM0\ARM_GCC_493\Debug\SCB_I2cCommSlave01.a(PWM_2.o)
 .text.PWM_2_SetPrescaler
                0x00000000       0x48 .\CortexM0\ARM_GCC_493\Debug\SCB_I2cCommSlave01.a(PWM_2.o)
 .text.PWM_2_SetOneShot
                0x00000000       0x4c .\CortexM0\ARM_GCC_493\Debug\SCB_I2cCommSlave01.a(PWM_2.o)
 .text.PWM_2_SetPWMMode
                0x00000000       0x1c .\CortexM0\ARM_GCC_493\Debug\SCB_I2cCommSlave01.a(PWM_2.o)
 .text.PWM_2_SetPWMSyncKill
                0x00000000       0x48 .\CortexM0\ARM_GCC_493\Debug\SCB_I2cCommSlave01.a(PWM_2.o)
 .text.PWM_2_SetPWMStopOnKill
                0x00000000       0x48 .\CortexM0\ARM_GCC_493\Debug\SCB_I2cCommSlave01.a(PWM_2.o)
 .text.PWM_2_SetPWMDeadTime
                0x00000000       0x4c .\CortexM0\ARM_GCC_493\Debug\SCB_I2cCommSlave01.a(PWM_2.o)
 .text.PWM_2_SetPWMInvert
                0x00000000       0x48 .\CortexM0\ARM_GCC_493\Debug\SCB_I2cCommSlave01.a(PWM_2.o)
 .text.PWM_2_ReadCounter
                0x00000000       0x18 .\CortexM0\ARM_GCC_493\Debug\SCB_I2cCommSlave01.a(PWM_2.o)
 .text.PWM_2_SetCounterMode
                0x00000000       0x48 .\CortexM0\ARM_GCC_493\Debug\SCB_I2cCommSlave01.a(PWM_2.o)
 .text.PWM_2_ReadPeriod
                0x00000000       0x18 .\CortexM0\ARM_GCC_493\Debug\SCB_I2cCommSlave01.a(PWM_2.o)
 .text.PWM_2_SetCompareSwap
                0x00000000       0x48 .\CortexM0\ARM_GCC_493\Debug\SCB_I2cCommSlave01.a(PWM_2.o)
 .text.PWM_2_WritePeriodBuf
                0x00000000       0x1c .\CortexM0\ARM_GCC_493\Debug\SCB_I2cCommSlave01.a(PWM_2.o)
 .text.PWM_2_ReadPeriodBuf
                0x00000000       0x18 .\CortexM0\ARM_GCC_493\Debug\SCB_I2cCommSlave01.a(PWM_2.o)
 .text.PWM_2_SetPeriodSwap
                0x00000000       0x48 .\CortexM0\ARM_GCC_493\Debug\SCB_I2cCommSlave01.a(PWM_2.o)
 .text.PWM_2_ReadCompare
                0x00000000       0x18 .\CortexM0\ARM_GCC_493\Debug\SCB_I2cCommSlave01.a(PWM_2.o)
 .text.PWM_2_WriteCompareBuf
                0x00000000       0x1c .\CortexM0\ARM_GCC_493\Debug\SCB_I2cCommSlave01.a(PWM_2.o)
 .text.PWM_2_ReadCompareBuf
                0x00000000       0x18 .\CortexM0\ARM_GCC_493\Debug\SCB_I2cCommSlave01.a(PWM_2.o)
 .text.PWM_2_ReadCapture
                0x00000000       0x18 .\CortexM0\ARM_GCC_493\Debug\SCB_I2cCommSlave01.a(PWM_2.o)
 .text.PWM_2_ReadCaptureBuf
                0x00000000       0x18 .\CortexM0\ARM_GCC_493\Debug\SCB_I2cCommSlave01.a(PWM_2.o)
 .text.PWM_2_SetCaptureMode
                0x00000000       0x44 .\CortexM0\ARM_GCC_493\Debug\SCB_I2cCommSlave01.a(PWM_2.o)
 .text.PWM_2_SetReloadMode
                0x00000000       0x44 .\CortexM0\ARM_GCC_493\Debug\SCB_I2cCommSlave01.a(PWM_2.o)
 .text.PWM_2_SetStartMode
                0x00000000       0x48 .\CortexM0\ARM_GCC_493\Debug\SCB_I2cCommSlave01.a(PWM_2.o)
 .text.PWM_2_SetStopMode
                0x00000000       0x44 .\CortexM0\ARM_GCC_493\Debug\SCB_I2cCommSlave01.a(PWM_2.o)
 .text.PWM_2_SetCountMode
                0x00000000       0x44 .\CortexM0\ARM_GCC_493\Debug\SCB_I2cCommSlave01.a(PWM_2.o)
 .text.PWM_2_ReadStatus
                0x00000000       0x20 .\CortexM0\ARM_GCC_493\Debug\SCB_I2cCommSlave01.a(PWM_2.o)
 .text.PWM_2_GetInterruptSourceMasked
                0x00000000       0x14 .\CortexM0\ARM_GCC_493\Debug\SCB_I2cCommSlave01.a(PWM_2.o)
 .text.PWM_2_GetInterruptSource
                0x00000000       0x14 .\CortexM0\ARM_GCC_493\Debug\SCB_I2cCommSlave01.a(PWM_2.o)
 .text.PWM_2_ClearInterrupt
                0x00000000       0x18 .\CortexM0\ARM_GCC_493\Debug\SCB_I2cCommSlave01.a(PWM_2.o)
 .text.PWM_2_SetInterrupt
                0x00000000       0x18 .\CortexM0\ARM_GCC_493\Debug\SCB_I2cCommSlave01.a(PWM_2.o)
 .text          0x00000000        0x0 .\CortexM0\ARM_GCC_493\Debug\SCB_I2cCommSlave01.a(I2CS_I2C_INT.o)
 .data          0x00000000        0x0 .\CortexM0\ARM_GCC_493\Debug\SCB_I2cCommSlave01.a(I2CS_I2C_INT.o)
 .bss           0x00000000        0x0 .\CortexM0\ARM_GCC_493\Debug\SCB_I2cCommSlave01.a(I2CS_I2C_INT.o)
 .data          0x00000000        0x0 .\CortexM0\ARM_GCC_493\Debug\SCB_I2cCommSlave01.a(CyBootAsmGnu.o)
 .bss           0x00000000        0x0 .\CortexM0\ARM_GCC_493\Debug\SCB_I2cCommSlave01.a(CyBootAsmGnu.o)
 .text          0x00000000      0x120 c:/program files (x86)/cypress/psoc creator/3.3/psoc creator/import/gnu/arm/4.9.3/bin/../lib/gcc/arm-none-eabi/4.9.3/armv6-m\libgcc.a(_udivsi3.o)
 .data          0x00000000        0x0 c:/program files (x86)/cypress/psoc creator/3.3/psoc creator/import/gnu/arm/4.9.3/bin/../lib/gcc/arm-none-eabi/4.9.3/armv6-m\libgcc.a(_udivsi3.o)
 .bss           0x00000000        0x0 c:/program files (x86)/cypress/psoc creator/3.3/psoc creator/import/gnu/arm/4.9.3/bin/../lib/gcc/arm-none-eabi/4.9.3/armv6-m\libgcc.a(_udivsi3.o)
 .text          0x00000000        0x4 c:/program files (x86)/cypress/psoc creator/3.3/psoc creator/import/gnu/arm/4.9.3/bin/../lib/gcc/arm-none-eabi/4.9.3/armv6-m\libgcc.a(_dvmd_tls.o)
 .data          0x00000000        0x0 c:/program files (x86)/cypress/psoc creator/3.3/psoc creator/import/gnu/arm/4.9.3/bin/../lib/gcc/arm-none-eabi/4.9.3/armv6-m\libgcc.a(_dvmd_tls.o)
 .bss           0x00000000        0x0 c:/program files (x86)/cypress/psoc creator/3.3/psoc creator/import/gnu/arm/4.9.3/bin/../lib/gcc/arm-none-eabi/4.9.3/armv6-m\libgcc.a(_dvmd_tls.o)
 .text          0x00000000        0x0 c:/program files (x86)/cypress/psoc creator/3.3/psoc creator/import/gnu/arm/4.9.3/bin/../lib/gcc/arm-none-eabi/4.9.3/../../../../arm-none-eabi/lib/armv6-m\libg_nano.a(lib_a-errno.o)
 .data          0x00000000        0x0 c:/program files (x86)/cypress/psoc creator/3.3/psoc creator/import/gnu/arm/4.9.3/bin/../lib/gcc/arm-none-eabi/4.9.3/../../../../arm-none-eabi/lib/armv6-m\libg_nano.a(lib_a-errno.o)
 .bss           0x00000000        0x0 c:/program files (x86)/cypress/psoc creator/3.3/psoc creator/import/gnu/arm/4.9.3/bin/../lib/gcc/arm-none-eabi/4.9.3/../../../../arm-none-eabi/lib/armv6-m\libg_nano.a(lib_a-errno.o)
 .text.__errno  0x00000000        0xc c:/program files (x86)/cypress/psoc creator/3.3/psoc creator/import/gnu/arm/4.9.3/bin/../lib/gcc/arm-none-eabi/4.9.3/../../../../arm-none-eabi/lib/armv6-m\libg_nano.a(lib_a-errno.o)
 .text          0x00000000        0x0 c:/program files (x86)/cypress/psoc creator/3.3/psoc creator/import/gnu/arm/4.9.3/bin/../lib/gcc/arm-none-eabi/4.9.3/../../../../arm-none-eabi/lib/armv6-m\libg_nano.a(lib_a-exit.o)
 .data          0x00000000        0x0 c:/program files (x86)/cypress/psoc creator/3.3/psoc creator/import/gnu/arm/4.9.3/bin/../lib/gcc/arm-none-eabi/4.9.3/../../../../arm-none-eabi/lib/armv6-m\libg_nano.a(lib_a-exit.o)
 .bss           0x00000000        0x0 c:/program files (x86)/cypress/psoc creator/3.3/psoc creator/import/gnu/arm/4.9.3/bin/../lib/gcc/arm-none-eabi/4.9.3/../../../../arm-none-eabi/lib/armv6-m\libg_nano.a(lib_a-exit.o)
 .text.exit     0x00000000       0x2c c:/program files (x86)/cypress/psoc creator/3.3/psoc creator/import/gnu/arm/4.9.3/bin/../lib/gcc/arm-none-eabi/4.9.3/../../../../arm-none-eabi/lib/armv6-m\libg_nano.a(lib_a-exit.o)
 .text          0x00000000        0x0 c:/program files (x86)/cypress/psoc creator/3.3/psoc creator/import/gnu/arm/4.9.3/bin/../lib/gcc/arm-none-eabi/4.9.3/../../../../arm-none-eabi/lib/armv6-m\libg_nano.a(lib_a-impure.o)
 .data          0x00000000        0x0 c:/program files (x86)/cypress/psoc creator/3.3/psoc creator/import/gnu/arm/4.9.3/bin/../lib/gcc/arm-none-eabi/4.9.3/../../../../arm-none-eabi/lib/armv6-m\libg_nano.a(lib_a-impure.o)
 .bss           0x00000000        0x0 c:/program files (x86)/cypress/psoc creator/3.3/psoc creator/import/gnu/arm/4.9.3/bin/../lib/gcc/arm-none-eabi/4.9.3/../../../../arm-none-eabi/lib/armv6-m\libg_nano.a(lib_a-impure.o)
 .data.impure_data
                0x00000000       0x60 c:/program files (x86)/cypress/psoc creator/3.3/psoc creator/import/gnu/arm/4.9.3/bin/../lib/gcc/arm-none-eabi/4.9.3/../../../../arm-none-eabi/lib/armv6-m\libg_nano.a(lib_a-impure.o)
 .data._impure_ptr
                0x00000000        0x4 c:/program files (x86)/cypress/psoc creator/3.3/psoc creator/import/gnu/arm/4.9.3/bin/../lib/gcc/arm-none-eabi/4.9.3/../../../../arm-none-eabi/lib/armv6-m\libg_nano.a(lib_a-impure.o)
 .rodata.str1.1
                0x00000000        0x2 c:/program files (x86)/cypress/psoc creator/3.3/psoc creator/import/gnu/arm/4.9.3/bin/../lib/gcc/arm-none-eabi/4.9.3/../../../../arm-none-eabi/lib/armv6-m\libg_nano.a(lib_a-impure.o)
 .rodata._global_impure_ptr
                0x00000000        0x4 c:/program files (x86)/cypress/psoc creator/3.3/psoc creator/import/gnu/arm/4.9.3/bin/../lib/gcc/arm-none-eabi/4.9.3/../../../../arm-none-eabi/lib/armv6-m\libg_nano.a(lib_a-impure.o)
 .text          0x00000000        0x0 c:/program files (x86)/cypress/psoc creator/3.3/psoc creator/import/gnu/arm/4.9.3/bin/../lib/gcc/arm-none-eabi/4.9.3/../../../../arm-none-eabi/lib/armv6-m\libg_nano.a(lib_a-init.o)
 .data          0x00000000        0x0 c:/program files (x86)/cypress/psoc creator/3.3/psoc creator/import/gnu/arm/4.9.3/bin/../lib/gcc/arm-none-eabi/4.9.3/../../../../arm-none-eabi/lib/armv6-m\libg_nano.a(lib_a-init.o)
 .bss           0x00000000        0x0 c:/program files (x86)/cypress/psoc creator/3.3/psoc creator/import/gnu/arm/4.9.3/bin/../lib/gcc/arm-none-eabi/4.9.3/../../../../arm-none-eabi/lib/armv6-m\libg_nano.a(lib_a-init.o)
 .text          0x00000000        0x0 c:/program files (x86)/cypress/psoc creator/3.3/psoc creator/import/gnu/arm/4.9.3/bin/../lib/gcc/arm-none-eabi/4.9.3/../../../../arm-none-eabi/lib/armv6-m\libg_nano.a(lib_a-memcpy.o)
 .data          0x00000000        0x0 c:/program files (x86)/cypress/psoc creator/3.3/psoc creator/import/gnu/arm/4.9.3/bin/../lib/gcc/arm-none-eabi/4.9.3/../../../../arm-none-eabi/lib/armv6-m\libg_nano.a(lib_a-memcpy.o)
 .bss           0x00000000        0x0 c:/program files (x86)/cypress/psoc creator/3.3/psoc creator/import/gnu/arm/4.9.3/bin/../lib/gcc/arm-none-eabi/4.9.3/../../../../arm-none-eabi/lib/armv6-m\libg_nano.a(lib_a-memcpy.o)
 .text.memcpy   0x00000000       0x12 c:/program files (x86)/cypress/psoc creator/3.3/psoc creator/import/gnu/arm/4.9.3/bin/../lib/gcc/arm-none-eabi/4.9.3/../../../../arm-none-eabi/lib/armv6-m\libg_nano.a(lib_a-memcpy.o)
 .text          0x00000000        0x0 c:/program files (x86)/cypress/psoc creator/3.3/psoc creator/import/gnu/arm/4.9.3/bin/../lib/gcc/arm-none-eabi/4.9.3/../../../../arm-none-eabi/lib/armv6-m\libg_nano.a(lib_a-memset.o)
 .data          0x00000000        0x0 c:/program files (x86)/cypress/psoc creator/3.3/psoc creator/import/gnu/arm/4.9.3/bin/../lib/gcc/arm-none-eabi/4.9.3/../../../../arm-none-eabi/lib/armv6-m\libg_nano.a(lib_a-memset.o)
 .bss           0x00000000        0x0 c:/program files (x86)/cypress/psoc creator/3.3/psoc creator/import/gnu/arm/4.9.3/bin/../lib/gcc/arm-none-eabi/4.9.3/../../../../arm-none-eabi/lib/armv6-m\libg_nano.a(lib_a-memset.o)
 .text          0x00000000        0x0 c:/program files (x86)/cypress/psoc creator/3.3/psoc creator/import/gnu/arm/4.9.3/bin/../lib/gcc/arm-none-eabi/4.9.3/armv6-m/crtend.o
 .data          0x00000000        0x0 c:/program files (x86)/cypress/psoc creator/3.3/psoc creator/import/gnu/arm/4.9.3/bin/../lib/gcc/arm-none-eabi/4.9.3/armv6-m/crtend.o
 .bss           0x00000000        0x0 c:/program files (x86)/cypress/psoc creator/3.3/psoc creator/import/gnu/arm/4.9.3/bin/../lib/gcc/arm-none-eabi/4.9.3/armv6-m/crtend.o
 .text          0x00000000        0x0 c:/program files (x86)/cypress/psoc creator/3.3/psoc creator/import/gnu/arm/4.9.3/bin/../lib/gcc/arm-none-eabi/4.9.3/armv6-m/crtn.o
 .data          0x00000000        0x0 c:/program files (x86)/cypress/psoc creator/3.3/psoc creator/import/gnu/arm/4.9.3/bin/../lib/gcc/arm-none-eabi/4.9.3/armv6-m/crtn.o
 .bss           0x00000000        0x0 c:/program files (x86)/cypress/psoc creator/3.3/psoc creator/import/gnu/arm/4.9.3/bin/../lib/gcc/arm-none-eabi/4.9.3/armv6-m/crtn.o

Memory Configuration

Name             Origin             Length             Attributes
rom              0x00000000         0x00008000         xr
ram              0x20000000         0x00001000         xrw
*default*        0x00000000         0xffffffff

Linker script and memory map

LOAD c:/program files (x86)/cypress/psoc creator/3.3/psoc creator/import/gnu/arm/4.9.3/bin/../lib/gcc/arm-none-eabi/4.9.3/armv6-m/crti.o
LOAD c:/program files (x86)/cypress/psoc creator/3.3/psoc creator/import/gnu/arm/4.9.3/bin/../lib/gcc/arm-none-eabi/4.9.3/armv6-m/crtbegin.o
LOAD c:/program files (x86)/cypress/psoc creator/3.3/psoc creator/import/gnu/arm/4.9.3/bin/../lib/gcc/arm-none-eabi/4.9.3/../../../../arm-none-eabi/lib/armv6-m/crt0.o
START GROUP
LOAD .\CortexM0\ARM_GCC_493\Debug\main.o
LOAD .\CortexM0\ARM_GCC_493\Debug\cymetadata.o
LOAD .\CortexM0\ARM_GCC_493\Debug\Cm0Start.o
LOAD .\CortexM0\ARM_GCC_493\Debug\SCB_I2cCommSlave01.a
LOAD C:\Program Files (x86)\Cypress\PSoC Creator\3.3\PSoC Creator\psoc\content\cycomponentlibrary\CyComponentLibrary.cylib\CortexM0\ARM_GCC_493\Debug\CyComponentLibrary.a
END GROUP
START GROUP
LOAD c:/program files (x86)/cypress/psoc creator/3.3/psoc creator/import/gnu/arm/4.9.3/bin/../lib/gcc/arm-none-eabi/4.9.3/armv6-m\libgcc.a
LOAD c:/program files (x86)/cypress/psoc creator/3.3/psoc creator/import/gnu/arm/4.9.3/bin/../lib/gcc/arm-none-eabi/4.9.3/../../../../arm-none-eabi/lib/armv6-m\libg_nano.a
LOAD c:/program files (x86)/cypress/psoc creator/3.3/psoc creator/import/gnu/arm/4.9.3/bin/../lib/gcc/arm-none-eabi/4.9.3/../../../../arm-none-eabi/lib/armv6-m\libc_nano.a
END GROUP
START GROUP
LOAD c:/program files (x86)/cypress/psoc creator/3.3/psoc creator/import/gnu/arm/4.9.3/bin/../lib/gcc/arm-none-eabi/4.9.3/armv6-m\libgcc.a
LOAD c:/program files (x86)/cypress/psoc creator/3.3/psoc creator/import/gnu/arm/4.9.3/bin/../lib/gcc/arm-none-eabi/4.9.3/../../../../arm-none-eabi/lib/armv6-m\libc_nano.a
END GROUP
LOAD c:/program files (x86)/cypress/psoc creator/3.3/psoc creator/import/gnu/arm/4.9.3/bin/../lib/gcc/arm-none-eabi/4.9.3/armv6-m/crtend.o
LOAD c:/program files (x86)/cypress/psoc creator/3.3/psoc creator/import/gnu/arm/4.9.3/bin/../lib/gcc/arm-none-eabi/4.9.3/armv6-m/crtn.o
START GROUP
LOAD c:/program files (x86)/cypress/psoc creator/3.3/psoc creator/import/gnu/arm/4.9.3/bin/../lib/gcc/arm-none-eabi/4.9.3/armv6-m\libgcc.a
LOAD c:/program files (x86)/cypress/psoc creator/3.3/psoc creator/import/gnu/arm/4.9.3/bin/../lib/gcc/arm-none-eabi/4.9.3/../../../../arm-none-eabi/lib/armv6-m\libc.a
LOAD c:/program files (x86)/cypress/psoc creator/3.3/psoc creator/import/gnu/arm/4.9.3/bin/../lib/gcc/arm-none-eabi/4.9.3/../../../../arm-none-eabi/lib/armv6-m\libnosys.a
END GROUP
                0x00000000                CY_APPL_ORIGIN = 0x0
                0x00000080                CY_FLASH_ROW_SIZE = 0x80
                0x00000001                CY_APPL_NUM = 0x1
                0x00000001                CY_APPL_MAX = 0x1
                0x00000040                CY_METADATA_SIZE = 0x40
                0x00000000                CY_APPL_LOADABLE = 0x0
                0x00000000                CY_CHECKSUM_EXCLUDE_SIZE = ALIGN (0x0, CY_FLASH_ROW_SIZE)
                0x00000000                CY_APP_FOR_STACK_AND_COPIER = 0x0
                0x20000138                PROVIDE (__cy_heap_start, _end)
                0x00000001                PROVIDE (__cy_region_num, ((__cy_regions_end - __cy_regions) / 0x10))
                0x20001000                PROVIDE (__cy_stack, (ORIGIN (ram) + 0x1000))
                0x20000c00                PROVIDE (__cy_heap_end, (__cy_stack - 0x400))

.cybootloader   0x00000000        0x0
 *(.cybootloader)
                0x00000000                appl1_start = CY_APPL_ORIGIN?CY_APPL_ORIGIN:ALIGN (CY_FLASH_ROW_SIZE)
                0x00003f80                appl2_start = (appl1_start + ALIGN ((((0x8000 - appl1_start) - (0x2 * CY_FLASH_ROW_SIZE)) / 0x2), CY_FLASH_ROW_SIZE))
                0x00000000                appl_start = (CY_APPL_NUM == 0x1)?appl1_start:appl2_start
                0x00000001                cy_project_type_bootloader = (appl_start == 0x0)?0x1:0x0
                0x00000000                cy_project_type_app_for_stack_and_copier = (CY_APP_FOR_STACK_AND_COPIER == 0x1)?0x1:0x0

.text           0x00000000     0x1244
 CREATE_OBJECT_SYMBOLS
                0x00000000                PROVIDE (__cy_interrupt_vector, RomVectors)
 *(.romvectors)
 .romvectors    0x00000000       0x10 .\CortexM0\ARM_GCC_493\Debug\Cm0Start.o
                0x00000000                RomVectors
                0x00000001                ASSERT ((. != __cy_interrupt_vector), No interrupt vector)
                0x00000001                ASSERT (CY_APPL_ORIGIN?(SIZEOF (.cybootloader) <= CY_APPL_ORIGIN):0x1, Wrong image location)
                0x00000010                PROVIDE (__cy_reset, Reset)
 *(.text.Reset)
 .text.Reset    0x00000010        0x8 .\CortexM0\ARM_GCC_493\Debug\Cm0Start.o
                0x00000010                Reset
                0x00000001                ASSERT ((. != __cy_reset), No reset code)
 *(.psocinit)
 .psocinit      0x00000018      0x1b8 .\CortexM0\ARM_GCC_493\Debug\SCB_I2cCommSlave01.a(cyfitter_cfg.o)
                0x000000a4                cyfitter_cfg
                0x000001d0                . = MAX (., 0x100)
 *(.text .text.* .gnu.linkonce.t.*)
 .text          0x000001d0       0x60 c:/program files (x86)/cypress/psoc creator/3.3/psoc creator/import/gnu/arm/4.9.3/bin/../lib/gcc/arm-none-eabi/4.9.3/armv6-m/crtbegin.o
 .text.main     0x00000230       0x9c .\CortexM0\ARM_GCC_493\Debug\main.o
                0x00000230                main
 .text.ExecuteCommand
                0x000002cc       0x40 .\CortexM0\ARM_GCC_493\Debug\main.o
                0x000002cc                ExecuteCommand
 .text.IntDefaultHandler
                0x0000030c        0x8 .\CortexM0\ARM_GCC_493\Debug\Cm0Start.o
                0x0000030c                IntDefaultHandler
 .text.Start_c  0x00000314       0x98 .\CortexM0\ARM_GCC_493\Debug\Cm0Start.o
                0x00000314                Start_c
 .text.initialize_psoc
                0x000003ac       0x64 .\CortexM0\ARM_GCC_493\Debug\Cm0Start.o
                0x000003ac                initialize_psoc
 .text.CYMEMZERO
                0x00000410       0x20 .\CortexM0\ARM_GCC_493\Debug\SCB_I2cCommSlave01.a(cyfitter_cfg.o)
 .text.cfg_write_bytes32
                0x00000430       0x80 .\CortexM0\ARM_GCC_493\Debug\SCB_I2cCommSlave01.a(cyfitter_cfg.o)
 .text.AnalogSetDefault
                0x000004b0        0x8 .\CortexM0\ARM_GCC_493\Debug\SCB_I2cCommSlave01.a(cyfitter_cfg.o)
 .text.I2CS_Init
                0x000004b8        0xc .\CortexM0\ARM_GCC_493\Debug\SCB_I2cCommSlave01.a(I2CS.o)
                0x000004b8                I2CS_Init
 .text.I2CS_Enable
                0x000004c4       0x24 .\CortexM0\ARM_GCC_493\Debug\SCB_I2cCommSlave01.a(I2CS.o)
                0x000004c4                I2CS_Enable
 .text.I2CS_Start
                0x000004e8       0x24 .\CortexM0\ARM_GCC_493\Debug\SCB_I2cCommSlave01.a(I2CS.o)
                0x000004e8                I2CS_Start
 .text.I2CS_ScbEnableIntr
                0x0000050c       0x10 .\CortexM0\ARM_GCC_493\Debug\SCB_I2cCommSlave01.a(I2CS.o)
 .text.I2CS_ScbModePostEnable
                0x0000051c        0x8 .\CortexM0\ARM_GCC_493\Debug\SCB_I2cCommSlave01.a(I2CS.o)
 .text.I2CS_I2CSlaveNackGeneration
                0x00000524       0x50 .\CortexM0\ARM_GCC_493\Debug\SCB_I2cCommSlave01.a(I2CS.o)
                0x00000524                I2CS_I2CSlaveNackGeneration
 .text.I2CS_I2CInit
                0x00000574       0xf8 .\CortexM0\ARM_GCC_493\Debug\SCB_I2cCommSlave01.a(I2CS_I2C.o)
                0x00000574                I2CS_I2CInit
 .text.I2CS_I2CSlaveStatus
                0x0000066c       0x14 .\CortexM0\ARM_GCC_493\Debug\SCB_I2cCommSlave01.a(I2CS_I2C_SLAVE.o)
                0x0000066c                I2CS_I2CSlaveStatus
 .text.I2CS_I2CSlaveClearReadStatus
                0x00000680       0x40 .\CortexM0\ARM_GCC_493\Debug\SCB_I2cCommSlave01.a(I2CS_I2C_SLAVE.o)
                0x00000680                I2CS_I2CSlaveClearReadStatus
 .text.I2CS_I2CSlaveClearWriteStatus
                0x000006c0       0x40 .\CortexM0\ARM_GCC_493\Debug\SCB_I2cCommSlave01.a(I2CS_I2C_SLAVE.o)
                0x000006c0                I2CS_I2CSlaveClearWriteStatus
 .text.I2CS_I2CSlaveInitReadBuf
                0x00000700       0x4c .\CortexM0\ARM_GCC_493\Debug\SCB_I2cCommSlave01.a(I2CS_I2C_SLAVE.o)
                0x00000700                I2CS_I2CSlaveInitReadBuf
 .text.I2CS_I2CSlaveInitWriteBuf
                0x0000074c       0x40 .\CortexM0\ARM_GCC_493\Debug\SCB_I2cCommSlave01.a(I2CS_I2C_SLAVE.o)
                0x0000074c                I2CS_I2CSlaveInitWriteBuf
 .text.I2CS_I2CSlaveGetWriteBufSize
                0x0000078c       0x14 .\CortexM0\ARM_GCC_493\Debug\SCB_I2cCommSlave01.a(I2CS_I2C_SLAVE.o)
                0x0000078c                I2CS_I2CSlaveGetWriteBufSize
 .text.I2CS_I2CSlaveClearReadBuf
                0x000007a0       0x14 .\CortexM0\ARM_GCC_493\Debug\SCB_I2cCommSlave01.a(I2CS_I2C_SLAVE.o)
                0x000007a0                I2CS_I2CSlaveClearReadBuf
 .text.I2CS_I2CSlaveClearWriteBuf
                0x000007b4       0x14 .\CortexM0\ARM_GCC_493\Debug\SCB_I2cCommSlave01.a(I2CS_I2C_SLAVE.o)
                0x000007b4                I2CS_I2CSlaveClearWriteBuf
 .text.CySysClkWriteImoFreq
                0x000007c8      0x1ec .\CortexM0\ARM_GCC_493\Debug\SCB_I2cCommSlave01.a(CyLib.o)
                0x000007c8                CySysClkWriteImoFreq
 .text.CyIntSetVector
                0x000009b4       0x4c .\CortexM0\ARM_GCC_493\Debug\SCB_I2cCommSlave01.a(CyLib.o)
                0x000009b4                CyIntSetVector
 .text.CyIntSetPriority
                0x00000a00       0xa8 .\CortexM0\ARM_GCC_493\Debug\SCB_I2cCommSlave01.a(CyLib.o)
                0x00000a00                CyIntSetPriority
 .text.CyIntEnable
                0x00000aa8       0x28 .\CortexM0\ARM_GCC_493\Debug\SCB_I2cCommSlave01.a(CyLib.o)
                0x00000aa8                CyIntEnable
 .text.CyIntDisable
                0x00000ad0       0x28 .\CortexM0\ARM_GCC_493\Debug\SCB_I2cCommSlave01.a(CyLib.o)
                0x00000ad0                CyIntDisable
 .text.CyHalt   0x00000af8       0x14 .\CortexM0\ARM_GCC_493\Debug\SCB_I2cCommSlave01.a(CyLib.o)
                0x00000af8                CyHalt
 .text.CyDelayUs
                0x00000b0c       0x28 .\CortexM0\ARM_GCC_493\Debug\SCB_I2cCommSlave01.a(CyLib.o)
                0x00000b0c                CyDelayUs
 .text.PWM_2_Init
                0x00000b34       0x60 .\CortexM0\ARM_GCC_493\Debug\SCB_I2cCommSlave01.a(PWM_2.o)
                0x00000b34                PWM_2_Init
 .text.PWM_2_Enable
                0x00000b94       0x38 .\CortexM0\ARM_GCC_493\Debug\SCB_I2cCommSlave01.a(PWM_2.o)
                0x00000b94                PWM_2_Enable
 .text.PWM_2_Start
                0x00000bcc       0x24 .\CortexM0\ARM_GCC_493\Debug\SCB_I2cCommSlave01.a(PWM_2.o)
                0x00000bcc                PWM_2_Start
 .text.PWM_2_WriteCounter
                0x00000bf0       0x1c .\CortexM0\ARM_GCC_493\Debug\SCB_I2cCommSlave01.a(PWM_2.o)
                0x00000bf0                PWM_2_WriteCounter
 .text.PWM_2_WritePeriod
                0x00000c0c       0x1c .\CortexM0\ARM_GCC_493\Debug\SCB_I2cCommSlave01.a(PWM_2.o)
                0x00000c0c                PWM_2_WritePeriod
 .text.PWM_2_WriteCompare
                0x00000c28       0x1c .\CortexM0\ARM_GCC_493\Debug\SCB_I2cCommSlave01.a(PWM_2.o)
                0x00000c28                PWM_2_WriteCompare
 .text.PWM_2_TriggerCommand
                0x00000c44       0x38 .\CortexM0\ARM_GCC_493\Debug\SCB_I2cCommSlave01.a(PWM_2.o)
                0x00000c44                PWM_2_TriggerCommand
 .text.PWM_2_SetInterruptMode
                0x00000c7c       0x18 .\CortexM0\ARM_GCC_493\Debug\SCB_I2cCommSlave01.a(PWM_2.o)
                0x00000c7c                PWM_2_SetInterruptMode
 .text.I2CS_I2C_ISR
                0x00000c94      0x528 .\CortexM0\ARM_GCC_493\Debug\SCB_I2cCommSlave01.a(I2CS_I2C_INT.o)
                0x00000c94                I2CS_I2C_ISR
 *fill*         0x000011bc        0x4 
 .text          0x000011c0       0x28 .\CortexM0\ARM_GCC_493\Debug\SCB_I2cCommSlave01.a(CyBootAsmGnu.o)
                0x000011c0                CyDelayCycles
                0x000011d4                CyEnterCriticalSection
                0x000011dc                CyExitCriticalSection
 .text.__libc_init_array
                0x000011e8       0x4c c:/program files (x86)/cypress/psoc creator/3.3/psoc creator/import/gnu/arm/4.9.3/bin/../lib/gcc/arm-none-eabi/4.9.3/../../../../arm-none-eabi/lib/armv6-m\libg_nano.a(lib_a-init.o)
                0x000011e8                __libc_init_array
 .text.memset   0x00001234       0x10 c:/program files (x86)/cypress/psoc creator/3.3/psoc creator/import/gnu/arm/4.9.3/bin/../lib/gcc/arm-none-eabi/4.9.3/../../../../arm-none-eabi/lib/armv6-m\libg_nano.a(lib_a-memset.o)
                0x00001234                memset
 *(.plt)
 *(.gnu.warning)
 *(.glue_7t)
 .glue_7t       0x00000000        0x0 linker stubs
 *(.glue_7)
 .glue_7        0x00000000        0x0 linker stubs
 *(.vfp11_veneer)
 .vfp11_veneer  0x00000000        0x0 linker stubs
 *(.bootloader)
 *(.ARM.extab* .gnu.linkonce.armextab.*)
 *(.gcc_except_table)

.v4_bx          0x00001244        0x0
 .v4_bx         0x00000000        0x0 linker stubs

.iplt           0x00001244        0x0
 .iplt          0x00000000        0x0 c:/program files (x86)/cypress/psoc creator/3.3/psoc creator/import/gnu/arm/4.9.3/bin/../lib/gcc/arm-none-eabi/4.9.3/armv6-m/crtbegin.o

.eh_frame_hdr
 *(.eh_frame_hdr)

.eh_frame       0x00001244        0x4
 *(.eh_frame)
 .eh_frame      0x00001244        0x0 c:/program files (x86)/cypress/psoc creator/3.3/psoc creator/import/gnu/arm/4.9.3/bin/../lib/gcc/arm-none-eabi/4.9.3/armv6-m/crtbegin.o
 .eh_frame      0x00001244        0x4 c:/program files (x86)/cypress/psoc creator/3.3/psoc creator/import/gnu/arm/4.9.3/bin/../lib/gcc/arm-none-eabi/4.9.3/armv6-m/crtend.o
                0x00001248                PROVIDE (__exidx_start, .)

.ARM.exidx
 *(.ARM.exidx* .gnu.linkonce.armexidx.*)
                0x00001248                __exidx_end = .

.rodata         0x00001248       0x88
 *(.rodata .rodata.* .gnu.linkonce.r.*)
 .rodata        0x00001248       0x20 .\CortexM0\ARM_GCC_493\Debug\SCB_I2cCommSlave01.a(cyfitter_cfg.o)
 .rodata        0x00001268       0x30 .\CortexM0\ARM_GCC_493\Debug\SCB_I2cCommSlave01.a(CyLib.o)
                0x00001268                cyImoFreqMhz2Reg
                0x00001298                . = ALIGN (0x4)
 *(.init)
 .init          0x00001298        0x4 c:/program files (x86)/cypress/psoc creator/3.3/psoc creator/import/gnu/arm/4.9.3/bin/../lib/gcc/arm-none-eabi/4.9.3/armv6-m/crti.o
                0x00001298                _init
 .init          0x0000129c        0x8 c:/program files (x86)/cypress/psoc creator/3.3/psoc creator/import/gnu/arm/4.9.3/bin/../lib/gcc/arm-none-eabi/4.9.3/armv6-m/crtn.o
                0x000012a4                . = ALIGN (0x4)
                0x000012a4                __preinit_array_start = .
 *(.preinit_array)
                0x000012a4                __preinit_array_end = .
                0x000012a4                . = ALIGN (0x4)
                0x000012a4                __init_array_start = .
 *(SORT(.init_array.*))
 *(.init_array)
 .init_array    0x000012a4        0x4 c:/program files (x86)/cypress/psoc creator/3.3/psoc creator/import/gnu/arm/4.9.3/bin/../lib/gcc/arm-none-eabi/4.9.3/armv6-m/crtbegin.o
 .init_array    0x000012a8        0x4 .\CortexM0\ARM_GCC_493\Debug\Cm0Start.o
                0x000012ac                __init_array_end = .
                0x000012ac                . = ALIGN (0x4)
 *(.fini)
 .fini          0x000012ac        0x4 c:/program files (x86)/cypress/psoc creator/3.3/psoc creator/import/gnu/arm/4.9.3/bin/../lib/gcc/arm-none-eabi/4.9.3/armv6-m/crti.o
                0x000012ac                _fini
 .fini          0x000012b0        0x8 c:/program files (x86)/cypress/psoc creator/3.3/psoc creator/import/gnu/arm/4.9.3/bin/../lib/gcc/arm-none-eabi/4.9.3/armv6-m/crtn.o
                0x000012b8                . = ALIGN (0x4)
                0x000012b8                __fini_array_start = .
 *(.fini_array)
 .fini_array    0x000012b8        0x4 c:/program files (x86)/cypress/psoc creator/3.3/psoc creator/import/gnu/arm/4.9.3/bin/../lib/gcc/arm-none-eabi/4.9.3/armv6-m/crtbegin.o
 *(SORT(.fini_array.*))
                0x000012bc                __fini_array_end = .
                0x000012bc                . = ALIGN (0x4)
 *crtbegin.o(.ctors)
 *(EXCLUDE_FILE(*crtend.o) .ctors)
 *(SORT(.ctors.*))
 *crtend.o(.ctors)
                0x000012bc                . = ALIGN (0x4)
 *crtbegin.o(.dtors)
 *(EXCLUDE_FILE(*crtend.o) .dtors)
 *(SORT(.dtors.*))
 *crtend.o(.dtors)
                0x000012bc                . = ALIGN (0x4)
                0x000012bc                __cy_regions = .
                0x000012bc        0x4 LONG 0x12d0 __cy_region_init_ram
                0x000012c0        0x4 LONG 0x200000c8 __cy_region_start_data
                0x000012c4        0x4 LONG 0x18 __cy_region_init_size_ram
                0x000012c8        0x4 LONG 0x58 __cy_region_zero_size_ram
                0x000012cc                __cy_regions_end = .
                0x000012d0                . = ALIGN (0x8)
 *fill*         0x000012cc        0x4 
                0x000012d0                _etext = .

.cy_checksum_exclude
                0x000012d0        0x0
 *(.cy_checksum_exclude)

.ramvectors     0x20000000       0xc0
                0x20000000                __cy_region_start_ram = .
 *(.ramvectors)
 .ramvectors    0x20000000       0xc0 .\CortexM0\ARM_GCC_493\Debug\Cm0Start.o
                0x20000000                CyRamVectors

.noinit         0x200000c0        0x4
 *(.noinit)
 .noinit        0x200000c0        0x4 .\CortexM0\ARM_GCC_493\Debug\Cm0Start.o

.data           0x200000c8       0x18 load address 0x000012d0
                0x200000c8                __cy_region_start_data = .
 *(.jcr)
 .jcr           0x200000c8        0x0 c:/program files (x86)/cypress/psoc creator/3.3/psoc creator/import/gnu/arm/4.9.3/bin/../lib/gcc/arm-none-eabi/4.9.3/armv6-m/crtbegin.o
 .jcr           0x200000c8        0x4 c:/program files (x86)/cypress/psoc creator/3.3/psoc creator/import/gnu/arm/4.9.3/bin/../lib/gcc/arm-none-eabi/4.9.3/armv6-m/crtend.o
 *(.got.plt)
 *(.got)
 *(.shdata)
 *(.data .data.* .gnu.linkonce.d.*)
 .data          0x200000cc        0x4 .\CortexM0\ARM_GCC_493\Debug\main.o
                0x200000cc                i2cReadBuffer
 .data          0x200000d0       0x10 .\CortexM0\ARM_GCC_493\Debug\SCB_I2cCommSlave01.a(CyLib.o)
                0x200000d0                cydelayFreqHz
                0x200000d4                cydelayFreqKhz
                0x200000d8                cydelayFreqMhz
                0x200000dc                cydelay32kMs
                0x200000e0                . = ALIGN (0x8)
 *(.ram)
                0x200000e0                _edata = .

.igot.plt       0x200000e0        0x0 load address 0x000012e8
 .igot.plt      0x00000000        0x0 c:/program files (x86)/cypress/psoc creator/3.3/psoc creator/import/gnu/arm/4.9.3/bin/../lib/gcc/arm-none-eabi/4.9.3/armv6-m/crtbegin.o

.bss            0x200000e0       0x58 load address 0x000012e8
                0x200000e0                PROVIDE (__bss_start__, .)
 *(.shbss)
 *(.bss .bss.* .gnu.linkonce.b.*)
 .bss           0x200000e0       0x1c c:/program files (x86)/cypress/psoc creator/3.3/psoc creator/import/gnu/arm/4.9.3/bin/../lib/gcc/arm-none-eabi/4.9.3/armv6-m/crtbegin.o
 .bss           0x200000fc        0x8 .\CortexM0\ARM_GCC_493\Debug\SCB_I2cCommSlave01.a(I2CS.o)
                0x200000fc                I2CS_initVar
                0x20000100                I2CS_customIntrHandler
 .bss           0x20000104        0x1 .\CortexM0\ARM_GCC_493\Debug\SCB_I2cCommSlave01.a(PWM_2.o)
                0x20000104                PWM_2_initVar
 *(COMMON)
 *fill*         0x20000105        0x3 
 COMMON         0x20000108        0x4 .\CortexM0\ARM_GCC_493\Debug\main.o
                0x20000108                i2cWriteBuffer
 COMMON         0x2000010c        0x1 .\CortexM0\ARM_GCC_493\Debug\SCB_I2cCommSlave01.a(I2CS_I2C.o)
                0x2000010c                I2CS_state
 *fill*         0x2000010d        0x3 
 COMMON         0x20000110       0x21 .\CortexM0\ARM_GCC_493\Debug\SCB_I2cCommSlave01.a(I2CS_I2C_SLAVE.o)
                0x20000110                I2CS_slRdBufIndex
                0x20000114                I2CS_slWrBufIndex
                0x20000118                I2CS_slWrBufSize
                0x2000011c                I2CS_slRdBufSize
                0x20000120                I2CS_slRdBufPtr
                0x20000124                I2CS_slStatus
                0x20000128                I2CS_slRdBufIndexTmp
                0x2000012c                I2CS_slWrBufPtr
                0x20000130                I2CS_slOverFlowCount
                0x20000138                . = ALIGN (0x8)
 *fill*         0x20000131        0x7 
 *(.ram.b)
                0x20000138                _end = .
                0x20000138                __end = .
                0x20000138                PROVIDE (end, .)
                0x20000138                PROVIDE (__bss_end__, .)
                0x000012d0                __cy_region_init_ram = LOADADDR (.data)
                0x00000018                __cy_region_init_size_ram = (_edata - ADDR (.data))
                0x00000058                __cy_region_zero_size_ram = (_end - _edata)

.heap           0x20000138      0x100 load address 0x000012e8
                0x20000138                . = _end
                0x20000238                . = (. + 0x100)
 *fill*         0x20000138      0x100 
                0x20000238                __cy_heap_limit = .

.stack          0x20000c00      0x400
                0x20000c00                __cy_stack_limit = .
                0x20001000                . = (. + 0x400)
 *fill*         0x20000c00      0x400 
                0x00000001                ASSERT ((__cy_stack_limit >= __cy_heap_limit), region RAM overflowed with stack)
                0x00000000                cy_checksum_exclude_size = (CY_APPL_LOADABLE == 0x1)?SIZEOF (.cy_checksum_exclude):0x0
                0x00000001                ASSERT ((cy_checksum_exclude_size <= CY_CHECKSUM_EXCLUDE_SIZE), CY_BOOT: Section .cy_checksum_exclude size exceedes specified limit.)
                0x00007fc0                cyloadermeta_start = (cy_project_type_bootloader || cy_project_type_app_for_stack_and_copier)?(0x8000 - CY_METADATA_SIZE):0xf0000000

.cyloadermeta
 *(.cyloadermeta)
                0x00007fc0                cyloadablemeta_start = cy_project_type_app_for_stack_and_copier?((0x8000 - CY_FLASH_ROW_SIZE) - CY_METADATA_SIZE):((0x8000 - (CY_FLASH_ROW_SIZE * (CY_APPL_NUM - 0x1))) - CY_METADATA_SIZE)

.cyloadablemeta
 *(.cyloadablemeta)

.cyflashprotect
                0x90400000       0x20
 *(.cyflashprotect)
 .cyflashprotect
                0x90400000       0x20 .\CortexM0\ARM_GCC_493\Debug\cymetadata.o
                0x90400000                cy_meta_flashprotect

.cymeta         0x90500000        0xc
 *(.cymeta)
 .cymeta        0x90500000        0xc .\CortexM0\ARM_GCC_493\Debug\cymetadata.o
                0x90500000                cy_metadata

.cychipprotect  0x90600000        0x4
 *(.cychipprotect)
 .cychipprotect
                0x90600000        0x4 .\CortexM0\ARM_GCC_493\Debug\cymetadata.o
                0x90600000                cy_meta_chipprotect

.rel.dyn        0x000012e8        0x0 load address 0x90600004
 .rel.iplt      0x00000000        0x0 c:/program files (x86)/cypress/psoc creator/3.3/psoc creator/import/gnu/arm/4.9.3/bin/../lib/gcc/arm-none-eabi/4.9.3/armv6-m/crtbegin.o

.stab
 *(.stab)

.stabstr
 *(.stabstr)

.debug
 *(.debug)

.line
 *(.line)

.debug_srcinfo
 *(.debug_srcinfo)

.debug_sfnames
 *(.debug_sfnames)

.debug_aranges  0x00000000      0x4f0
 *(.debug_aranges)
 .debug_aranges
                0x00000000       0x28 .\CortexM0\ARM_GCC_493\Debug\main.o
 .debug_aranges
                0x00000028       0x18 .\CortexM0\ARM_GCC_493\Debug\cymetadata.o
 .debug_aranges
                0x00000040       0x48 .\CortexM0\ARM_GCC_493\Debug\Cm0Start.o
 .debug_aranges
                0x00000088       0x50 .\CortexM0\ARM_GCC_493\Debug\SCB_I2cCommSlave01.a(cyfitter_cfg.o)
 .debug_aranges
                0x000000d8       0x70 .\CortexM0\ARM_GCC_493\Debug\SCB_I2cCommSlave01.a(I2CS.o)
 .debug_aranges
                0x00000148       0x28 .\CortexM0\ARM_GCC_493\Debug\SCB_I2cCommSlave01.a(I2CS_I2C.o)
 .debug_aranges
                0x00000170       0x70 .\CortexM0\ARM_GCC_493\Debug\SCB_I2cCommSlave01.a(I2CS_I2C_SLAVE.o)
 .debug_aranges
                0x000001e0      0x178 .\CortexM0\ARM_GCC_493\Debug\SCB_I2cCommSlave01.a(CyLib.o)
 .debug_aranges
                0x00000358      0x158 .\CortexM0\ARM_GCC_493\Debug\SCB_I2cCommSlave01.a(PWM_2.o)
 .debug_aranges
                0x000004b0       0x20 .\CortexM0\ARM_GCC_493\Debug\SCB_I2cCommSlave01.a(I2CS_I2C_INT.o)
 .debug_aranges
                0x000004d0       0x20 .\CortexM0\ARM_GCC_493\Debug\SCB_I2cCommSlave01.a(CyBootAsmGnu.o)

.debug_pubnames
 *(.debug_pubnames)

.debug_info     0x00000000     0x204c
 *(.debug_info .gnu.linkonce.wi.*)
 .debug_info    0x00000000      0x158 .\CortexM0\ARM_GCC_493\Debug\main.o
 .debug_info    0x00000158       0xfe .\CortexM0\ARM_GCC_493\Debug\cymetadata.o
 .debug_info    0x00000256      0x300 .\CortexM0\ARM_GCC_493\Debug\Cm0Start.o
 .debug_info    0x00000556      0x356 .\CortexM0\ARM_GCC_493\Debug\SCB_I2cCommSlave01.a(cyfitter_cfg.o)
 .debug_info    0x000008ac      0x1f6 .\CortexM0\ARM_GCC_493\Debug\SCB_I2cCommSlave01.a(I2CS.o)
 .debug_info    0x00000aa2      0x116 .\CortexM0\ARM_GCC_493\Debug\SCB_I2cCommSlave01.a(I2CS_I2C.o)
 .debug_info    0x00000bb8      0x2de .\CortexM0\ARM_GCC_493\Debug\SCB_I2cCommSlave01.a(I2CS_I2C_SLAVE.o)
 .debug_info    0x00000e96      0x8ac .\CortexM0\ARM_GCC_493\Debug\SCB_I2cCommSlave01.a(CyLib.o)
 .debug_info    0x00001742      0x6f4 .\CortexM0\ARM_GCC_493\Debug\SCB_I2cCommSlave01.a(PWM_2.o)
 .debug_info    0x00001e36      0x17a .\CortexM0\ARM_GCC_493\Debug\SCB_I2cCommSlave01.a(I2CS_I2C_INT.o)
 .debug_info    0x00001fb0       0x9c .\CortexM0\ARM_GCC_493\Debug\SCB_I2cCommSlave01.a(CyBootAsmGnu.o)

.debug_abbrev   0x00000000      0xa3b
 *(.debug_abbrev)
 .debug_abbrev  0x00000000       0xcc .\CortexM0\ARM_GCC_493\Debug\main.o
 .debug_abbrev  0x000000cc       0x5d .\CortexM0\ARM_GCC_493\Debug\cymetadata.o
 .debug_abbrev  0x00000129      0x1a5 .\CortexM0\ARM_GCC_493\Debug\Cm0Start.o
 .debug_abbrev  0x000002ce      0x18a .\CortexM0\ARM_GCC_493\Debug\SCB_I2cCommSlave01.a(cyfitter_cfg.o)
 .debug_abbrev  0x00000458       0xf3 .\CortexM0\ARM_GCC_493\Debug\SCB_I2cCommSlave01.a(I2CS.o)
 .debug_abbrev  0x0000054b       0x90 .\CortexM0\ARM_GCC_493\Debug\SCB_I2cCommSlave01.a(I2CS_I2C.o)
 .debug_abbrev  0x000005db      0x121 .\CortexM0\ARM_GCC_493\Debug\SCB_I2cCommSlave01.a(I2CS_I2C_SLAVE.o)
 .debug_abbrev  0x000006fc      0x1a7 .\CortexM0\ARM_GCC_493\Debug\SCB_I2cCommSlave01.a(CyLib.o)
 .debug_abbrev  0x000008a3       0xfc .\CortexM0\ARM_GCC_493\Debug\SCB_I2cCommSlave01.a(PWM_2.o)
 .debug_abbrev  0x0000099f       0x88 .\CortexM0\ARM_GCC_493\Debug\SCB_I2cCommSlave01.a(I2CS_I2C_INT.o)
 .debug_abbrev  0x00000a27       0x14 .\CortexM0\ARM_GCC_493\Debug\SCB_I2cCommSlave01.a(CyBootAsmGnu.o)

.debug_line     0x00000000     0x1123
 *(.debug_line)
 .debug_line    0x00000000       0x8d .\CortexM0\ARM_GCC_493\Debug\main.o
 .debug_line    0x0000008d       0x53 .\CortexM0\ARM_GCC_493\Debug\cymetadata.o
 .debug_line    0x000000e0      0x1c9 .\CortexM0\ARM_GCC_493\Debug\Cm0Start.o
 .debug_line    0x000002a9      0x191 .\CortexM0\ARM_GCC_493\Debug\SCB_I2cCommSlave01.a(cyfitter_cfg.o)
 .debug_line    0x0000043a      0x155 .\CortexM0\ARM_GCC_493\Debug\SCB_I2cCommSlave01.a(I2CS.o)
 .debug_line    0x0000058f       0xb5 .\CortexM0\ARM_GCC_493\Debug\SCB_I2cCommSlave01.a(I2CS_I2C.o)
 .debug_line    0x00000644      0x14d .\CortexM0\ARM_GCC_493\Debug\SCB_I2cCommSlave01.a(I2CS_I2C_SLAVE.o)
 .debug_line    0x00000791      0x461 .\CortexM0\ARM_GCC_493\Debug\SCB_I2cCommSlave01.a(CyLib.o)
 .debug_line    0x00000bf2      0x375 .\CortexM0\ARM_GCC_493\Debug\SCB_I2cCommSlave01.a(PWM_2.o)
 .debug_line    0x00000f67      0x151 .\CortexM0\ARM_GCC_493\Debug\SCB_I2cCommSlave01.a(I2CS_I2C_INT.o)
 .debug_line    0x000010b8       0x6b .\CortexM0\ARM_GCC_493\Debug\SCB_I2cCommSlave01.a(CyBootAsmGnu.o)

.debug_frame    0x00000000     0x1098
 *(.debug_frame)
 .debug_frame   0x00000000       0x54 .\CortexM0\ARM_GCC_493\Debug\main.o
 .debug_frame   0x00000054       0xc8 .\CortexM0\ARM_GCC_493\Debug\Cm0Start.o
 .debug_frame   0x0000011c       0xe8 .\CortexM0\ARM_GCC_493\Debug\SCB_I2cCommSlave01.a(cyfitter_cfg.o)
 .debug_frame   0x00000204      0x150 .\CortexM0\ARM_GCC_493\Debug\SCB_I2cCommSlave01.a(I2CS.o)
 .debug_frame   0x00000354       0x48 .\CortexM0\ARM_GCC_493\Debug\SCB_I2cCommSlave01.a(I2CS_I2C.o)
 .debug_frame   0x0000039c      0x15c .\CortexM0\ARM_GCC_493\Debug\SCB_I2cCommSlave01.a(I2CS_I2C_SLAVE.o)
 .debug_frame   0x000004f8      0x568 .\CortexM0\ARM_GCC_493\Debug\SCB_I2cCommSlave01.a(CyLib.o)
 .debug_frame   0x00000a60      0x52c .\CortexM0\ARM_GCC_493\Debug\SCB_I2cCommSlave01.a(PWM_2.o)
 .debug_frame   0x00000f8c       0x30 .\CortexM0\ARM_GCC_493\Debug\SCB_I2cCommSlave01.a(I2CS_I2C_INT.o)
 .debug_frame   0x00000fbc       0x20 c:/program files (x86)/cypress/psoc creator/3.3/psoc creator/import/gnu/arm/4.9.3/bin/../lib/gcc/arm-none-eabi/4.9.3/armv6-m\libgcc.a(_udivsi3.o)
 .debug_frame   0x00000fdc       0x20 c:/program files (x86)/cypress/psoc creator/3.3/psoc creator/import/gnu/arm/4.9.3/bin/../lib/gcc/arm-none-eabi/4.9.3/../../../../arm-none-eabi/lib/armv6-m\libg_nano.a(lib_a-errno.o)
 .debug_frame   0x00000ffc       0x28 c:/program files (x86)/cypress/psoc creator/3.3/psoc creator/import/gnu/arm/4.9.3/bin/../lib/gcc/arm-none-eabi/4.9.3/../../../../arm-none-eabi/lib/armv6-m\libg_nano.a(lib_a-exit.o)
 .debug_frame   0x00001024       0x2c c:/program files (x86)/cypress/psoc creator/3.3/psoc creator/import/gnu/arm/4.9.3/bin/../lib/gcc/arm-none-eabi/4.9.3/../../../../arm-none-eabi/lib/armv6-m\libg_nano.a(lib_a-init.o)
 .debug_frame   0x00001050       0x28 c:/program files (x86)/cypress/psoc creator/3.3/psoc creator/import/gnu/arm/4.9.3/bin/../lib/gcc/arm-none-eabi/4.9.3/../../../../arm-none-eabi/lib/armv6-m\libg_nano.a(lib_a-memcpy.o)
 .debug_frame   0x00001078       0x20 c:/program files (x86)/cypress/psoc creator/3.3/psoc creator/import/gnu/arm/4.9.3/bin/../lib/gcc/arm-none-eabi/4.9.3/../../../../arm-none-eabi/lib/armv6-m\libg_nano.a(lib_a-memset.o)

.debug_str      0x00000000     0x108b
 *(.debug_str)
 .debug_str     0x00000000      0x19a .\CortexM0\ARM_GCC_493\Debug\main.o
                                0x1d3 (size before relaxing)
 .debug_str     0x0000019a       0x5b .\CortexM0\ARM_GCC_493\Debug\cymetadata.o
                                0x1da (size before relaxing)
 .debug_str     0x000001f5      0x12e .\CortexM0\ARM_GCC_493\Debug\Cm0Start.o
                                0x2ce (size before relaxing)
 .debug_str     0x00000323       0xfd .\CortexM0\ARM_GCC_493\Debug\SCB_I2cCommSlave01.a(cyfitter_cfg.o)
                                0x2c0 (size before relaxing)
 .debug_str     0x00000420      0x12e .\CortexM0\ARM_GCC_493\Debug\SCB_I2cCommSlave01.a(I2CS.o)
                                0x2ba (size before relaxing)
 .debug_str     0x0000054e       0x90 .\CortexM0\ARM_GCC_493\Debug\SCB_I2cCommSlave01.a(I2CS_I2C.o)
                                0x21c (size before relaxing)
 .debug_str     0x000005de      0x1ce .\CortexM0\ARM_GCC_493\Debug\SCB_I2cCommSlave01.a(I2CS_I2C_SLAVE.o)
                                0x3b0 (size before relaxing)
 .debug_str     0x000007ac      0x4a7 .\CortexM0\ARM_GCC_493\Debug\SCB_I2cCommSlave01.a(CyLib.o)
                                0x65a (size before relaxing)
 .debug_str     0x00000c53      0x3ed .\CortexM0\ARM_GCC_493\Debug\SCB_I2cCommSlave01.a(PWM_2.o)
                                0x584 (size before relaxing)
 .debug_str     0x00001040       0x4b .\CortexM0\ARM_GCC_493\Debug\SCB_I2cCommSlave01.a(I2CS_I2C_INT.o)
                                0x2a4 (size before relaxing)

.debug_loc
 *(.debug_loc)

.debug_macinfo
 *(.debug_macinfo)

.debug_ranges   0x00000000      0x428
 *(.debug_ranges)
 .debug_ranges  0x00000000       0x18 .\CortexM0\ARM_GCC_493\Debug\main.o
 .debug_ranges  0x00000018       0x38 .\CortexM0\ARM_GCC_493\Debug\Cm0Start.o
 .debug_ranges  0x00000050       0x40 .\CortexM0\ARM_GCC_493\Debug\SCB_I2cCommSlave01.a(cyfitter_cfg.o)
 .debug_ranges  0x00000090       0x60 .\CortexM0\ARM_GCC_493\Debug\SCB_I2cCommSlave01.a(I2CS.o)
 .debug_ranges  0x000000f0       0x18 .\CortexM0\ARM_GCC_493\Debug\SCB_I2cCommSlave01.a(I2CS_I2C.o)
 .debug_ranges  0x00000108       0x60 .\CortexM0\ARM_GCC_493\Debug\SCB_I2cCommSlave01.a(I2CS_I2C_SLAVE.o)
 .debug_ranges  0x00000168      0x168 .\CortexM0\ARM_GCC_493\Debug\SCB_I2cCommSlave01.a(CyLib.o)
 .debug_ranges  0x000002d0      0x148 .\CortexM0\ARM_GCC_493\Debug\SCB_I2cCommSlave01.a(PWM_2.o)
 .debug_ranges  0x00000418       0x10 .\CortexM0\ARM_GCC_493\Debug\SCB_I2cCommSlave01.a(I2CS_I2C_INT.o)

.comment        0x00000000       0x70
 .comment       0x00000000       0x70 .\CortexM0\ARM_GCC_493\Debug\main.o
                                 0x71 (size before relaxing)
 .comment       0x00000000       0x71 .\CortexM0\ARM_GCC_493\Debug\cymetadata.o
 .comment       0x00000000       0x71 .\CortexM0\ARM_GCC_493\Debug\Cm0Start.o
 .comment       0x00000000       0x71 .\CortexM0\ARM_GCC_493\Debug\SCB_I2cCommSlave01.a(cyfitter_cfg.o)
 .comment       0x00000000       0x71 .\CortexM0\ARM_GCC_493\Debug\SCB_I2cCommSlave01.a(I2CS.o)
 .comment       0x00000000       0x71 .\CortexM0\ARM_GCC_493\Debug\SCB_I2cCommSlave01.a(I2CS_I2C.o)
 .comment       0x00000000       0x71 .\CortexM0\ARM_GCC_493\Debug\SCB_I2cCommSlave01.a(I2CS_I2C_SLAVE.o)
 .comment       0x00000000       0x71 .\CortexM0\ARM_GCC_493\Debug\SCB_I2cCommSlave01.a(CyLib.o)
 .comment       0x00000000       0x71 .\CortexM0\ARM_GCC_493\Debug\SCB_I2cCommSlave01.a(PWM_2.o)
 .comment       0x00000000       0x71 .\CortexM0\ARM_GCC_493\Debug\SCB_I2cCommSlave01.a(I2CS_I2C_INT.o)

.debug_weaknames
 *(.debug_weaknames)

.debug_funcnames
 *(.debug_funcnames)

.debug_typenames
 *(.debug_typenames)

.debug_varnames
 *(.debug_varnames)

.note.gnu.arm.ident
 *(.note.gnu.arm.ident)

.ARM.attributes
                0x00000000       0x28
 *(.ARM.attributes)
 .ARM.attributes
                0x00000000       0x1e c:/program files (x86)/cypress/psoc creator/3.3/psoc creator/import/gnu/arm/4.9.3/bin/../lib/gcc/arm-none-eabi/4.9.3/armv6-m/crti.o
 .ARM.attributes
                0x0000001e       0x2c c:/program files (x86)/cypress/psoc creator/3.3/psoc creator/import/gnu/arm/4.9.3/bin/../lib/gcc/arm-none-eabi/4.9.3/armv6-m/crtbegin.o
 .ARM.attributes
                0x0000004a       0x1b c:/program files (x86)/cypress/psoc creator/3.3/psoc creator/import/gnu/arm/4.9.3/bin/../lib/gcc/arm-none-eabi/4.9.3/../../../../arm-none-eabi/lib/armv6-m/crt0.o
 .ARM.attributes
                0x00000065       0x31 .\CortexM0\ARM_GCC_493\Debug\main.o
 .ARM.attributes
                0x00000096       0x31 .\CortexM0\ARM_GCC_493\Debug\cymetadata.o
 .ARM.attributes
                0x000000c7       0x31 .\CortexM0\ARM_GCC_493\Debug\Cm0Start.o
 .ARM.attributes
                0x000000f8       0x31 .\CortexM0\ARM_GCC_493\Debug\SCB_I2cCommSlave01.a(cyfitter_cfg.o)
 .ARM.attributes
                0x00000129       0x31 .\CortexM0\ARM_GCC_493\Debug\SCB_I2cCommSlave01.a(I2CS.o)
 .ARM.attributes
                0x0000015a       0x31 .\CortexM0\ARM_GCC_493\Debug\SCB_I2cCommSlave01.a(I2CS_I2C.o)
 .ARM.attributes
                0x0000018b       0x31 .\CortexM0\ARM_GCC_493\Debug\SCB_I2cCommSlave01.a(I2CS_I2C_SLAVE.o)
 .ARM.attributes
                0x000001bc       0x31 .\CortexM0\ARM_GCC_493\Debug\SCB_I2cCommSlave01.a(CyLib.o)
 .ARM.attributes
                0x000001ed       0x31 .\CortexM0\ARM_GCC_493\Debug\SCB_I2cCommSlave01.a(PWM_2.o)
 .ARM.attributes
                0x0000021e       0x31 .\CortexM0\ARM_GCC_493\Debug\SCB_I2cCommSlave01.a(I2CS_I2C_INT.o)
 .ARM.attributes
                0x0000024f       0x21 .\CortexM0\ARM_GCC_493\Debug\SCB_I2cCommSlave01.a(CyBootAsmGnu.o)
 .ARM.attributes
                0x00000270       0x1e c:/program files (x86)/cypress/psoc creator/3.3/psoc creator/import/gnu/arm/4.9.3/bin/../lib/gcc/arm-none-eabi/4.9.3/armv6-m\libgcc.a(_udivsi3.o)
 .ARM.attributes
                0x0000028e       0x1e c:/program files (x86)/cypress/psoc creator/3.3/psoc creator/import/gnu/arm/4.9.3/bin/../lib/gcc/arm-none-eabi/4.9.3/armv6-m\libgcc.a(_dvmd_tls.o)
 .ARM.attributes
                0x000002ac       0x2c c:/program files (x86)/cypress/psoc creator/3.3/psoc creator/import/gnu/arm/4.9.3/bin/../lib/gcc/arm-none-eabi/4.9.3/../../../../arm-none-eabi/lib/armv6-m\libg_nano.a(lib_a-errno.o)
 .ARM.attributes
                0x000002d8       0x2c c:/program files (x86)/cypress/psoc creator/3.3/psoc creator/import/gnu/arm/4.9.3/bin/../lib/gcc/arm-none-eabi/4.9.3/../../../../arm-none-eabi/lib/armv6-m\libg_nano.a(lib_a-exit.o)
 .ARM.attributes
                0x00000304       0x2c c:/program files (x86)/cypress/psoc creator/3.3/psoc creator/import/gnu/arm/4.9.3/bin/../lib/gcc/arm-none-eabi/4.9.3/../../../../arm-none-eabi/lib/armv6-m\libg_nano.a(lib_a-impure.o)
 .ARM.attributes
                0x00000330       0x2c c:/program files (x86)/cypress/psoc creator/3.3/psoc creator/import/gnu/arm/4.9.3/bin/../lib/gcc/arm-none-eabi/4.9.3/../../../../arm-none-eabi/lib/armv6-m\libg_nano.a(lib_a-init.o)
 .ARM.attributes
                0x0000035c       0x2c c:/program files (x86)/cypress/psoc creator/3.3/psoc creator/import/gnu/arm/4.9.3/bin/../lib/gcc/arm-none-eabi/4.9.3/../../../../arm-none-eabi/lib/armv6-m\libg_nano.a(lib_a-memcpy.o)
 .ARM.attributes
                0x00000388       0x2c c:/program files (x86)/cypress/psoc creator/3.3/psoc creator/import/gnu/arm/4.9.3/bin/../lib/gcc/arm-none-eabi/4.9.3/../../../../arm-none-eabi/lib/armv6-m\libg_nano.a(lib_a-memset.o)
 .ARM.attributes
                0x000003b4       0x2c c:/program files (x86)/cypress/psoc creator/3.3/psoc creator/import/gnu/arm/4.9.3/bin/../lib/gcc/arm-none-eabi/4.9.3/armv6-m/crtend.o
 .ARM.attributes
                0x000003e0       0x1e c:/program files (x86)/cypress/psoc creator/3.3/psoc creator/import/gnu/arm/4.9.3/bin/../lib/gcc/arm-none-eabi/4.9.3/armv6-m/crtn.o

/DISCARD/
 *(.note.GNU-stack)
OUTPUT(.\CortexM0\ARM_GCC_493\Debug\SCB_I2cCommSlave01.elf elf32-littlearm)
