Archive member included because of file (symbol)

.\CortexM0\ARM_GCC_493\Debug\TestState.a(cyfitter_cfg.o)
                              .\CortexM0\ARM_GCC_493\Debug\Cm0Start.o (cyfitter_cfg)
.\CortexM0\ARM_GCC_493\Debug\TestState.a(CyLib.o)
                              .\CortexM0\ARM_GCC_493\Debug\TestState.a(cyfitter_cfg.o) (CyIntEnable)
.\CortexM0\ARM_GCC_493\Debug\TestState.a(CyLFClk.o)
                              .\CortexM0\ARM_GCC_493\Debug\TestState.a(cyfitter_cfg.o) (CySysWdtIsr)
.\CortexM0\ARM_GCC_493\Debug\TestState.a(I2CS.o)
                              .\CortexM0\ARM_GCC_493\Debug\main.o (I2CS_Start)
.\CortexM0\ARM_GCC_493\Debug\TestState.a(I2CS_I2C.o)
                              .\CortexM0\ARM_GCC_493\Debug\TestState.a(I2CS.o) (I2CS_I2CInit)
.\CortexM0\ARM_GCC_493\Debug\TestState.a(I2CS_I2C_SLAVE.o)
                              .\CortexM0\ARM_GCC_493\Debug\main.o (I2CS_I2CSlaveStatus)
.\CortexM0\ARM_GCC_493\Debug\TestState.a(State_CtrlReg_Dir.o)
                              .\CortexM0\ARM_GCC_493\Debug\run_front.o (State_CtrlReg_Dir_Write)
.\CortexM0\ARM_GCC_493\Debug\TestState.a(State_CtrlReg_Run.o)
                              .\CortexM0\ARM_GCC_493\Debug\run_front.o (State_CtrlReg_Run_Write)
.\CortexM0\ARM_GCC_493\Debug\TestState.a(CyBootAsmGnu.o)
                              .\CortexM0\ARM_GCC_493\Debug\TestState.a(CyLib.o) (CyDelayCycles)
.\CortexM0\ARM_GCC_493\Debug\TestState.a(I2CS_I2C_INT.o)
                              .\CortexM0\ARM_GCC_493\Debug\TestState.a(I2CS_I2C.o) (I2CS_I2C_ISR)
c:/program files (x86)/cypress/psoc creator/4.0/psoc creator/import/gnu/arm/4.9.3/bin/../lib/gcc/arm-none-eabi/4.9.3/armv6-m\libgcc.a(_udivsi3.o)
                              .\CortexM0\ARM_GCC_493\Debug\TestState.a(CyLib.o) (__aeabi_uidiv)
c:/program files (x86)/cypress/psoc creator/4.0/psoc creator/import/gnu/arm/4.9.3/bin/../lib/gcc/arm-none-eabi/4.9.3/armv6-m\libgcc.a(_dvmd_tls.o)
                              c:/program files (x86)/cypress/psoc creator/4.0/psoc creator/import/gnu/arm/4.9.3/bin/../lib/gcc/arm-none-eabi/4.9.3/armv6-m\libgcc.a(_udivsi3.o) (__aeabi_idiv0)
c:/program files (x86)/cypress/psoc creator/4.0/psoc creator/import/gnu/arm/4.9.3/bin/../lib/gcc/arm-none-eabi/4.9.3/../../../../arm-none-eabi/lib/armv6-m\libg_nano.a(lib_a-errno.o)
                              .\CortexM0\ARM_GCC_493\Debug\Cm0Start.o (__errno)
c:/program files (x86)/cypress/psoc creator/4.0/psoc creator/import/gnu/arm/4.9.3/bin/../lib/gcc/arm-none-eabi/4.9.3/../../../../arm-none-eabi/lib/armv6-m\libg_nano.a(lib_a-exit.o)
                              c:/program files (x86)/cypress/psoc creator/4.0/psoc creator/import/gnu/arm/4.9.3/bin/../lib/gcc/arm-none-eabi/4.9.3/../../../../arm-none-eabi/lib/armv6-m/crt0.o (exit)
c:/program files (x86)/cypress/psoc creator/4.0/psoc creator/import/gnu/arm/4.9.3/bin/../lib/gcc/arm-none-eabi/4.9.3/../../../../arm-none-eabi/lib/armv6-m\libg_nano.a(lib_a-impure.o)
                              c:/program files (x86)/cypress/psoc creator/4.0/psoc creator/import/gnu/arm/4.9.3/bin/../lib/gcc/arm-none-eabi/4.9.3/../../../../arm-none-eabi/lib/armv6-m\libg_nano.a(lib_a-exit.o) (_global_impure_ptr)
c:/program files (x86)/cypress/psoc creator/4.0/psoc creator/import/gnu/arm/4.9.3/bin/../lib/gcc/arm-none-eabi/4.9.3/../../../../arm-none-eabi/lib/armv6-m\libg_nano.a(lib_a-init.o)
                              c:/program files (x86)/cypress/psoc creator/4.0/psoc creator/import/gnu/arm/4.9.3/bin/../lib/gcc/arm-none-eabi/4.9.3/../../../../arm-none-eabi/lib/armv6-m/crt0.o (__libc_init_array)
c:/program files (x86)/cypress/psoc creator/4.0/psoc creator/import/gnu/arm/4.9.3/bin/../lib/gcc/arm-none-eabi/4.9.3/../../../../arm-none-eabi/lib/armv6-m\libg_nano.a(lib_a-memset.o)
                              c:/program files (x86)/cypress/psoc creator/4.0/psoc creator/import/gnu/arm/4.9.3/bin/../lib/gcc/arm-none-eabi/4.9.3/../../../../arm-none-eabi/lib/armv6-m/crt0.o (memset)

Allocating common symbols
Common symbol       size              file

I2CS_state          0x1               .\CortexM0\ARM_GCC_493\Debug\TestState.a(I2CS_I2C.o)
I2CS_slRdBufIndex   0x4               .\CortexM0\ARM_GCC_493\Debug\TestState.a(I2CS_I2C_SLAVE.o)
i2cWriteBuffer      0x6               .\CortexM0\ARM_GCC_493\Debug\main.o
I2CS_slWrBufIndex   0x4               .\CortexM0\ARM_GCC_493\Debug\TestState.a(I2CS_I2C_SLAVE.o)
I2CS_slWrBufSize    0x4               .\CortexM0\ARM_GCC_493\Debug\TestState.a(I2CS_I2C_SLAVE.o)
I2CS_slRdBufSize    0x4               .\CortexM0\ARM_GCC_493\Debug\TestState.a(I2CS_I2C_SLAVE.o)
I2CS_slRdBufPtr     0x4               .\CortexM0\ARM_GCC_493\Debug\TestState.a(I2CS_I2C_SLAVE.o)
I2CS_slStatus       0x1               .\CortexM0\ARM_GCC_493\Debug\TestState.a(I2CS_I2C_SLAVE.o)
I2CS_slRdBufIndexTmp
                    0x4               .\CortexM0\ARM_GCC_493\Debug\TestState.a(I2CS_I2C_SLAVE.o)
I2CS_slWrBufPtr     0x4               .\CortexM0\ARM_GCC_493\Debug\TestState.a(I2CS_I2C_SLAVE.o)
I2CS_slOverFlowCount
                    0x1               .\CortexM0\ARM_GCC_493\Debug\TestState.a(I2CS_I2C_SLAVE.o)

Discarded input sections

 .text          0x00000000        0x0 c:/program files (x86)/cypress/psoc creator/4.0/psoc creator/import/gnu/arm/4.9.3/bin/../lib/gcc/arm-none-eabi/4.9.3/armv6-m/crti.o
 .data          0x00000000        0x0 c:/program files (x86)/cypress/psoc creator/4.0/psoc creator/import/gnu/arm/4.9.3/bin/../lib/gcc/arm-none-eabi/4.9.3/armv6-m/crti.o
 .bss           0x00000000        0x0 c:/program files (x86)/cypress/psoc creator/4.0/psoc creator/import/gnu/arm/4.9.3/bin/../lib/gcc/arm-none-eabi/4.9.3/armv6-m/crti.o
 .data          0x00000000        0x4 c:/program files (x86)/cypress/psoc creator/4.0/psoc creator/import/gnu/arm/4.9.3/bin/../lib/gcc/arm-none-eabi/4.9.3/armv6-m/crtbegin.o
 .text          0x00000000       0x78 c:/program files (x86)/cypress/psoc creator/4.0/psoc creator/import/gnu/arm/4.9.3/bin/../lib/gcc/arm-none-eabi/4.9.3/../../../../arm-none-eabi/lib/armv6-m/crt0.o
 .data          0x00000000        0x0 c:/program files (x86)/cypress/psoc creator/4.0/psoc creator/import/gnu/arm/4.9.3/bin/../lib/gcc/arm-none-eabi/4.9.3/../../../../arm-none-eabi/lib/armv6-m/crt0.o
 .bss           0x00000000        0x0 c:/program files (x86)/cypress/psoc creator/4.0/psoc creator/import/gnu/arm/4.9.3/bin/../lib/gcc/arm-none-eabi/4.9.3/../../../../arm-none-eabi/lib/armv6-m/crt0.o
 .ARM.extab     0x00000000        0x0 c:/program files (x86)/cypress/psoc creator/4.0/psoc creator/import/gnu/arm/4.9.3/bin/../lib/gcc/arm-none-eabi/4.9.3/../../../../arm-none-eabi/lib/armv6-m/crt0.o
 .ARM.exidx     0x00000000        0x8 c:/program files (x86)/cypress/psoc creator/4.0/psoc creator/import/gnu/arm/4.9.3/bin/../lib/gcc/arm-none-eabi/4.9.3/../../../../arm-none-eabi/lib/armv6-m/crt0.o
 .text          0x00000000        0x0 .\CortexM0\ARM_GCC_493\Debug\main.o
 .bss           0x00000000        0x0 .\CortexM0\ARM_GCC_493\Debug\main.o
 .text          0x00000000        0x0 .\CortexM0\ARM_GCC_493\Debug\run_back.o
 .data          0x00000000        0x0 .\CortexM0\ARM_GCC_493\Debug\run_back.o
 .bss           0x00000000        0x0 .\CortexM0\ARM_GCC_493\Debug\run_back.o
 .text.run_back
                0x00000000        0x4 .\CortexM0\ARM_GCC_493\Debug\run_back.o
 .text          0x00000000        0x0 .\CortexM0\ARM_GCC_493\Debug\run_front.o
 .data          0x00000000        0x0 .\CortexM0\ARM_GCC_493\Debug\run_front.o
 .bss           0x00000000        0x0 .\CortexM0\ARM_GCC_493\Debug\run_front.o
 .text          0x00000000        0x0 .\CortexM0\ARM_GCC_493\Debug\cymetadata.o
 .data          0x00000000        0x0 .\CortexM0\ARM_GCC_493\Debug\cymetadata.o
 .bss           0x00000000        0x0 .\CortexM0\ARM_GCC_493\Debug\cymetadata.o
 .text          0x00000000        0x0 .\CortexM0\ARM_GCC_493\Debug\Cm0Start.o
 .data          0x00000000        0x4 .\CortexM0\ARM_GCC_493\Debug\Cm0Start.o
 .bss           0x00000000        0x0 .\CortexM0\ARM_GCC_493\Debug\Cm0Start.o
 .text._exit    0x00000000        0xc .\CortexM0\ARM_GCC_493\Debug\Cm0Start.o
 .text._sbrk    0x00000000       0x30 .\CortexM0\ARM_GCC_493\Debug\Cm0Start.o
 .text          0x00000000        0x0 .\CortexM0\ARM_GCC_493\Debug\TestState.a(cyfitter_cfg.o)
 .data          0x00000000        0x0 .\CortexM0\ARM_GCC_493\Debug\TestState.a(cyfitter_cfg.o)
 .bss           0x00000000        0x0 .\CortexM0\ARM_GCC_493\Debug\TestState.a(cyfitter_cfg.o)
 .text          0x00000000        0x0 .\CortexM0\ARM_GCC_493\Debug\TestState.a(CyLib.o)
 .bss           0x00000000       0x18 .\CortexM0\ARM_GCC_493\Debug\TestState.a(CyLib.o)
 .text.CySysClkImoStart
                0x00000000       0x14 .\CortexM0\ARM_GCC_493\Debug\TestState.a(CyLib.o)
 .text.CySysClkImoStop
                0x00000000       0x10 .\CortexM0\ARM_GCC_493\Debug\TestState.a(CyLib.o)
 .text.CySysClkWriteHfclkDirect
                0x00000000       0x20 .\CortexM0\ARM_GCC_493\Debug\TestState.a(CyLib.o)
 .text.CySysClkGetSysclkSource
                0x00000000       0x1c .\CortexM0\ARM_GCC_493\Debug\TestState.a(CyLib.o)
 .text.CySysClkWriteSysclkDiv
                0x00000000       0x28 .\CortexM0\ARM_GCC_493\Debug\TestState.a(CyLib.o)
 .text.CySysLvdDisable
                0x00000000       0x20 .\CortexM0\ARM_GCC_493\Debug\TestState.a(CyLib.o)
 .text.CySysLvdGetInterruptSource
                0x00000000       0x10 .\CortexM0\ARM_GCC_493\Debug\TestState.a(CyLib.o)
 .text.CySysLvdClearInterrupt
                0x00000000        0xc .\CortexM0\ARM_GCC_493\Debug\TestState.a(CyLib.o)
 .text.CySysGetResetReason
                0x00000000       0x14 .\CortexM0\ARM_GCC_493\Debug\TestState.a(CyLib.o)
 .text.CyDisableInts
                0x00000000       0x10 .\CortexM0\ARM_GCC_493\Debug\TestState.a(CyLib.o)
 .text.CyEnableInts
                0x00000000        0xc .\CortexM0\ARM_GCC_493\Debug\TestState.a(CyLib.o)
 .text.CyIntGetState
                0x00000000       0x18 .\CortexM0\ARM_GCC_493\Debug\TestState.a(CyLib.o)
 .text.CyIntSetPending
                0x00000000       0x14 .\CortexM0\ARM_GCC_493\Debug\TestState.a(CyLib.o)
 .text.CyIntClearPending
                0x00000000       0x14 .\CortexM0\ARM_GCC_493\Debug\TestState.a(CyLib.o)
 .text.CyIntSetSysVector
                0x00000000       0x20 .\CortexM0\ARM_GCC_493\Debug\TestState.a(CyLib.o)
 .text.CyIntGetSysVector
                0x00000000       0x1c .\CortexM0\ARM_GCC_493\Debug\TestState.a(CyLib.o)
 .text.CyIntGetVector
                0x00000000       0x20 .\CortexM0\ARM_GCC_493\Debug\TestState.a(CyLib.o)
 .text.CyIntGetPriority
                0x00000000       0x2c .\CortexM0\ARM_GCC_493\Debug\TestState.a(CyLib.o)
 .text.CySoftwareReset
                0x00000000       0x18 .\CortexM0\ARM_GCC_493\Debug\TestState.a(CyLib.o)
 .text.CyDelay  0x00000000       0x30 .\CortexM0\ARM_GCC_493\Debug\TestState.a(CyLib.o)
 .text.CySysLvdEnable
                0x00000000       0x44 .\CortexM0\ARM_GCC_493\Debug\TestState.a(CyLib.o)
 .text.CyDelayFreq
                0x00000000       0x4c .\CortexM0\ARM_GCC_493\Debug\TestState.a(CyLib.o)
 .text.CySysTickStop
                0x00000000       0x10 .\CortexM0\ARM_GCC_493\Debug\TestState.a(CyLib.o)
 .text.CySysTickEnableInterrupt
                0x00000000       0x10 .\CortexM0\ARM_GCC_493\Debug\TestState.a(CyLib.o)
 .text.CySysTickEnable
                0x00000000       0x18 .\CortexM0\ARM_GCC_493\Debug\TestState.a(CyLib.o)
 .text.CySysTickDisableInterrupt
                0x00000000       0x10 .\CortexM0\ARM_GCC_493\Debug\TestState.a(CyLib.o)
 .text.CySysTickSetReload
                0x00000000       0x10 .\CortexM0\ARM_GCC_493\Debug\TestState.a(CyLib.o)
 .text.CySysTickGetReload
                0x00000000       0x10 .\CortexM0\ARM_GCC_493\Debug\TestState.a(CyLib.o)
 .text.CySysTickGetValue
                0x00000000       0x10 .\CortexM0\ARM_GCC_493\Debug\TestState.a(CyLib.o)
 .text.CySysTickGetCountFlag
                0x00000000       0x10 .\CortexM0\ARM_GCC_493\Debug\TestState.a(CyLib.o)
 .text.CySysTickServiceCallbacks
                0x00000000       0x28 .\CortexM0\ARM_GCC_493\Debug\TestState.a(CyLib.o)
 .text.CySysTickClear
                0x00000000        0xc .\CortexM0\ARM_GCC_493\Debug\TestState.a(CyLib.o)
 .text.CySysTickInit
                0x00000000       0x44 .\CortexM0\ARM_GCC_493\Debug\TestState.a(CyLib.o)
 .text.CySysTickStart
                0x00000000       0x20 .\CortexM0\ARM_GCC_493\Debug\TestState.a(CyLib.o)
 .text.CySysTickSetCallback
                0x00000000       0x10 .\CortexM0\ARM_GCC_493\Debug\TestState.a(CyLib.o)
 .text.CySysTickGetCallback
                0x00000000        0xc .\CortexM0\ARM_GCC_493\Debug\TestState.a(CyLib.o)
 .text.CyGetUniqueId
                0x00000000       0x70 .\CortexM0\ARM_GCC_493\Debug\TestState.a(CyLib.o)
 .text          0x00000000        0x0 .\CortexM0\ARM_GCC_493\Debug\TestState.a(CyLFClk.o)
 .text.CySysClkIloEnabled
                0x00000000       0x14 .\CortexM0\ARM_GCC_493\Debug\TestState.a(CyLFClk.o)
 .text.CySysClkIloStart
                0x00000000       0x14 .\CortexM0\ARM_GCC_493\Debug\TestState.a(CyLFClk.o)
 .text.CySysClkIloStartMeasurement
                0x00000000       0x34 .\CortexM0\ARM_GCC_493\Debug\TestState.a(CyLFClk.o)
 .text.CySysClkIloStopMeasurement
                0x00000000       0x14 .\CortexM0\ARM_GCC_493\Debug\TestState.a(CyLFClk.o)
 .text.CySysClkIloCompensate
                0x00000000      0x108 .\CortexM0\ARM_GCC_493\Debug\TestState.a(CyLFClk.o)
 .text.CySysWdtGetEnabledStatus
                0x00000000       0x24 .\CortexM0\ARM_GCC_493\Debug\TestState.a(CyLFClk.o)
 .text.CySysWdtSetMode
                0x00000000       0x38 .\CortexM0\ARM_GCC_493\Debug\TestState.a(CyLFClk.o)
 .text.CySysClkLfclkPosedgeRestore
                0x00000000       0x2c .\CortexM0\ARM_GCC_493\Debug\TestState.a(CyLFClk.o)
 .text.CySysWdtGetMode
                0x00000000       0x14 .\CortexM0\ARM_GCC_493\Debug\TestState.a(CyLFClk.o)
 .text.CySysWdtSetClearOnMatch
                0x00000000       0x38 .\CortexM0\ARM_GCC_493\Debug\TestState.a(CyLFClk.o)
 .text.CySysWdtGetClearOnMatch
                0x00000000       0x24 .\CortexM0\ARM_GCC_493\Debug\TestState.a(CyLFClk.o)
 .text.CySysWdtEnable
                0x00000000       0x40 .\CortexM0\ARM_GCC_493\Debug\TestState.a(CyLFClk.o)
 .text.CySysWdtDisable
                0x00000000       0x44 .\CortexM0\ARM_GCC_493\Debug\TestState.a(CyLFClk.o)
 .text.CySysWdtSetCascade
                0x00000000       0x34 .\CortexM0\ARM_GCC_493\Debug\TestState.a(CyLFClk.o)
 .text.CySysWdtGetCascade
                0x00000000       0x14 .\CortexM0\ARM_GCC_493\Debug\TestState.a(CyLFClk.o)
 .text.CySysWdtSetMatch
                0x00000000       0x3c .\CortexM0\ARM_GCC_493\Debug\TestState.a(CyLFClk.o)
 .text.CySysWdtSetToggleBit
                0x00000000       0x2c .\CortexM0\ARM_GCC_493\Debug\TestState.a(CyLFClk.o)
 .text.CySysWdtGetToggleBit
                0x00000000       0x10 .\CortexM0\ARM_GCC_493\Debug\TestState.a(CyLFClk.o)
 .text.CySysWdtGetMatch
                0x00000000       0x20 .\CortexM0\ARM_GCC_493\Debug\TestState.a(CyLFClk.o)
 .text.CySysWdtGetCount
                0x00000000       0x3c .\CortexM0\ARM_GCC_493\Debug\TestState.a(CyLFClk.o)
 .text.CySysClkLfclkPosedgeCatch
                0x00000000       0x74 .\CortexM0\ARM_GCC_493\Debug\TestState.a(CyLFClk.o)
 .text.CySysClkIloStop
                0x00000000       0x38 .\CortexM0\ARM_GCC_493\Debug\TestState.a(CyLFClk.o)
 .text.CySysWdtGetInterruptSource
                0x00000000       0x14 .\CortexM0\ARM_GCC_493\Debug\TestState.a(CyLFClk.o)
 .text.CySysWdtResetCounters
                0x00000000       0x20 .\CortexM0\ARM_GCC_493\Debug\TestState.a(CyLFClk.o)
 .text.CySysWdtSetInterruptCallback
                0x00000000       0x20 .\CortexM0\ARM_GCC_493\Debug\TestState.a(CyLFClk.o)
 .text.CySysWdtGetInterruptCallback
                0x00000000       0x20 .\CortexM0\ARM_GCC_493\Debug\TestState.a(CyLFClk.o)
 .text.CySysWdtEnableCounterIsr
                0x00000000       0x34 .\CortexM0\ARM_GCC_493\Debug\TestState.a(CyLFClk.o)
 .text.CySysWdtDisableCounterIsr
                0x00000000       0x28 .\CortexM0\ARM_GCC_493\Debug\TestState.a(CyLFClk.o)
 .text.CySysWatchdogFeed
                0x00000000       0x60 .\CortexM0\ARM_GCC_493\Debug\TestState.a(CyLFClk.o)
 .text.CySysTimerDelayUntilMatch
                0x00000000       0x6c .\CortexM0\ARM_GCC_493\Debug\TestState.a(CyLFClk.o)
 .text.CySysTimerDelay
                0x00000000       0x3c .\CortexM0\ARM_GCC_493\Debug\TestState.a(CyLFClk.o)
 .rodata        0x00000000        0xc .\CortexM0\ARM_GCC_493\Debug\TestState.a(CyLFClk.o)
 .text          0x00000000        0x0 .\CortexM0\ARM_GCC_493\Debug\TestState.a(I2CS.o)
 .data          0x00000000        0x0 .\CortexM0\ARM_GCC_493\Debug\TestState.a(I2CS.o)
 .text.I2CS_ScbModeStop
                0x00000000        0x8 .\CortexM0\ARM_GCC_493\Debug\TestState.a(I2CS.o)
 .text.I2CS_Stop
                0x00000000       0x2c .\CortexM0\ARM_GCC_493\Debug\TestState.a(I2CS.o)
 .text.I2CS_SetRxFifoLevel
                0x00000000       0x14 .\CortexM0\ARM_GCC_493\Debug\TestState.a(I2CS.o)
 .text.I2CS_SetTxFifoLevel
                0x00000000       0x14 .\CortexM0\ARM_GCC_493\Debug\TestState.a(I2CS.o)
 .text.I2CS_SetCustomInterruptHandler
                0x00000000        0xc .\CortexM0\ARM_GCC_493\Debug\TestState.a(I2CS.o)
 .text          0x00000000        0x0 .\CortexM0\ARM_GCC_493\Debug\TestState.a(I2CS_I2C.o)
 .data          0x00000000        0x0 .\CortexM0\ARM_GCC_493\Debug\TestState.a(I2CS_I2C.o)
 .bss           0x00000000        0x0 .\CortexM0\ARM_GCC_493\Debug\TestState.a(I2CS_I2C.o)
 .text.I2CS_I2CStop
                0x00000000        0xc .\CortexM0\ARM_GCC_493\Debug\TestState.a(I2CS_I2C.o)
 .text          0x00000000        0x0 .\CortexM0\ARM_GCC_493\Debug\TestState.a(I2CS_I2C_SLAVE.o)
 .data          0x00000000        0x0 .\CortexM0\ARM_GCC_493\Debug\TestState.a(I2CS_I2C_SLAVE.o)
 .bss           0x00000000        0x0 .\CortexM0\ARM_GCC_493\Debug\TestState.a(I2CS_I2C_SLAVE.o)
 .text.I2CS_I2CSlaveSetAddress
                0x00000000       0x18 .\CortexM0\ARM_GCC_493\Debug\TestState.a(I2CS_I2C_SLAVE.o)
 .text.I2CS_I2CSlaveSetAddressMask
                0x00000000       0x18 .\CortexM0\ARM_GCC_493\Debug\TestState.a(I2CS_I2C_SLAVE.o)
 .text.I2CS_I2CSlaveGetReadBufSize
                0x00000000        0xc .\CortexM0\ARM_GCC_493\Debug\TestState.a(I2CS_I2C_SLAVE.o)
 .text          0x00000000        0x0 .\CortexM0\ARM_GCC_493\Debug\TestState.a(State_CtrlReg_Dir.o)
 .data          0x00000000        0x0 .\CortexM0\ARM_GCC_493\Debug\TestState.a(State_CtrlReg_Dir.o)
 .bss           0x00000000        0x0 .\CortexM0\ARM_GCC_493\Debug\TestState.a(State_CtrlReg_Dir.o)
 .text.State_CtrlReg_Dir_Read
                0x00000000        0xc .\CortexM0\ARM_GCC_493\Debug\TestState.a(State_CtrlReg_Dir.o)
 .text          0x00000000        0x0 .\CortexM0\ARM_GCC_493\Debug\TestState.a(State_CtrlReg_Run.o)
 .data          0x00000000        0x0 .\CortexM0\ARM_GCC_493\Debug\TestState.a(State_CtrlReg_Run.o)
 .bss           0x00000000        0x0 .\CortexM0\ARM_GCC_493\Debug\TestState.a(State_CtrlReg_Run.o)
 .text.State_CtrlReg_Run_Read
                0x00000000        0xc .\CortexM0\ARM_GCC_493\Debug\TestState.a(State_CtrlReg_Run.o)
 .data          0x00000000        0x0 .\CortexM0\ARM_GCC_493\Debug\TestState.a(CyBootAsmGnu.o)
 .bss           0x00000000        0x0 .\CortexM0\ARM_GCC_493\Debug\TestState.a(CyBootAsmGnu.o)
 .text          0x00000000        0x0 .\CortexM0\ARM_GCC_493\Debug\TestState.a(I2CS_I2C_INT.o)
 .data          0x00000000        0x0 .\CortexM0\ARM_GCC_493\Debug\TestState.a(I2CS_I2C_INT.o)
 .bss           0x00000000        0x0 .\CortexM0\ARM_GCC_493\Debug\TestState.a(I2CS_I2C_INT.o)
 .text          0x00000000      0x120 c:/program files (x86)/cypress/psoc creator/4.0/psoc creator/import/gnu/arm/4.9.3/bin/../lib/gcc/arm-none-eabi/4.9.3/armv6-m\libgcc.a(_udivsi3.o)
 .data          0x00000000        0x0 c:/program files (x86)/cypress/psoc creator/4.0/psoc creator/import/gnu/arm/4.9.3/bin/../lib/gcc/arm-none-eabi/4.9.3/armv6-m\libgcc.a(_udivsi3.o)
 .bss           0x00000000        0x0 c:/program files (x86)/cypress/psoc creator/4.0/psoc creator/import/gnu/arm/4.9.3/bin/../lib/gcc/arm-none-eabi/4.9.3/armv6-m\libgcc.a(_udivsi3.o)
 .text          0x00000000        0x4 c:/program files (x86)/cypress/psoc creator/4.0/psoc creator/import/gnu/arm/4.9.3/bin/../lib/gcc/arm-none-eabi/4.9.3/armv6-m\libgcc.a(_dvmd_tls.o)
 .data          0x00000000        0x0 c:/program files (x86)/cypress/psoc creator/4.0/psoc creator/import/gnu/arm/4.9.3/bin/../lib/gcc/arm-none-eabi/4.9.3/armv6-m\libgcc.a(_dvmd_tls.o)
 .bss           0x00000000        0x0 c:/program files (x86)/cypress/psoc creator/4.0/psoc creator/import/gnu/arm/4.9.3/bin/../lib/gcc/arm-none-eabi/4.9.3/armv6-m\libgcc.a(_dvmd_tls.o)
 .text          0x00000000        0x0 c:/program files (x86)/cypress/psoc creator/4.0/psoc creator/import/gnu/arm/4.9.3/bin/../lib/gcc/arm-none-eabi/4.9.3/../../../../arm-none-eabi/lib/armv6-m\libg_nano.a(lib_a-errno.o)
 .data          0x00000000        0x0 c:/program files (x86)/cypress/psoc creator/4.0/psoc creator/import/gnu/arm/4.9.3/bin/../lib/gcc/arm-none-eabi/4.9.3/../../../../arm-none-eabi/lib/armv6-m\libg_nano.a(lib_a-errno.o)
 .bss           0x00000000        0x0 c:/program files (x86)/cypress/psoc creator/4.0/psoc creator/import/gnu/arm/4.9.3/bin/../lib/gcc/arm-none-eabi/4.9.3/../../../../arm-none-eabi/lib/armv6-m\libg_nano.a(lib_a-errno.o)
 .text.__errno  0x00000000        0xc c:/program files (x86)/cypress/psoc creator/4.0/psoc creator/import/gnu/arm/4.9.3/bin/../lib/gcc/arm-none-eabi/4.9.3/../../../../arm-none-eabi/lib/armv6-m\libg_nano.a(lib_a-errno.o)
 .text          0x00000000        0x0 c:/program files (x86)/cypress/psoc creator/4.0/psoc creator/import/gnu/arm/4.9.3/bin/../lib/gcc/arm-none-eabi/4.9.3/../../../../arm-none-eabi/lib/armv6-m\libg_nano.a(lib_a-exit.o)
 .data          0x00000000        0x0 c:/program files (x86)/cypress/psoc creator/4.0/psoc creator/import/gnu/arm/4.9.3/bin/../lib/gcc/arm-none-eabi/4.9.3/../../../../arm-none-eabi/lib/armv6-m\libg_nano.a(lib_a-exit.o)
 .bss           0x00000000        0x0 c:/program files (x86)/cypress/psoc creator/4.0/psoc creator/import/gnu/arm/4.9.3/bin/../lib/gcc/arm-none-eabi/4.9.3/../../../../arm-none-eabi/lib/armv6-m\libg_nano.a(lib_a-exit.o)
 .text.exit     0x00000000       0x2c c:/program files (x86)/cypress/psoc creator/4.0/psoc creator/import/gnu/arm/4.9.3/bin/../lib/gcc/arm-none-eabi/4.9.3/../../../../arm-none-eabi/lib/armv6-m\libg_nano.a(lib_a-exit.o)
 .text          0x00000000        0x0 c:/program files (x86)/cypress/psoc creator/4.0/psoc creator/import/gnu/arm/4.9.3/bin/../lib/gcc/arm-none-eabi/4.9.3/../../../../arm-none-eabi/lib/armv6-m\libg_nano.a(lib_a-impure.o)
 .data          0x00000000        0x0 c:/program files (x86)/cypress/psoc creator/4.0/psoc creator/import/gnu/arm/4.9.3/bin/../lib/gcc/arm-none-eabi/4.9.3/../../../../arm-none-eabi/lib/armv6-m\libg_nano.a(lib_a-impure.o)
 .bss           0x00000000        0x0 c:/program files (x86)/cypress/psoc creator/4.0/psoc creator/import/gnu/arm/4.9.3/bin/../lib/gcc/arm-none-eabi/4.9.3/../../../../arm-none-eabi/lib/armv6-m\libg_nano.a(lib_a-impure.o)
 .data.impure_data
                0x00000000       0x60 c:/program files (x86)/cypress/psoc creator/4.0/psoc creator/import/gnu/arm/4.9.3/bin/../lib/gcc/arm-none-eabi/4.9.3/../../../../arm-none-eabi/lib/armv6-m\libg_nano.a(lib_a-impure.o)
 .data._impure_ptr
                0x00000000        0x4 c:/program files (x86)/cypress/psoc creator/4.0/psoc creator/import/gnu/arm/4.9.3/bin/../lib/gcc/arm-none-eabi/4.9.3/../../../../arm-none-eabi/lib/armv6-m\libg_nano.a(lib_a-impure.o)
 .rodata.str1.1
                0x00000000        0x2 c:/program files (x86)/cypress/psoc creator/4.0/psoc creator/import/gnu/arm/4.9.3/bin/../lib/gcc/arm-none-eabi/4.9.3/../../../../arm-none-eabi/lib/armv6-m\libg_nano.a(lib_a-impure.o)
 .rodata._global_impure_ptr
                0x00000000        0x4 c:/program files (x86)/cypress/psoc creator/4.0/psoc creator/import/gnu/arm/4.9.3/bin/../lib/gcc/arm-none-eabi/4.9.3/../../../../arm-none-eabi/lib/armv6-m\libg_nano.a(lib_a-impure.o)
 .text          0x00000000        0x0 c:/program files (x86)/cypress/psoc creator/4.0/psoc creator/import/gnu/arm/4.9.3/bin/../lib/gcc/arm-none-eabi/4.9.3/../../../../arm-none-eabi/lib/armv6-m\libg_nano.a(lib_a-init.o)
 .data          0x00000000        0x0 c:/program files (x86)/cypress/psoc creator/4.0/psoc creator/import/gnu/arm/4.9.3/bin/../lib/gcc/arm-none-eabi/4.9.3/../../../../arm-none-eabi/lib/armv6-m\libg_nano.a(lib_a-init.o)
 .bss           0x00000000        0x0 c:/program files (x86)/cypress/psoc creator/4.0/psoc creator/import/gnu/arm/4.9.3/bin/../lib/gcc/arm-none-eabi/4.9.3/../../../../arm-none-eabi/lib/armv6-m\libg_nano.a(lib_a-init.o)
 .text          0x00000000        0x0 c:/program files (x86)/cypress/psoc creator/4.0/psoc creator/import/gnu/arm/4.9.3/bin/../lib/gcc/arm-none-eabi/4.9.3/../../../../arm-none-eabi/lib/armv6-m\libg_nano.a(lib_a-memset.o)
 .data          0x00000000        0x0 c:/program files (x86)/cypress/psoc creator/4.0/psoc creator/import/gnu/arm/4.9.3/bin/../lib/gcc/arm-none-eabi/4.9.3/../../../../arm-none-eabi/lib/armv6-m\libg_nano.a(lib_a-memset.o)
 .bss           0x00000000        0x0 c:/program files (x86)/cypress/psoc creator/4.0/psoc creator/import/gnu/arm/4.9.3/bin/../lib/gcc/arm-none-eabi/4.9.3/../../../../arm-none-eabi/lib/armv6-m\libg_nano.a(lib_a-memset.o)
 .text          0x00000000        0x0 c:/program files (x86)/cypress/psoc creator/4.0/psoc creator/import/gnu/arm/4.9.3/bin/../lib/gcc/arm-none-eabi/4.9.3/armv6-m/crtend.o
 .data          0x00000000        0x0 c:/program files (x86)/cypress/psoc creator/4.0/psoc creator/import/gnu/arm/4.9.3/bin/../lib/gcc/arm-none-eabi/4.9.3/armv6-m/crtend.o
 .bss           0x00000000        0x0 c:/program files (x86)/cypress/psoc creator/4.0/psoc creator/import/gnu/arm/4.9.3/bin/../lib/gcc/arm-none-eabi/4.9.3/armv6-m/crtend.o
 .text          0x00000000        0x0 c:/program files (x86)/cypress/psoc creator/4.0/psoc creator/import/gnu/arm/4.9.3/bin/../lib/gcc/arm-none-eabi/4.9.3/armv6-m/crtn.o
 .data          0x00000000        0x0 c:/program files (x86)/cypress/psoc creator/4.0/psoc creator/import/gnu/arm/4.9.3/bin/../lib/gcc/arm-none-eabi/4.9.3/armv6-m/crtn.o
 .bss           0x00000000        0x0 c:/program files (x86)/cypress/psoc creator/4.0/psoc creator/import/gnu/arm/4.9.3/bin/../lib/gcc/arm-none-eabi/4.9.3/armv6-m/crtn.o

Memory Configuration

Name             Origin             Length             Attributes
rom              0x00000000         0x00008000         xr
ram              0x20000000         0x00001000         xrw
*default*        0x00000000         0xffffffff

Linker script and memory map

LOAD c:/program files (x86)/cypress/psoc creator/4.0/psoc creator/import/gnu/arm/4.9.3/bin/../lib/gcc/arm-none-eabi/4.9.3/armv6-m/crti.o
LOAD c:/program files (x86)/cypress/psoc creator/4.0/psoc creator/import/gnu/arm/4.9.3/bin/../lib/gcc/arm-none-eabi/4.9.3/armv6-m/crtbegin.o
LOAD c:/program files (x86)/cypress/psoc creator/4.0/psoc creator/import/gnu/arm/4.9.3/bin/../lib/gcc/arm-none-eabi/4.9.3/../../../../arm-none-eabi/lib/armv6-m/crt0.o
START GROUP
LOAD .\CortexM0\ARM_GCC_493\Debug\main.o
LOAD .\CortexM0\ARM_GCC_493\Debug\run_back.o
LOAD .\CortexM0\ARM_GCC_493\Debug\run_front.o
LOAD .\CortexM0\ARM_GCC_493\Debug\cymetadata.o
LOAD .\CortexM0\ARM_GCC_493\Debug\Cm0Start.o
LOAD .\CortexM0\ARM_GCC_493\Debug\TestState.a
LOAD C:\Program Files (x86)\Cypress\PSoC Creator\4.0\PSoC Creator\psoc\content\cycomponentlibrary\CyComponentLibrary.cylib\CortexM0\ARM_GCC_493\Debug\CyComponentLibrary.a
END GROUP
START GROUP
LOAD c:/program files (x86)/cypress/psoc creator/4.0/psoc creator/import/gnu/arm/4.9.3/bin/../lib/gcc/arm-none-eabi/4.9.3/armv6-m\libgcc.a
LOAD c:/program files (x86)/cypress/psoc creator/4.0/psoc creator/import/gnu/arm/4.9.3/bin/../lib/gcc/arm-none-eabi/4.9.3/../../../../arm-none-eabi/lib/armv6-m\libg_nano.a
LOAD c:/program files (x86)/cypress/psoc creator/4.0/psoc creator/import/gnu/arm/4.9.3/bin/../lib/gcc/arm-none-eabi/4.9.3/../../../../arm-none-eabi/lib/armv6-m\libc_nano.a
END GROUP
START GROUP
LOAD c:/program files (x86)/cypress/psoc creator/4.0/psoc creator/import/gnu/arm/4.9.3/bin/../lib/gcc/arm-none-eabi/4.9.3/armv6-m\libgcc.a
LOAD c:/program files (x86)/cypress/psoc creator/4.0/psoc creator/import/gnu/arm/4.9.3/bin/../lib/gcc/arm-none-eabi/4.9.3/../../../../arm-none-eabi/lib/armv6-m\libc_nano.a
END GROUP
LOAD c:/program files (x86)/cypress/psoc creator/4.0/psoc creator/import/gnu/arm/4.9.3/bin/../lib/gcc/arm-none-eabi/4.9.3/armv6-m/crtend.o
LOAD c:/program files (x86)/cypress/psoc creator/4.0/psoc creator/import/gnu/arm/4.9.3/bin/../lib/gcc/arm-none-eabi/4.9.3/armv6-m/crtn.o
START GROUP
LOAD c:/program files (x86)/cypress/psoc creator/4.0/psoc creator/import/gnu/arm/4.9.3/bin/../lib/gcc/arm-none-eabi/4.9.3/armv6-m\libgcc.a
LOAD c:/program files (x86)/cypress/psoc creator/4.0/psoc creator/import/gnu/arm/4.9.3/bin/../lib/gcc/arm-none-eabi/4.9.3/../../../../arm-none-eabi/lib/armv6-m\libc.a
LOAD c:/program files (x86)/cypress/psoc creator/4.0/psoc creator/import/gnu/arm/4.9.3/bin/../lib/gcc/arm-none-eabi/4.9.3/../../../../arm-none-eabi/lib/armv6-m\libnosys.a
END GROUP
                0x00000000                CY_APPL_ORIGIN = 0x0
                0x00000080                CY_FLASH_ROW_SIZE = 0x80
                0x00000001                CY_APPL_NUM = 0x1
                0x00000001                CY_APPL_MAX = 0x1
                0x00000040                CY_METADATA_SIZE = 0x40
                0x00000000                CY_APPL_LOADABLE = 0x0
                0x00000000                CY_CHECKSUM_EXCLUDE_SIZE = ALIGN (0x0, CY_FLASH_ROW_SIZE)
                0x00000000                CY_APP_FOR_STACK_AND_COPIER = 0x0
                0x20000158                PROVIDE (__cy_heap_start, _end)
                0x00000001                PROVIDE (__cy_region_num, ((__cy_regions_end - __cy_regions) / 0x10))
                0x20001000                PROVIDE (__cy_stack, (ORIGIN (ram) + 0x1000))
                0x20000c00                PROVIDE (__cy_heap_end, (__cy_stack - 0x400))

.cybootloader   0x00000000        0x0
 *(.cybootloader)
                0x00000000                appl1_start = CY_APPL_ORIGIN?CY_APPL_ORIGIN:ALIGN (CY_FLASH_ROW_SIZE)
                0x00003f80                appl2_start = (appl1_start + ALIGN ((((0x8000 - appl1_start) - (0x2 * CY_FLASH_ROW_SIZE)) / 0x2), CY_FLASH_ROW_SIZE))
                0x00000000                appl_start = (CY_APPL_NUM == 0x1)?appl1_start:appl2_start
                0x00000001                cy_project_type_bootloader = (appl_start == 0x0)?0x1:0x0
                0x00000000                cy_project_type_app_for_stack_and_copier = (CY_APP_FOR_STACK_AND_COPIER == 0x1)?0x1:0x0

.text           0x00000000      0xdec
 CREATE_OBJECT_SYMBOLS
                0x00000000                PROVIDE (__cy_interrupt_vector, RomVectors)
 *(.romvectors)
 .romvectors    0x00000000       0x10 .\CortexM0\ARM_GCC_493\Debug\Cm0Start.o
                0x00000000                RomVectors
                0x00000001                ASSERT ((. != __cy_interrupt_vector), No interrupt vector)
                0x00000001                ASSERT (CY_APPL_ORIGIN?(SIZEOF (.cybootloader) <= CY_APPL_ORIGIN):0x1, Wrong image location)
                0x00000010                PROVIDE (__cy_reset, Reset)
 *(.text.Reset)
 .text.Reset    0x00000010        0x8 .\CortexM0\ARM_GCC_493\Debug\Cm0Start.o
                0x00000010                Reset
                0x00000001                ASSERT ((. != __cy_reset), No reset code)
 *(.psocinit)
 .psocinit      0x00000018      0x17c .\CortexM0\ARM_GCC_493\Debug\TestState.a(cyfitter_cfg.o)
                0x000000b4                cyfitter_cfg
                0x00000194                . = MAX (., 0x100)
 *(.text .text.* .gnu.linkonce.t.*)
 .text          0x00000194       0x60 c:/program files (x86)/cypress/psoc creator/4.0/psoc creator/import/gnu/arm/4.9.3/bin/../lib/gcc/arm-none-eabi/4.9.3/armv6-m/crtbegin.o
 .text.main     0x000001f4       0x7c .\CortexM0\ARM_GCC_493\Debug\main.o
                0x000001f4                main
 .text.run_front
                0x00000270       0x3c .\CortexM0\ARM_GCC_493\Debug\run_front.o
                0x00000270                run_front
 .text.IntDefaultHandler
                0x000002ac        0x4 .\CortexM0\ARM_GCC_493\Debug\Cm0Start.o
                0x000002ac                IntDefaultHandler
 .text.Start_c  0x000002b0       0x48 .\CortexM0\ARM_GCC_493\Debug\Cm0Start.o
                0x000002b0                Start_c
 .text.initialize_psoc
                0x000002f8       0x48 .\CortexM0\ARM_GCC_493\Debug\Cm0Start.o
                0x000002f8                initialize_psoc
 .text.cfg_write_bytes32
                0x00000340       0x34 .\CortexM0\ARM_GCC_493\Debug\TestState.a(cyfitter_cfg.o)
 .text.CYMEMZERO
                0x00000374        0xc .\CortexM0\ARM_GCC_493\Debug\TestState.a(cyfitter_cfg.o)
 .text.CyIntEnable
                0x00000380       0x14 .\CortexM0\ARM_GCC_493\Debug\TestState.a(CyLib.o)
                0x00000380                CyIntEnable
 .text.CyIntDisable
                0x00000394       0x14 .\CortexM0\ARM_GCC_493\Debug\TestState.a(CyLib.o)
                0x00000394                CyIntDisable
 .text.CyHalt   0x000003a8        0x4 .\CortexM0\ARM_GCC_493\Debug\TestState.a(CyLib.o)
                0x000003a8                CyHalt
 .text.CyIntSetVector
                0x000003ac       0x24 .\CortexM0\ARM_GCC_493\Debug\TestState.a(CyLib.o)
                0x000003ac                CyIntSetVector
 .text.CyIntSetPriority
                0x000003d0       0x4c .\CortexM0\ARM_GCC_493\Debug\TestState.a(CyLib.o)
                0x000003d0                CyIntSetPriority
 .text.CyDelayUs
                0x0000041c       0x14 .\CortexM0\ARM_GCC_493\Debug\TestState.a(CyLib.o)
                0x0000041c                CyDelayUs
 .text.CySysClkWriteImoFreq
                0x00000430      0x164 .\CortexM0\ARM_GCC_493\Debug\TestState.a(CyLib.o)
                0x00000430                CySysClkWriteImoFreq
 .text.CySysWdtLocked
                0x00000594       0x14 .\CortexM0\ARM_GCC_493\Debug\TestState.a(CyLFClk.o)
 .text.CySysWdtLock
                0x000005a8       0x1c .\CortexM0\ARM_GCC_493\Debug\TestState.a(CyLFClk.o)
                0x000005a8                CySysWdtLock
 .text.CySysWdtUnlock
                0x000005c4       0x30 .\CortexM0\ARM_GCC_493\Debug\TestState.a(CyLFClk.o)
                0x000005c4                CySysWdtUnlock
 .text.CySysWdtClearInterrupt
                0x000005f4       0x4c .\CortexM0\ARM_GCC_493\Debug\TestState.a(CyLFClk.o)
                0x000005f4                CySysWdtClearInterrupt
 .text.CySysWdtIsr
                0x00000640       0xa4 .\CortexM0\ARM_GCC_493\Debug\TestState.a(CyLFClk.o)
                0x00000640                CySysWdtIsr
 .text.I2CS_ScbEnableIntr
                0x000006e4        0xc .\CortexM0\ARM_GCC_493\Debug\TestState.a(I2CS.o)
 .text.I2CS_Init
                0x000006f0        0x8 .\CortexM0\ARM_GCC_493\Debug\TestState.a(I2CS.o)
                0x000006f0                I2CS_Init
 .text.I2CS_Enable
                0x000006f8       0x18 .\CortexM0\ARM_GCC_493\Debug\TestState.a(I2CS.o)
                0x000006f8                I2CS_Enable
 .text.I2CS_Start
                0x00000710       0x20 .\CortexM0\ARM_GCC_493\Debug\TestState.a(I2CS.o)
                0x00000710                I2CS_Start
 .text.I2CS_I2CSlaveNackGeneration
                0x00000730       0x3c .\CortexM0\ARM_GCC_493\Debug\TestState.a(I2CS.o)
                0x00000730                I2CS_I2CSlaveNackGeneration
 .text.I2CS_I2CInit
                0x0000076c       0xd8 .\CortexM0\ARM_GCC_493\Debug\TestState.a(I2CS_I2C.o)
                0x0000076c                I2CS_I2CInit
 .text.I2CS_I2CSlaveStatus
                0x00000844        0xc .\CortexM0\ARM_GCC_493\Debug\TestState.a(I2CS_I2C_SLAVE.o)
                0x00000844                I2CS_I2CSlaveStatus
 .text.I2CS_I2CSlaveClearReadStatus
                0x00000850       0x28 .\CortexM0\ARM_GCC_493\Debug\TestState.a(I2CS_I2C_SLAVE.o)
                0x00000850                I2CS_I2CSlaveClearReadStatus
 .text.I2CS_I2CSlaveClearWriteStatus
                0x00000878       0x28 .\CortexM0\ARM_GCC_493\Debug\TestState.a(I2CS_I2C_SLAVE.o)
                0x00000878                I2CS_I2CSlaveClearWriteStatus
 .text.I2CS_I2CSlaveInitReadBuf
                0x000008a0       0x3c .\CortexM0\ARM_GCC_493\Debug\TestState.a(I2CS_I2C_SLAVE.o)
                0x000008a0                I2CS_I2CSlaveInitReadBuf
 .text.I2CS_I2CSlaveInitWriteBuf
                0x000008dc       0x34 .\CortexM0\ARM_GCC_493\Debug\TestState.a(I2CS_I2C_SLAVE.o)
                0x000008dc                I2CS_I2CSlaveInitWriteBuf
 .text.I2CS_I2CSlaveGetWriteBufSize
                0x00000910        0xc .\CortexM0\ARM_GCC_493\Debug\TestState.a(I2CS_I2C_SLAVE.o)
                0x00000910                I2CS_I2CSlaveGetWriteBufSize
 .text.I2CS_I2CSlaveClearReadBuf
                0x0000091c        0xc .\CortexM0\ARM_GCC_493\Debug\TestState.a(I2CS_I2C_SLAVE.o)
                0x0000091c                I2CS_I2CSlaveClearReadBuf
 .text.I2CS_I2CSlaveClearWriteBuf
                0x00000928        0xc .\CortexM0\ARM_GCC_493\Debug\TestState.a(I2CS_I2C_SLAVE.o)
                0x00000928                I2CS_I2CSlaveClearWriteBuf
 .text.State_CtrlReg_Dir_Write
                0x00000934        0xc .\CortexM0\ARM_GCC_493\Debug\TestState.a(State_CtrlReg_Dir.o)
                0x00000934                State_CtrlReg_Dir_Write
 .text.State_CtrlReg_Run_Write
                0x00000940        0xc .\CortexM0\ARM_GCC_493\Debug\TestState.a(State_CtrlReg_Run.o)
                0x00000940                State_CtrlReg_Run_Write
 *fill*         0x0000094c        0x4 
 .text          0x00000950       0x28 .\CortexM0\ARM_GCC_493\Debug\TestState.a(CyBootAsmGnu.o)
                0x00000950                CyDelayCycles
                0x00000964                CyEnterCriticalSection
                0x0000096c                CyExitCriticalSection
 .text.I2CS_I2C_ISR
                0x00000978      0x418 .\CortexM0\ARM_GCC_493\Debug\TestState.a(I2CS_I2C_INT.o)
                0x00000978                I2CS_I2C_ISR
 .text.__libc_init_array
                0x00000d90       0x4c c:/program files (x86)/cypress/psoc creator/4.0/psoc creator/import/gnu/arm/4.9.3/bin/../lib/gcc/arm-none-eabi/4.9.3/../../../../arm-none-eabi/lib/armv6-m\libg_nano.a(lib_a-init.o)
                0x00000d90                __libc_init_array
 .text.memset   0x00000ddc       0x10 c:/program files (x86)/cypress/psoc creator/4.0/psoc creator/import/gnu/arm/4.9.3/bin/../lib/gcc/arm-none-eabi/4.9.3/../../../../arm-none-eabi/lib/armv6-m\libg_nano.a(lib_a-memset.o)
                0x00000ddc                memset
 *(.plt)
 *(.gnu.warning)
 *(.glue_7t)
 .glue_7t       0x00000000        0x0 linker stubs
 *(.glue_7)
 .glue_7        0x00000000        0x0 linker stubs
 *(.vfp11_veneer)
 .vfp11_veneer  0x00000000        0x0 linker stubs
 *(.bootloader)
 *(.ARM.extab* .gnu.linkonce.armextab.*)
 *(.gcc_except_table)

.v4_bx          0x00000dec        0x0
 .v4_bx         0x00000000        0x0 linker stubs

.iplt           0x00000dec        0x0
 .iplt          0x00000000        0x0 c:/program files (x86)/cypress/psoc creator/4.0/psoc creator/import/gnu/arm/4.9.3/bin/../lib/gcc/arm-none-eabi/4.9.3/armv6-m/crtbegin.o

.eh_frame_hdr
 *(.eh_frame_hdr)

.eh_frame       0x00000dec        0x4
 *(.eh_frame)
 .eh_frame      0x00000dec        0x0 c:/program files (x86)/cypress/psoc creator/4.0/psoc creator/import/gnu/arm/4.9.3/bin/../lib/gcc/arm-none-eabi/4.9.3/armv6-m/crtbegin.o
 .eh_frame      0x00000dec        0x4 c:/program files (x86)/cypress/psoc creator/4.0/psoc creator/import/gnu/arm/4.9.3/bin/../lib/gcc/arm-none-eabi/4.9.3/armv6-m/crtend.o
                0x00000df0                PROVIDE (__exidx_start, .)

.ARM.exidx
 *(.ARM.exidx* .gnu.linkonce.armexidx.*)
                0x00000df0                __exidx_end = .

.rodata         0x00000df0      0x130
 *(.rodata .rodata.* .gnu.linkonce.r.*)
 .rodata        0x00000df0       0xc8 .\CortexM0\ARM_GCC_493\Debug\TestState.a(cyfitter_cfg.o)
 .rodata        0x00000eb8       0x30 .\CortexM0\ARM_GCC_493\Debug\TestState.a(CyLib.o)
                0x00000eb8                cyImoFreqMhz2Reg
                0x00000ee8                . = ALIGN (0x4)
 *(.init)
 .init          0x00000ee8        0x4 c:/program files (x86)/cypress/psoc creator/4.0/psoc creator/import/gnu/arm/4.9.3/bin/../lib/gcc/arm-none-eabi/4.9.3/armv6-m/crti.o
                0x00000ee8                _init
 .init          0x00000eec        0x8 c:/program files (x86)/cypress/psoc creator/4.0/psoc creator/import/gnu/arm/4.9.3/bin/../lib/gcc/arm-none-eabi/4.9.3/armv6-m/crtn.o
                0x00000ef4                . = ALIGN (0x4)
                0x00000ef4                __preinit_array_start = .
 *(.preinit_array)
                0x00000ef4                __preinit_array_end = .
                0x00000ef4                . = ALIGN (0x4)
                0x00000ef4                __init_array_start = .
 *(SORT(.init_array.*))
 *(.init_array)
 .init_array    0x00000ef4        0x4 c:/program files (x86)/cypress/psoc creator/4.0/psoc creator/import/gnu/arm/4.9.3/bin/../lib/gcc/arm-none-eabi/4.9.3/armv6-m/crtbegin.o
 .init_array    0x00000ef8        0x4 .\CortexM0\ARM_GCC_493\Debug\Cm0Start.o
                0x00000efc                __init_array_end = .
                0x00000efc                . = ALIGN (0x4)
 *(.fini)
 .fini          0x00000efc        0x4 c:/program files (x86)/cypress/psoc creator/4.0/psoc creator/import/gnu/arm/4.9.3/bin/../lib/gcc/arm-none-eabi/4.9.3/armv6-m/crti.o
                0x00000efc                _fini
 .fini          0x00000f00        0x8 c:/program files (x86)/cypress/psoc creator/4.0/psoc creator/import/gnu/arm/4.9.3/bin/../lib/gcc/arm-none-eabi/4.9.3/armv6-m/crtn.o
                0x00000f08                . = ALIGN (0x4)
                0x00000f08                __fini_array_start = .
 *(.fini_array)
 .fini_array    0x00000f08        0x4 c:/program files (x86)/cypress/psoc creator/4.0/psoc creator/import/gnu/arm/4.9.3/bin/../lib/gcc/arm-none-eabi/4.9.3/armv6-m/crtbegin.o
 *(SORT(.fini_array.*))
                0x00000f0c                __fini_array_end = .
                0x00000f0c                . = ALIGN (0x4)
 *crtbegin.o(.ctors)
 *(EXCLUDE_FILE(*crtend.o) .ctors)
 *(SORT(.ctors.*))
 *crtend.o(.ctors)
                0x00000f0c                . = ALIGN (0x4)
 *crtbegin.o(.dtors)
 *(EXCLUDE_FILE(*crtend.o) .dtors)
 *(SORT(.dtors.*))
 *crtend.o(.dtors)
                0x00000f0c                . = ALIGN (0x4)
                0x00000f0c                __cy_regions = .
                0x00000f0c        0x4 LONG 0xf20 __cy_region_init_ram
                0x00000f10        0x4 LONG 0x200000c8 __cy_region_start_data
                0x00000f14        0x4 LONG 0x20 __cy_region_init_size_ram
                0x00000f18        0x4 LONG 0x70 __cy_region_zero_size_ram
                0x00000f1c                __cy_regions_end = .
                0x00000f20                . = ALIGN (0x8)
 *fill*         0x00000f1c        0x4 
                0x00000f20                _etext = .

.cy_checksum_exclude
                0x00000f20        0x0
 *(.cy_checksum_exclude)

.ramvectors     0x20000000       0xc0
                0x20000000                __cy_region_start_ram = .
 *(.ramvectors)
 .ramvectors    0x20000000       0xc0 .\CortexM0\ARM_GCC_493\Debug\Cm0Start.o
                0x20000000                CyRamVectors

.noinit         0x200000c0        0x4
 *(.noinit)
 .noinit        0x200000c0        0x4 .\CortexM0\ARM_GCC_493\Debug\Cm0Start.o

.data           0x200000c8       0x20 load address 0x00000f20
                0x200000c8                __cy_region_start_data = .
 *(.jcr)
 .jcr           0x200000c8        0x0 c:/program files (x86)/cypress/psoc creator/4.0/psoc creator/import/gnu/arm/4.9.3/bin/../lib/gcc/arm-none-eabi/4.9.3/armv6-m/crtbegin.o
 .jcr           0x200000c8        0x4 c:/program files (x86)/cypress/psoc creator/4.0/psoc creator/import/gnu/arm/4.9.3/bin/../lib/gcc/arm-none-eabi/4.9.3/armv6-m/crtend.o
 *(.got.plt)
 *(.got)
 *(.shdata)
 *(.data .data.* .gnu.linkonce.d.*)
 .data          0x200000cc        0x8 .\CortexM0\ARM_GCC_493\Debug\main.o
                0x200000cc                i2cReadBuffer
 .data          0x200000d4       0x10 .\CortexM0\ARM_GCC_493\Debug\TestState.a(CyLib.o)
                0x200000d4                cydelay32kMs
                0x200000d8                cydelayFreqKhz
                0x200000dc                cydelayFreqMhz
                0x200000e0                cydelayFreqHz
 .data          0x200000e4        0x4 .\CortexM0\ARM_GCC_493\Debug\TestState.a(CyLFClk.o)
                0x200000e8                . = ALIGN (0x8)
 *(.ram)
                0x200000e8                _edata = .

.igot.plt       0x200000e8        0x0 load address 0x00000f40
 .igot.plt      0x00000000        0x0 c:/program files (x86)/cypress/psoc creator/4.0/psoc creator/import/gnu/arm/4.9.3/bin/../lib/gcc/arm-none-eabi/4.9.3/armv6-m/crtbegin.o

.bss            0x200000e8       0x70 load address 0x00000f40
                0x200000e8                PROVIDE (__bss_start__, .)
 *(.shbss)
 *(.bss .bss.* .gnu.linkonce.b.*)
 .bss           0x200000e8       0x1c c:/program files (x86)/cypress/psoc creator/4.0/psoc creator/import/gnu/arm/4.9.3/bin/../lib/gcc/arm-none-eabi/4.9.3/armv6-m/crtbegin.o
 .bss           0x20000104       0x20 .\CortexM0\ARM_GCC_493\Debug\TestState.a(CyLFClk.o)
 .bss           0x20000124        0x8 .\CortexM0\ARM_GCC_493\Debug\TestState.a(I2CS.o)
                0x20000124                I2CS_initVar
                0x20000128                I2CS_customIntrHandler
 *(COMMON)
 COMMON         0x2000012c        0x6 .\CortexM0\ARM_GCC_493\Debug\main.o
                0x2000012c                i2cWriteBuffer
 COMMON         0x20000132        0x1 .\CortexM0\ARM_GCC_493\Debug\TestState.a(I2CS_I2C.o)
                0x20000132                I2CS_state
 *fill*         0x20000133        0x1 
 COMMON         0x20000134       0x21 .\CortexM0\ARM_GCC_493\Debug\TestState.a(I2CS_I2C_SLAVE.o)
                0x20000134                I2CS_slRdBufIndex
                0x20000138                I2CS_slWrBufIndex
                0x2000013c                I2CS_slWrBufSize
                0x20000140                I2CS_slRdBufSize
                0x20000144                I2CS_slRdBufPtr
                0x20000148                I2CS_slStatus
                0x2000014c                I2CS_slRdBufIndexTmp
                0x20000150                I2CS_slWrBufPtr
                0x20000154                I2CS_slOverFlowCount
                0x20000158                . = ALIGN (0x8)
 *fill*         0x20000155        0x3 
 *(.ram.b)
                0x20000158                _end = .
                0x20000158                __end = .
                0x20000158                PROVIDE (end, .)
                0x20000158                PROVIDE (__bss_end__, .)
                0x00000f20                __cy_region_init_ram = LOADADDR (.data)
                0x00000020                __cy_region_init_size_ram = (_edata - ADDR (.data))
                0x00000070                __cy_region_zero_size_ram = (_end - _edata)

.heap           0x20000158       0x80 load address 0x00000f40
                0x20000158                . = _end
                0x200001d8                . = (. + 0x80)
 *fill*         0x20000158       0x80 
                0x200001d8                __cy_heap_limit = .

.stack          0x20000c00      0x400
                0x20000c00                __cy_stack_limit = .
                0x20001000                . = (. + 0x400)
 *fill*         0x20000c00      0x400 
                0x00000001                ASSERT ((__cy_stack_limit >= __cy_heap_limit), region RAM overflowed with stack)
                0x00000000                cy_checksum_exclude_size = (CY_APPL_LOADABLE == 0x1)?SIZEOF (.cy_checksum_exclude):0x0
                0x00000001                ASSERT ((cy_checksum_exclude_size <= CY_CHECKSUM_EXCLUDE_SIZE), CY_BOOT: Section .cy_checksum_exclude size exceedes specified limit.)
                0x00007fc0                cyloadermeta_start = (cy_project_type_bootloader || cy_project_type_app_for_stack_and_copier)?(0x8000 - CY_METADATA_SIZE):0xf0000000

.cyloadermeta
 *(.cyloadermeta)
                0x00007fc0                cyloadablemeta_start = cy_project_type_app_for_stack_and_copier?((0x8000 - CY_FLASH_ROW_SIZE) - CY_METADATA_SIZE):((0x8000 - (CY_FLASH_ROW_SIZE * (CY_APPL_NUM - 0x1))) - CY_METADATA_SIZE)

.cyloadablemeta
 *(.cyloadablemeta)

.cyflashprotect
                0x90400000       0x20
 *(.cyflashprotect)
 .cyflashprotect
                0x90400000       0x20 .\CortexM0\ARM_GCC_493\Debug\cymetadata.o
                0x90400000                cy_meta_flashprotect

.cymeta         0x90500000        0xc
 *(.cymeta)
 .cymeta        0x90500000        0xc .\CortexM0\ARM_GCC_493\Debug\cymetadata.o
                0x90500000                cy_metadata

.cychipprotect  0x90600000        0x4
 *(.cychipprotect)
 .cychipprotect
                0x90600000        0x4 .\CortexM0\ARM_GCC_493\Debug\cymetadata.o
                0x90600000                cy_meta_chipprotect

.rel.dyn        0x00000f40        0x0 load address 0x90600004
 .rel.iplt      0x00000000        0x0 c:/program files (x86)/cypress/psoc creator/4.0/psoc creator/import/gnu/arm/4.9.3/bin/../lib/gcc/arm-none-eabi/4.9.3/armv6-m/crtbegin.o

.stab
 *(.stab)

.stabstr
 *(.stabstr)

.debug
 *(.debug)

.line
 *(.line)

.debug_srcinfo
 *(.debug_srcinfo)

.debug_sfnames
 *(.debug_sfnames)

.debug_aranges  0x00000000      0x538
 *(.debug_aranges)
 .debug_aranges
                0x00000000       0x20 .\CortexM0\ARM_GCC_493\Debug\main.o
 .debug_aranges
                0x00000020       0x20 .\CortexM0\ARM_GCC_493\Debug\run_back.o
 .debug_aranges
                0x00000040       0x20 .\CortexM0\ARM_GCC_493\Debug\run_front.o
 .debug_aranges
                0x00000060       0x18 .\CortexM0\ARM_GCC_493\Debug\cymetadata.o
 .debug_aranges
                0x00000078       0x48 .\CortexM0\ARM_GCC_493\Debug\Cm0Start.o
 .debug_aranges
                0x000000c0       0x38 .\CortexM0\ARM_GCC_493\Debug\TestState.a(cyfitter_cfg.o)
 .debug_aranges
                0x000000f8      0x178 .\CortexM0\ARM_GCC_493\Debug\TestState.a(CyLib.o)
 .debug_aranges
                0x00000270      0x138 .\CortexM0\ARM_GCC_493\Debug\TestState.a(CyLFClk.o)
 .debug_aranges
                0x000003a8       0x68 .\CortexM0\ARM_GCC_493\Debug\TestState.a(I2CS.o)
 .debug_aranges
                0x00000410       0x28 .\CortexM0\ARM_GCC_493\Debug\TestState.a(I2CS_I2C.o)
 .debug_aranges
                0x00000438       0x70 .\CortexM0\ARM_GCC_493\Debug\TestState.a(I2CS_I2C_SLAVE.o)
 .debug_aranges
                0x000004a8       0x28 .\CortexM0\ARM_GCC_493\Debug\TestState.a(State_CtrlReg_Dir.o)
 .debug_aranges
                0x000004d0       0x28 .\CortexM0\ARM_GCC_493\Debug\TestState.a(State_CtrlReg_Run.o)
 .debug_aranges
                0x000004f8       0x20 .\CortexM0\ARM_GCC_493\Debug\TestState.a(CyBootAsmGnu.o)
 .debug_aranges
                0x00000518       0x20 .\CortexM0\ARM_GCC_493\Debug\TestState.a(I2CS_I2C_INT.o)

.debug_pubnames
 *(.debug_pubnames)

.debug_info     0x00000000     0x2fe7
 *(.debug_info .gnu.linkonce.wi.*)
 .debug_info    0x00000000      0x223 .\CortexM0\ARM_GCC_493\Debug\main.o
 .debug_info    0x00000223       0xc6 .\CortexM0\ARM_GCC_493\Debug\run_back.o
 .debug_info    0x000002e9      0x157 .\CortexM0\ARM_GCC_493\Debug\run_front.o
 .debug_info    0x00000440       0xfe .\CortexM0\ARM_GCC_493\Debug\cymetadata.o
 .debug_info    0x0000053e      0x38c .\CortexM0\ARM_GCC_493\Debug\Cm0Start.o
 .debug_info    0x000008ca      0x3bd .\CortexM0\ARM_GCC_493\Debug\TestState.a(cyfitter_cfg.o)
 .debug_info    0x00000c87      0xad1 .\CortexM0\ARM_GCC_493\Debug\TestState.a(CyLib.o)
 .debug_info    0x00001758      0xcfc .\CortexM0\ARM_GCC_493\Debug\TestState.a(CyLFClk.o)
 .debug_info    0x00002454      0x2a9 .\CortexM0\ARM_GCC_493\Debug\TestState.a(I2CS.o)
 .debug_info    0x000026fd      0x1a5 .\CortexM0\ARM_GCC_493\Debug\TestState.a(I2CS_I2C.o)
 .debug_info    0x000028a2      0x38e .\CortexM0\ARM_GCC_493\Debug\TestState.a(I2CS_I2C_SLAVE.o)
 .debug_info    0x00002c30       0xd6 .\CortexM0\ARM_GCC_493\Debug\TestState.a(State_CtrlReg_Dir.o)
 .debug_info    0x00002d06       0xd6 .\CortexM0\ARM_GCC_493\Debug\TestState.a(State_CtrlReg_Run.o)
 .debug_info    0x00002ddc       0x7e .\CortexM0\ARM_GCC_493\Debug\TestState.a(CyBootAsmGnu.o)
 .debug_info    0x00002e5a      0x18d .\CortexM0\ARM_GCC_493\Debug\TestState.a(I2CS_I2C_INT.o)

.debug_abbrev   0x00000000     0x1045
 *(.debug_abbrev)
 .debug_abbrev  0x00000000      0x114 .\CortexM0\ARM_GCC_493\Debug\main.o
 .debug_abbrev  0x00000114       0x6f .\CortexM0\ARM_GCC_493\Debug\run_back.o
 .debug_abbrev  0x00000183       0xd2 .\CortexM0\ARM_GCC_493\Debug\run_front.o
 .debug_abbrev  0x00000255       0x5d .\CortexM0\ARM_GCC_493\Debug\cymetadata.o
 .debug_abbrev  0x000002b2      0x1fe .\CortexM0\ARM_GCC_493\Debug\Cm0Start.o
 .debug_abbrev  0x000004b0      0x1d5 .\CortexM0\ARM_GCC_493\Debug\TestState.a(cyfitter_cfg.o)
 .debug_abbrev  0x00000685      0x20d .\CortexM0\ARM_GCC_493\Debug\TestState.a(CyLib.o)
 .debug_abbrev  0x00000892      0x23b .\CortexM0\ARM_GCC_493\Debug\TestState.a(CyLFClk.o)
 .debug_abbrev  0x00000acd      0x15b .\CortexM0\ARM_GCC_493\Debug\TestState.a(I2CS.o)
 .debug_abbrev  0x00000c28       0xf3 .\CortexM0\ARM_GCC_493\Debug\TestState.a(I2CS_I2C.o)
 .debug_abbrev  0x00000d1b      0x170 .\CortexM0\ARM_GCC_493\Debug\TestState.a(I2CS_I2C_SLAVE.o)
 .debug_abbrev  0x00000e8b       0x81 .\CortexM0\ARM_GCC_493\Debug\TestState.a(State_CtrlReg_Dir.o)
 .debug_abbrev  0x00000f0c       0x81 .\CortexM0\ARM_GCC_493\Debug\TestState.a(State_CtrlReg_Run.o)
 .debug_abbrev  0x00000f8d       0x14 .\CortexM0\ARM_GCC_493\Debug\TestState.a(CyBootAsmGnu.o)
 .debug_abbrev  0x00000fa1       0xa4 .\CortexM0\ARM_GCC_493\Debug\TestState.a(I2CS_I2C_INT.o)

.debug_line     0x00000000     0x13f8
 *(.debug_line)
 .debug_line    0x00000000       0x96 .\CortexM0\ARM_GCC_493\Debug\main.o
 .debug_line    0x00000096       0x5d .\CortexM0\ARM_GCC_493\Debug\run_back.o
 .debug_line    0x000000f3       0xa2 .\CortexM0\ARM_GCC_493\Debug\run_front.o
 .debug_line    0x00000195       0x51 .\CortexM0\ARM_GCC_493\Debug\cymetadata.o
 .debug_line    0x000001e6      0x246 .\CortexM0\ARM_GCC_493\Debug\Cm0Start.o
 .debug_line    0x0000042c      0x162 .\CortexM0\ARM_GCC_493\Debug\TestState.a(cyfitter_cfg.o)
 .debug_line    0x0000058e      0x449 .\CortexM0\ARM_GCC_493\Debug\TestState.a(CyLib.o)
 .debug_line    0x000009d7      0x467 .\CortexM0\ARM_GCC_493\Debug\TestState.a(CyLFClk.o)
 .debug_line    0x00000e3e      0x145 .\CortexM0\ARM_GCC_493\Debug\TestState.a(I2CS.o)
 .debug_line    0x00000f83       0xa7 .\CortexM0\ARM_GCC_493\Debug\TestState.a(I2CS_I2C.o)
 .debug_line    0x0000102a      0x13d .\CortexM0\ARM_GCC_493\Debug\TestState.a(I2CS_I2C_SLAVE.o)
 .debug_line    0x00001167       0x7a .\CortexM0\ARM_GCC_493\Debug\TestState.a(State_CtrlReg_Dir.o)
 .debug_line    0x000011e1       0x7a .\CortexM0\ARM_GCC_493\Debug\TestState.a(State_CtrlReg_Run.o)
 .debug_line    0x0000125b       0x69 .\CortexM0\ARM_GCC_493\Debug\TestState.a(CyBootAsmGnu.o)
 .debug_line    0x000012c4      0x134 .\CortexM0\ARM_GCC_493\Debug\TestState.a(I2CS_I2C_INT.o)

.debug_frame    0x00000000      0xc98
 *(.debug_frame)
 .debug_frame   0x00000000       0x2c .\CortexM0\ARM_GCC_493\Debug\main.o
 .debug_frame   0x0000002c       0x20 .\CortexM0\ARM_GCC_493\Debug\run_back.o
 .debug_frame   0x0000004c       0x2c .\CortexM0\ARM_GCC_493\Debug\run_front.o
 .debug_frame   0x00000078       0xb0 .\CortexM0\ARM_GCC_493\Debug\Cm0Start.o
 .debug_frame   0x00000128       0x8c .\CortexM0\ARM_GCC_493\Debug\TestState.a(cyfitter_cfg.o)
 .debug_frame   0x000001b4      0x3d0 .\CortexM0\ARM_GCC_493\Debug\TestState.a(CyLib.o)
 .debug_frame   0x00000584      0x3a8 .\CortexM0\ARM_GCC_493\Debug\TestState.a(CyLFClk.o)
 .debug_frame   0x0000092c       0xf8 .\CortexM0\ARM_GCC_493\Debug\TestState.a(I2CS.o)
 .debug_frame   0x00000a24       0x3c .\CortexM0\ARM_GCC_493\Debug\TestState.a(I2CS_I2C.o)
 .debug_frame   0x00000a60       0xf8 .\CortexM0\ARM_GCC_493\Debug\TestState.a(I2CS_I2C_SLAVE.o)
 .debug_frame   0x00000b58       0x30 .\CortexM0\ARM_GCC_493\Debug\TestState.a(State_CtrlReg_Dir.o)
 .debug_frame   0x00000b88       0x30 .\CortexM0\ARM_GCC_493\Debug\TestState.a(State_CtrlReg_Run.o)
 .debug_frame   0x00000bb8       0x2c .\CortexM0\ARM_GCC_493\Debug\TestState.a(I2CS_I2C_INT.o)
 .debug_frame   0x00000be4       0x20 c:/program files (x86)/cypress/psoc creator/4.0/psoc creator/import/gnu/arm/4.9.3/bin/../lib/gcc/arm-none-eabi/4.9.3/armv6-m\libgcc.a(_udivsi3.o)
 .debug_frame   0x00000c04       0x20 c:/program files (x86)/cypress/psoc creator/4.0/psoc creator/import/gnu/arm/4.9.3/bin/../lib/gcc/arm-none-eabi/4.9.3/../../../../arm-none-eabi/lib/armv6-m\libg_nano.a(lib_a-errno.o)
 .debug_frame   0x00000c24       0x28 c:/program files (x86)/cypress/psoc creator/4.0/psoc creator/import/gnu/arm/4.9.3/bin/../lib/gcc/arm-none-eabi/4.9.3/../../../../arm-none-eabi/lib/armv6-m\libg_nano.a(lib_a-exit.o)
 .debug_frame   0x00000c4c       0x2c c:/program files (x86)/cypress/psoc creator/4.0/psoc creator/import/gnu/arm/4.9.3/bin/../lib/gcc/arm-none-eabi/4.9.3/../../../../arm-none-eabi/lib/armv6-m\libg_nano.a(lib_a-init.o)
 .debug_frame   0x00000c78       0x20 c:/program files (x86)/cypress/psoc creator/4.0/psoc creator/import/gnu/arm/4.9.3/bin/../lib/gcc/arm-none-eabi/4.9.3/../../../../arm-none-eabi/lib/armv6-m\libg_nano.a(lib_a-memset.o)

.debug_str      0x00000000     0x1297
 *(.debug_str)
 .debug_str     0x00000000      0x243 .\CortexM0\ARM_GCC_493\Debug\main.o
                                0x283 (size before relaxing)
 .debug_str     0x00000243       0x1a .\CortexM0\ARM_GCC_493\Debug\run_back.o
                                0x17d (size before relaxing)
 .debug_str     0x0000025d       0x4d .\CortexM0\ARM_GCC_493\Debug\run_front.o
                                0x1c0 (size before relaxing)
 .debug_str     0x000002aa       0x59 .\CortexM0\ARM_GCC_493\Debug\cymetadata.o
                                0x1bc (size before relaxing)
 .debug_str     0x00000303      0x15a .\CortexM0\ARM_GCC_493\Debug\Cm0Start.o
                                0x2e3 (size before relaxing)
 .debug_str     0x0000045d       0xf5 .\CortexM0\ARM_GCC_493\Debug\TestState.a(cyfitter_cfg.o)
                                0x2b4 (size before relaxing)
 .debug_str     0x00000552      0x4a9 .\CortexM0\ARM_GCC_493\Debug\TestState.a(CyLib.o)
                                0x677 (size before relaxing)
 .debug_str     0x000009fb      0x537 .\CortexM0\ARM_GCC_493\Debug\TestState.a(CyLFClk.o)
                                0x71f (size before relaxing)
 .debug_str     0x00000f32      0x124 .\CortexM0\ARM_GCC_493\Debug\TestState.a(I2CS.o)
                                0x2ca (size before relaxing)
 .debug_str     0x00001056       0x74 .\CortexM0\ARM_GCC_493\Debug\TestState.a(I2CS_I2C.o)
                                0x238 (size before relaxing)
 .debug_str     0x000010ca       0xf8 .\CortexM0\ARM_GCC_493\Debug\TestState.a(I2CS_I2C_SLAVE.o)
                                0x3ab (size before relaxing)
 .debug_str     0x000011c2       0x4a .\CortexM0\ARM_GCC_493\Debug\TestState.a(State_CtrlReg_Dir.o)
                                0x1c1 (size before relaxing)
 .debug_str     0x0000120c       0x42 .\CortexM0\ARM_GCC_493\Debug\TestState.a(State_CtrlReg_Run.o)
                                0x1c1 (size before relaxing)
 .debug_str     0x0000124e       0x49 .\CortexM0\ARM_GCC_493\Debug\TestState.a(I2CS_I2C_INT.o)
                                0x2a2 (size before relaxing)

.debug_loc      0x00000000     0x15e0
 *(.debug_loc)
 .debug_loc     0x00000000       0x45 .\CortexM0\ARM_GCC_493\Debug\main.o
 .debug_loc     0x00000045       0x21 .\CortexM0\ARM_GCC_493\Debug\run_back.o
 .debug_loc     0x00000066       0xf4 .\CortexM0\ARM_GCC_493\Debug\run_front.o
 .debug_loc     0x0000015a      0x14f .\CortexM0\ARM_GCC_493\Debug\Cm0Start.o
 .debug_loc     0x000002a9      0x118 .\CortexM0\ARM_GCC_493\Debug\TestState.a(cyfitter_cfg.o)
 .debug_loc     0x000003c1      0x5b5 .\CortexM0\ARM_GCC_493\Debug\TestState.a(CyLib.o)
 .debug_loc     0x00000976      0x9d5 .\CortexM0\ARM_GCC_493\Debug\TestState.a(CyLFClk.o)
 .debug_loc     0x0000134b       0x7e .\CortexM0\ARM_GCC_493\Debug\TestState.a(I2CS.o)
 .debug_loc     0x000013c9      0x175 .\CortexM0\ARM_GCC_493\Debug\TestState.a(I2CS_I2C_SLAVE.o)
 .debug_loc     0x0000153e       0xa2 .\CortexM0\ARM_GCC_493\Debug\TestState.a(I2CS_I2C_INT.o)

.debug_macinfo
 *(.debug_macinfo)

.debug_ranges   0x00000000      0x430
 *(.debug_ranges)
 .debug_ranges  0x00000000       0x10 .\CortexM0\ARM_GCC_493\Debug\main.o
 .debug_ranges  0x00000010       0x10 .\CortexM0\ARM_GCC_493\Debug\run_back.o
 .debug_ranges  0x00000020       0x10 .\CortexM0\ARM_GCC_493\Debug\run_front.o
 .debug_ranges  0x00000030       0x38 .\CortexM0\ARM_GCC_493\Debug\Cm0Start.o
 .debug_ranges  0x00000068       0x28 .\CortexM0\ARM_GCC_493\Debug\TestState.a(cyfitter_cfg.o)
 .debug_ranges  0x00000090      0x168 .\CortexM0\ARM_GCC_493\Debug\TestState.a(CyLib.o)
 .debug_ranges  0x000001f8      0x128 .\CortexM0\ARM_GCC_493\Debug\TestState.a(CyLFClk.o)
 .debug_ranges  0x00000320       0x58 .\CortexM0\ARM_GCC_493\Debug\TestState.a(I2CS.o)
 .debug_ranges  0x00000378       0x18 .\CortexM0\ARM_GCC_493\Debug\TestState.a(I2CS_I2C.o)
 .debug_ranges  0x00000390       0x60 .\CortexM0\ARM_GCC_493\Debug\TestState.a(I2CS_I2C_SLAVE.o)
 .debug_ranges  0x000003f0       0x18 .\CortexM0\ARM_GCC_493\Debug\TestState.a(State_CtrlReg_Dir.o)
 .debug_ranges  0x00000408       0x18 .\CortexM0\ARM_GCC_493\Debug\TestState.a(State_CtrlReg_Run.o)
 .debug_ranges  0x00000420       0x10 .\CortexM0\ARM_GCC_493\Debug\TestState.a(I2CS_I2C_INT.o)

.comment        0x00000000       0x70
 .comment       0x00000000       0x70 .\CortexM0\ARM_GCC_493\Debug\main.o
                                 0x71 (size before relaxing)
 .comment       0x00000000       0x71 .\CortexM0\ARM_GCC_493\Debug\run_back.o
 .comment       0x00000000       0x71 .\CortexM0\ARM_GCC_493\Debug\run_front.o
 .comment       0x00000000       0x71 .\CortexM0\ARM_GCC_493\Debug\cymetadata.o
 .comment       0x00000000       0x71 .\CortexM0\ARM_GCC_493\Debug\Cm0Start.o
 .comment       0x00000000       0x71 .\CortexM0\ARM_GCC_493\Debug\TestState.a(cyfitter_cfg.o)
 .comment       0x00000000       0x71 .\CortexM0\ARM_GCC_493\Debug\TestState.a(CyLib.o)
 .comment       0x00000000       0x71 .\CortexM0\ARM_GCC_493\Debug\TestState.a(CyLFClk.o)
 .comment       0x00000000       0x71 .\CortexM0\ARM_GCC_493\Debug\TestState.a(I2CS.o)
 .comment       0x00000000       0x71 .\CortexM0\ARM_GCC_493\Debug\TestState.a(I2CS_I2C.o)
 .comment       0x00000000       0x71 .\CortexM0\ARM_GCC_493\Debug\TestState.a(I2CS_I2C_SLAVE.o)
 .comment       0x00000000       0x71 .\CortexM0\ARM_GCC_493\Debug\TestState.a(State_CtrlReg_Dir.o)
 .comment       0x00000000       0x71 .\CortexM0\ARM_GCC_493\Debug\TestState.a(State_CtrlReg_Run.o)
 .comment       0x00000000       0x71 .\CortexM0\ARM_GCC_493\Debug\TestState.a(I2CS_I2C_INT.o)

.debug_weaknames
 *(.debug_weaknames)

.debug_funcnames
 *(.debug_funcnames)

.debug_typenames
 *(.debug_typenames)

.debug_varnames
 *(.debug_varnames)

.note.gnu.arm.ident
 *(.note.gnu.arm.ident)

.ARM.attributes
                0x00000000       0x28
 *(.ARM.attributes)
 .ARM.attributes
                0x00000000       0x1e c:/program files (x86)/cypress/psoc creator/4.0/psoc creator/import/gnu/arm/4.9.3/bin/../lib/gcc/arm-none-eabi/4.9.3/armv6-m/crti.o
 .ARM.attributes
                0x0000001e       0x2c c:/program files (x86)/cypress/psoc creator/4.0/psoc creator/import/gnu/arm/4.9.3/bin/../lib/gcc/arm-none-eabi/4.9.3/armv6-m/crtbegin.o
 .ARM.attributes
                0x0000004a       0x1b c:/program files (x86)/cypress/psoc creator/4.0/psoc creator/import/gnu/arm/4.9.3/bin/../lib/gcc/arm-none-eabi/4.9.3/../../../../arm-none-eabi/lib/armv6-m/crt0.o
 .ARM.attributes
                0x00000065       0x31 .\CortexM0\ARM_GCC_493\Debug\main.o
 .ARM.attributes
                0x00000096       0x31 .\CortexM0\ARM_GCC_493\Debug\run_back.o
 .ARM.attributes
                0x000000c7       0x31 .\CortexM0\ARM_GCC_493\Debug\run_front.o
 .ARM.attributes
                0x000000f8       0x31 .\CortexM0\ARM_GCC_493\Debug\cymetadata.o
 .ARM.attributes
                0x00000129       0x31 .\CortexM0\ARM_GCC_493\Debug\Cm0Start.o
 .ARM.attributes
                0x0000015a       0x31 .\CortexM0\ARM_GCC_493\Debug\TestState.a(cyfitter_cfg.o)
 .ARM.attributes
                0x0000018b       0x31 .\CortexM0\ARM_GCC_493\Debug\TestState.a(CyLib.o)
 .ARM.attributes
                0x000001bc       0x31 .\CortexM0\ARM_GCC_493\Debug\TestState.a(CyLFClk.o)
 .ARM.attributes
                0x000001ed       0x31 .\CortexM0\ARM_GCC_493\Debug\TestState.a(I2CS.o)
 .ARM.attributes
                0x0000021e       0x31 .\CortexM0\ARM_GCC_493\Debug\TestState.a(I2CS_I2C.o)
 .ARM.attributes
                0x0000024f       0x31 .\CortexM0\ARM_GCC_493\Debug\TestState.a(I2CS_I2C_SLAVE.o)
 .ARM.attributes
                0x00000280       0x31 .\CortexM0\ARM_GCC_493\Debug\TestState.a(State_CtrlReg_Dir.o)
 .ARM.attributes
                0x000002b1       0x31 .\CortexM0\ARM_GCC_493\Debug\TestState.a(State_CtrlReg_Run.o)
 .ARM.attributes
                0x000002e2       0x21 .\CortexM0\ARM_GCC_493\Debug\TestState.a(CyBootAsmGnu.o)
 .ARM.attributes
                0x00000303       0x31 .\CortexM0\ARM_GCC_493\Debug\TestState.a(I2CS_I2C_INT.o)
 .ARM.attributes
                0x00000334       0x1e c:/program files (x86)/cypress/psoc creator/4.0/psoc creator/import/gnu/arm/4.9.3/bin/../lib/gcc/arm-none-eabi/4.9.3/armv6-m\libgcc.a(_udivsi3.o)
 .ARM.attributes
                0x00000352       0x1e c:/program files (x86)/cypress/psoc creator/4.0/psoc creator/import/gnu/arm/4.9.3/bin/../lib/gcc/arm-none-eabi/4.9.3/armv6-m\libgcc.a(_dvmd_tls.o)
 .ARM.attributes
                0x00000370       0x2c c:/program files (x86)/cypress/psoc creator/4.0/psoc creator/import/gnu/arm/4.9.3/bin/../lib/gcc/arm-none-eabi/4.9.3/../../../../arm-none-eabi/lib/armv6-m\libg_nano.a(lib_a-errno.o)
 .ARM.attributes
                0x0000039c       0x2c c:/program files (x86)/cypress/psoc creator/4.0/psoc creator/import/gnu/arm/4.9.3/bin/../lib/gcc/arm-none-eabi/4.9.3/../../../../arm-none-eabi/lib/armv6-m\libg_nano.a(lib_a-exit.o)
 .ARM.attributes
                0x000003c8       0x2c c:/program files (x86)/cypress/psoc creator/4.0/psoc creator/import/gnu/arm/4.9.3/bin/../lib/gcc/arm-none-eabi/4.9.3/../../../../arm-none-eabi/lib/armv6-m\libg_nano.a(lib_a-impure.o)
 .ARM.attributes
                0x000003f4       0x2c c:/program files (x86)/cypress/psoc creator/4.0/psoc creator/import/gnu/arm/4.9.3/bin/../lib/gcc/arm-none-eabi/4.9.3/../../../../arm-none-eabi/lib/armv6-m\libg_nano.a(lib_a-init.o)
 .ARM.attributes
                0x00000420       0x2c c:/program files (x86)/cypress/psoc creator/4.0/psoc creator/import/gnu/arm/4.9.3/bin/../lib/gcc/arm-none-eabi/4.9.3/../../../../arm-none-eabi/lib/armv6-m\libg_nano.a(lib_a-memset.o)
 .ARM.attributes
                0x0000044c       0x2c c:/program files (x86)/cypress/psoc creator/4.0/psoc creator/import/gnu/arm/4.9.3/bin/../lib/gcc/arm-none-eabi/4.9.3/armv6-m/crtend.o
 .ARM.attributes
                0x00000478       0x1e c:/program files (x86)/cypress/psoc creator/4.0/psoc creator/import/gnu/arm/4.9.3/bin/../lib/gcc/arm-none-eabi/4.9.3/armv6-m/crtn.o

/DISCARD/
 *(.note.GNU-stack)
OUTPUT(.\CortexM0\ARM_GCC_493\Debug\TestState.elf elf32-littlearm)
