Archive member included because of file (symbol)

.\CortexM0\ARM_GCC_493\Debug\Beast.a(cyfitter_cfg.o)
                              .\CortexM0\ARM_GCC_493\Debug\Cm0Start.o (cyfitter_cfg)
.\CortexM0\ARM_GCC_493\Debug\Beast.a(CyLib.o)
                              .\CortexM0\ARM_GCC_493\Debug\Beast.a(cyfitter_cfg.o) (CyIntEnable)
.\CortexM0\ARM_GCC_493\Debug\Beast.a(CyLFClk.o)
                              .\CortexM0\ARM_GCC_493\Debug\Beast.a(cyfitter_cfg.o) (CySysWdtIsr)
.\CortexM0\ARM_GCC_493\Debug\Beast.a(PWM_DRIFT.o)
                              .\CortexM0\ARM_GCC_493\Debug\main.o (PWM_DRIFT_Start)
.\CortexM0\ARM_GCC_493\Debug\Beast.a(I2CS.o)
                              .\CortexM0\ARM_GCC_493\Debug\main.o (I2CS_Start)
.\CortexM0\ARM_GCC_493\Debug\Beast.a(I2CS_I2C.o)
                              .\CortexM0\ARM_GCC_493\Debug\Beast.a(I2CS.o) (I2CS_I2CInit)
.\CortexM0\ARM_GCC_493\Debug\Beast.a(I2CS_I2C_SLAVE.o)
                              .\CortexM0\ARM_GCC_493\Debug\main.o (I2CS_I2CSlaveStatus)
.\CortexM0\ARM_GCC_493\Debug\Beast.a(I2CS_sda.o)
                              .\CortexM0\ARM_GCC_493\Debug\main.o (I2CS_sda_SetDriveMode)
.\CortexM0\ARM_GCC_493\Debug\Beast.a(I2CS_scl.o)
                              .\CortexM0\ARM_GCC_493\Debug\main.o (I2CS_scl_SetDriveMode)
.\CortexM0\ARM_GCC_493\Debug\Beast.a(CyBootAsmGnu.o)
                              .\CortexM0\ARM_GCC_493\Debug\Beast.a(CyLib.o) (CyDelayCycles)
.\CortexM0\ARM_GCC_493\Debug\Beast.a(I2CS_I2C_INT.o)
                              .\CortexM0\ARM_GCC_493\Debug\Beast.a(I2CS_I2C.o) (I2CS_I2C_ISR)
c:/program files (x86)/cypress/psoc creator/4.0/psoc creator/import/gnu/arm/4.9.3/bin/../lib/gcc/arm-none-eabi/4.9.3/armv6-m\libgcc.a(_udivsi3.o)
                              .\CortexM0\ARM_GCC_493\Debug\Beast.a(CyLib.o) (__aeabi_uidiv)
c:/program files (x86)/cypress/psoc creator/4.0/psoc creator/import/gnu/arm/4.9.3/bin/../lib/gcc/arm-none-eabi/4.9.3/armv6-m\libgcc.a(_dvmd_tls.o)
                              c:/program files (x86)/cypress/psoc creator/4.0/psoc creator/import/gnu/arm/4.9.3/bin/../lib/gcc/arm-none-eabi/4.9.3/armv6-m\libgcc.a(_udivsi3.o) (__aeabi_idiv0)
c:/program files (x86)/cypress/psoc creator/4.0/psoc creator/import/gnu/arm/4.9.3/bin/../lib/gcc/arm-none-eabi/4.9.3/../../../../arm-none-eabi/lib/armv6-m\libg_nano.a(lib_a-errno.o)
                              .\CortexM0\ARM_GCC_493\Debug\Cm0Start.o (__errno)
c:/program files (x86)/cypress/psoc creator/4.0/psoc creator/import/gnu/arm/4.9.3/bin/../lib/gcc/arm-none-eabi/4.9.3/../../../../arm-none-eabi/lib/armv6-m\libg_nano.a(lib_a-exit.o)
                              c:/program files (x86)/cypress/psoc creator/4.0/psoc creator/import/gnu/arm/4.9.3/bin/../lib/gcc/arm-none-eabi/4.9.3/../../../../arm-none-eabi/lib/armv6-m/crt0.o (exit)
c:/program files (x86)/cypress/psoc creator/4.0/psoc creator/import/gnu/arm/4.9.3/bin/../lib/gcc/arm-none-eabi/4.9.3/../../../../arm-none-eabi/lib/armv6-m\libg_nano.a(lib_a-impure.o)
                              c:/program files (x86)/cypress/psoc creator/4.0/psoc creator/import/gnu/arm/4.9.3/bin/../lib/gcc/arm-none-eabi/4.9.3/../../../../arm-none-eabi/lib/armv6-m\libg_nano.a(lib_a-exit.o) (_global_impure_ptr)
c:/program files (x86)/cypress/psoc creator/4.0/psoc creator/import/gnu/arm/4.9.3/bin/../lib/gcc/arm-none-eabi/4.9.3/../../../../arm-none-eabi/lib/armv6-m\libg_nano.a(lib_a-init.o)
                              c:/program files (x86)/cypress/psoc creator/4.0/psoc creator/import/gnu/arm/4.9.3/bin/../lib/gcc/arm-none-eabi/4.9.3/../../../../arm-none-eabi/lib/armv6-m/crt0.o (__libc_init_array)
c:/program files (x86)/cypress/psoc creator/4.0/psoc creator/import/gnu/arm/4.9.3/bin/../lib/gcc/arm-none-eabi/4.9.3/../../../../arm-none-eabi/lib/armv6-m\libg_nano.a(lib_a-memset.o)
                              c:/program files (x86)/cypress/psoc creator/4.0/psoc creator/import/gnu/arm/4.9.3/bin/../lib/gcc/arm-none-eabi/4.9.3/../../../../arm-none-eabi/lib/armv6-m/crt0.o (memset)

Allocating common symbols
Common symbol       size              file

I2CS_state          0x1               .\CortexM0\ARM_GCC_493\Debug\Beast.a(I2CS_I2C.o)
I2CS_slRdBufIndex   0x4               .\CortexM0\ARM_GCC_493\Debug\Beast.a(I2CS_I2C_SLAVE.o)
i2cWriteBuffer      0x4               .\CortexM0\ARM_GCC_493\Debug\main.o
I2CS_slWrBufIndex   0x4               .\CortexM0\ARM_GCC_493\Debug\Beast.a(I2CS_I2C_SLAVE.o)
I2CS_slWrBufSize    0x4               .\CortexM0\ARM_GCC_493\Debug\Beast.a(I2CS_I2C_SLAVE.o)
I2CS_slRdBufSize    0x4               .\CortexM0\ARM_GCC_493\Debug\Beast.a(I2CS_I2C_SLAVE.o)
I2CS_slRdBufPtr     0x4               .\CortexM0\ARM_GCC_493\Debug\Beast.a(I2CS_I2C_SLAVE.o)
I2CS_slStatus       0x1               .\CortexM0\ARM_GCC_493\Debug\Beast.a(I2CS_I2C_SLAVE.o)
I2CS_slRdBufIndexTmp
                    0x4               .\CortexM0\ARM_GCC_493\Debug\Beast.a(I2CS_I2C_SLAVE.o)
I2CS_slWrBufPtr     0x4               .\CortexM0\ARM_GCC_493\Debug\Beast.a(I2CS_I2C_SLAVE.o)
I2CS_slOverFlowCount
                    0x1               .\CortexM0\ARM_GCC_493\Debug\Beast.a(I2CS_I2C_SLAVE.o)

Discarded input sections

 .text          0x00000000        0x0 c:/program files (x86)/cypress/psoc creator/4.0/psoc creator/import/gnu/arm/4.9.3/bin/../lib/gcc/arm-none-eabi/4.9.3/armv6-m/crti.o
 .data          0x00000000        0x0 c:/program files (x86)/cypress/psoc creator/4.0/psoc creator/import/gnu/arm/4.9.3/bin/../lib/gcc/arm-none-eabi/4.9.3/armv6-m/crti.o
 .bss           0x00000000        0x0 c:/program files (x86)/cypress/psoc creator/4.0/psoc creator/import/gnu/arm/4.9.3/bin/../lib/gcc/arm-none-eabi/4.9.3/armv6-m/crti.o
 .data          0x00000000        0x4 c:/program files (x86)/cypress/psoc creator/4.0/psoc creator/import/gnu/arm/4.9.3/bin/../lib/gcc/arm-none-eabi/4.9.3/armv6-m/crtbegin.o
 .text          0x00000000       0x78 c:/program files (x86)/cypress/psoc creator/4.0/psoc creator/import/gnu/arm/4.9.3/bin/../lib/gcc/arm-none-eabi/4.9.3/../../../../arm-none-eabi/lib/armv6-m/crt0.o
 .data          0x00000000        0x0 c:/program files (x86)/cypress/psoc creator/4.0/psoc creator/import/gnu/arm/4.9.3/bin/../lib/gcc/arm-none-eabi/4.9.3/../../../../arm-none-eabi/lib/armv6-m/crt0.o
 .bss           0x00000000        0x0 c:/program files (x86)/cypress/psoc creator/4.0/psoc creator/import/gnu/arm/4.9.3/bin/../lib/gcc/arm-none-eabi/4.9.3/../../../../arm-none-eabi/lib/armv6-m/crt0.o
 .ARM.extab     0x00000000        0x0 c:/program files (x86)/cypress/psoc creator/4.0/psoc creator/import/gnu/arm/4.9.3/bin/../lib/gcc/arm-none-eabi/4.9.3/../../../../arm-none-eabi/lib/armv6-m/crt0.o
 .ARM.exidx     0x00000000        0x8 c:/program files (x86)/cypress/psoc creator/4.0/psoc creator/import/gnu/arm/4.9.3/bin/../lib/gcc/arm-none-eabi/4.9.3/../../../../arm-none-eabi/lib/armv6-m/crt0.o
 .text          0x00000000        0x0 .\CortexM0\ARM_GCC_493\Debug\main.o
 .data          0x00000000        0x0 .\CortexM0\ARM_GCC_493\Debug\main.o
 .bss           0x00000000        0x0 .\CortexM0\ARM_GCC_493\Debug\main.o
 .text          0x00000000        0x0 .\CortexM0\ARM_GCC_493\Debug\run_front.o
 .data          0x00000000        0x0 .\CortexM0\ARM_GCC_493\Debug\run_front.o
 .bss           0x00000000        0x0 .\CortexM0\ARM_GCC_493\Debug\run_front.o
 .text          0x00000000        0x0 .\CortexM0\ARM_GCC_493\Debug\run_back.o
 .data          0x00000000        0x0 .\CortexM0\ARM_GCC_493\Debug\run_back.o
 .bss           0x00000000        0x0 .\CortexM0\ARM_GCC_493\Debug\run_back.o
 .text          0x00000000        0x0 .\CortexM0\ARM_GCC_493\Debug\cymetadata.o
 .data          0x00000000        0x0 .\CortexM0\ARM_GCC_493\Debug\cymetadata.o
 .bss           0x00000000        0x0 .\CortexM0\ARM_GCC_493\Debug\cymetadata.o
 .text          0x00000000        0x0 .\CortexM0\ARM_GCC_493\Debug\Cm0Start.o
 .data          0x00000000        0x4 .\CortexM0\ARM_GCC_493\Debug\Cm0Start.o
 .bss           0x00000000        0x0 .\CortexM0\ARM_GCC_493\Debug\Cm0Start.o
 .text._exit    0x00000000        0xc .\CortexM0\ARM_GCC_493\Debug\Cm0Start.o
 .text._sbrk    0x00000000       0x30 .\CortexM0\ARM_GCC_493\Debug\Cm0Start.o
 .text          0x00000000        0x0 .\CortexM0\ARM_GCC_493\Debug\Beast.a(cyfitter_cfg.o)
 .data          0x00000000        0x0 .\CortexM0\ARM_GCC_493\Debug\Beast.a(cyfitter_cfg.o)
 .bss           0x00000000        0x0 .\CortexM0\ARM_GCC_493\Debug\Beast.a(cyfitter_cfg.o)
 .text          0x00000000        0x0 .\CortexM0\ARM_GCC_493\Debug\Beast.a(CyLib.o)
 .bss           0x00000000       0x18 .\CortexM0\ARM_GCC_493\Debug\Beast.a(CyLib.o)
 .text.CySysClkImoStart
                0x00000000       0x14 .\CortexM0\ARM_GCC_493\Debug\Beast.a(CyLib.o)
 .text.CySysClkImoStop
                0x00000000       0x10 .\CortexM0\ARM_GCC_493\Debug\Beast.a(CyLib.o)
 .text.CySysClkWriteHfclkDirect
                0x00000000       0x20 .\CortexM0\ARM_GCC_493\Debug\Beast.a(CyLib.o)
 .text.CySysEnablePumpClock
                0x00000000       0x38 .\CortexM0\ARM_GCC_493\Debug\Beast.a(CyLib.o)
 .text.CySysClkGetSysclkSource
                0x00000000       0x1c .\CortexM0\ARM_GCC_493\Debug\Beast.a(CyLib.o)
 .text.CySysClkWriteSysclkDiv
                0x00000000       0x28 .\CortexM0\ARM_GCC_493\Debug\Beast.a(CyLib.o)
 .text.CySysLvdDisable
                0x00000000       0x20 .\CortexM0\ARM_GCC_493\Debug\Beast.a(CyLib.o)
 .text.CySysLvdGetInterruptSource
                0x00000000       0x10 .\CortexM0\ARM_GCC_493\Debug\Beast.a(CyLib.o)
 .text.CySysLvdClearInterrupt
                0x00000000        0xc .\CortexM0\ARM_GCC_493\Debug\Beast.a(CyLib.o)
 .text.CySysGetResetReason
                0x00000000       0x14 .\CortexM0\ARM_GCC_493\Debug\Beast.a(CyLib.o)
 .text.CyDisableInts
                0x00000000       0x10 .\CortexM0\ARM_GCC_493\Debug\Beast.a(CyLib.o)
 .text.CyEnableInts
                0x00000000        0xc .\CortexM0\ARM_GCC_493\Debug\Beast.a(CyLib.o)
 .text.CyIntGetState
                0x00000000       0x18 .\CortexM0\ARM_GCC_493\Debug\Beast.a(CyLib.o)
 .text.CyIntSetPending
                0x00000000       0x14 .\CortexM0\ARM_GCC_493\Debug\Beast.a(CyLib.o)
 .text.CyIntClearPending
                0x00000000       0x14 .\CortexM0\ARM_GCC_493\Debug\Beast.a(CyLib.o)
 .text.CyIntSetSysVector
                0x00000000       0x20 .\CortexM0\ARM_GCC_493\Debug\Beast.a(CyLib.o)
 .text.CyIntGetSysVector
                0x00000000       0x1c .\CortexM0\ARM_GCC_493\Debug\Beast.a(CyLib.o)
 .text.CyIntGetVector
                0x00000000       0x20 .\CortexM0\ARM_GCC_493\Debug\Beast.a(CyLib.o)
 .text.CyIntGetPriority
                0x00000000       0x2c .\CortexM0\ARM_GCC_493\Debug\Beast.a(CyLib.o)
 .text.CySoftwareReset
                0x00000000       0x18 .\CortexM0\ARM_GCC_493\Debug\Beast.a(CyLib.o)
 .text.CyDelay  0x00000000       0x30 .\CortexM0\ARM_GCC_493\Debug\Beast.a(CyLib.o)
 .text.CySysLvdEnable
                0x00000000       0x44 .\CortexM0\ARM_GCC_493\Debug\Beast.a(CyLib.o)
 .text.CyDelayFreq
                0x00000000       0x4c .\CortexM0\ARM_GCC_493\Debug\Beast.a(CyLib.o)
 .text.CySysTickStop
                0x00000000       0x10 .\CortexM0\ARM_GCC_493\Debug\Beast.a(CyLib.o)
 .text.CySysTickEnableInterrupt
                0x00000000       0x10 .\CortexM0\ARM_GCC_493\Debug\Beast.a(CyLib.o)
 .text.CySysTickEnable
                0x00000000       0x18 .\CortexM0\ARM_GCC_493\Debug\Beast.a(CyLib.o)
 .text.CySysTickDisableInterrupt
                0x00000000       0x10 .\CortexM0\ARM_GCC_493\Debug\Beast.a(CyLib.o)
 .text.CySysTickSetReload
                0x00000000       0x10 .\CortexM0\ARM_GCC_493\Debug\Beast.a(CyLib.o)
 .text.CySysTickGetReload
                0x00000000       0x10 .\CortexM0\ARM_GCC_493\Debug\Beast.a(CyLib.o)
 .text.CySysTickGetValue
                0x00000000       0x10 .\CortexM0\ARM_GCC_493\Debug\Beast.a(CyLib.o)
 .text.CySysTickGetCountFlag
                0x00000000       0x10 .\CortexM0\ARM_GCC_493\Debug\Beast.a(CyLib.o)
 .text.CySysTickServiceCallbacks
                0x00000000       0x28 .\CortexM0\ARM_GCC_493\Debug\Beast.a(CyLib.o)
 .text.CySysTickClear
                0x00000000        0xc .\CortexM0\ARM_GCC_493\Debug\Beast.a(CyLib.o)
 .text.CySysTickInit
                0x00000000       0x44 .\CortexM0\ARM_GCC_493\Debug\Beast.a(CyLib.o)
 .text.CySysTickStart
                0x00000000       0x20 .\CortexM0\ARM_GCC_493\Debug\Beast.a(CyLib.o)
 .text.CySysTickSetCallback
                0x00000000       0x10 .\CortexM0\ARM_GCC_493\Debug\Beast.a(CyLib.o)
 .text.CySysTickGetCallback
                0x00000000        0xc .\CortexM0\ARM_GCC_493\Debug\Beast.a(CyLib.o)
 .text.CyGetUniqueId
                0x00000000       0x70 .\CortexM0\ARM_GCC_493\Debug\Beast.a(CyLib.o)
 .text          0x00000000        0x0 .\CortexM0\ARM_GCC_493\Debug\Beast.a(CyLFClk.o)
 .text.CySysClkIloEnabled
                0x00000000       0x14 .\CortexM0\ARM_GCC_493\Debug\Beast.a(CyLFClk.o)
 .text.CySysClkIloStart
                0x00000000       0x14 .\CortexM0\ARM_GCC_493\Debug\Beast.a(CyLFClk.o)
 .text.CySysClkIloStartMeasurement
                0x00000000       0x34 .\CortexM0\ARM_GCC_493\Debug\Beast.a(CyLFClk.o)
 .text.CySysClkIloStopMeasurement
                0x00000000       0x14 .\CortexM0\ARM_GCC_493\Debug\Beast.a(CyLFClk.o)
 .text.CySysClkIloCompensate
                0x00000000      0x108 .\CortexM0\ARM_GCC_493\Debug\Beast.a(CyLFClk.o)
 .text.CySysWdtGetEnabledStatus
                0x00000000       0x24 .\CortexM0\ARM_GCC_493\Debug\Beast.a(CyLFClk.o)
 .text.CySysWdtSetMode
                0x00000000       0x38 .\CortexM0\ARM_GCC_493\Debug\Beast.a(CyLFClk.o)
 .text.CySysClkLfclkPosedgeRestore
                0x00000000       0x2c .\CortexM0\ARM_GCC_493\Debug\Beast.a(CyLFClk.o)
 .text.CySysWdtGetMode
                0x00000000       0x14 .\CortexM0\ARM_GCC_493\Debug\Beast.a(CyLFClk.o)
 .text.CySysWdtSetClearOnMatch
                0x00000000       0x38 .\CortexM0\ARM_GCC_493\Debug\Beast.a(CyLFClk.o)
 .text.CySysWdtGetClearOnMatch
                0x00000000       0x24 .\CortexM0\ARM_GCC_493\Debug\Beast.a(CyLFClk.o)
 .text.CySysWdtEnable
                0x00000000       0x40 .\CortexM0\ARM_GCC_493\Debug\Beast.a(CyLFClk.o)
 .text.CySysWdtDisable
                0x00000000       0x44 .\CortexM0\ARM_GCC_493\Debug\Beast.a(CyLFClk.o)
 .text.CySysWdtSetCascade
                0x00000000       0x34 .\CortexM0\ARM_GCC_493\Debug\Beast.a(CyLFClk.o)
 .text.CySysWdtGetCascade
                0x00000000       0x14 .\CortexM0\ARM_GCC_493\Debug\Beast.a(CyLFClk.o)
 .text.CySysWdtSetMatch
                0x00000000       0x3c .\CortexM0\ARM_GCC_493\Debug\Beast.a(CyLFClk.o)
 .text.CySysWdtSetToggleBit
                0x00000000       0x2c .\CortexM0\ARM_GCC_493\Debug\Beast.a(CyLFClk.o)
 .text.CySysWdtGetToggleBit
                0x00000000       0x10 .\CortexM0\ARM_GCC_493\Debug\Beast.a(CyLFClk.o)
 .text.CySysWdtGetMatch
                0x00000000       0x20 .\CortexM0\ARM_GCC_493\Debug\Beast.a(CyLFClk.o)
 .text.CySysWdtGetCount
                0x00000000       0x3c .\CortexM0\ARM_GCC_493\Debug\Beast.a(CyLFClk.o)
 .text.CySysClkLfclkPosedgeCatch
                0x00000000       0x74 .\CortexM0\ARM_GCC_493\Debug\Beast.a(CyLFClk.o)
 .text.CySysClkIloStop
                0x00000000       0x38 .\CortexM0\ARM_GCC_493\Debug\Beast.a(CyLFClk.o)
 .text.CySysWdtGetInterruptSource
                0x00000000       0x14 .\CortexM0\ARM_GCC_493\Debug\Beast.a(CyLFClk.o)
 .text.CySysWdtResetCounters
                0x00000000       0x20 .\CortexM0\ARM_GCC_493\Debug\Beast.a(CyLFClk.o)
 .text.CySysWdtSetInterruptCallback
                0x00000000       0x20 .\CortexM0\ARM_GCC_493\Debug\Beast.a(CyLFClk.o)
 .text.CySysWdtGetInterruptCallback
                0x00000000       0x20 .\CortexM0\ARM_GCC_493\Debug\Beast.a(CyLFClk.o)
 .text.CySysWdtEnableCounterIsr
                0x00000000       0x34 .\CortexM0\ARM_GCC_493\Debug\Beast.a(CyLFClk.o)
 .text.CySysWdtDisableCounterIsr
                0x00000000       0x28 .\CortexM0\ARM_GCC_493\Debug\Beast.a(CyLFClk.o)
 .text.CySysWatchdogFeed
                0x00000000       0x60 .\CortexM0\ARM_GCC_493\Debug\Beast.a(CyLFClk.o)
 .text.CySysTimerDelayUntilMatch
                0x00000000       0x6c .\CortexM0\ARM_GCC_493\Debug\Beast.a(CyLFClk.o)
 .text.CySysTimerDelay
                0x00000000       0x3c .\CortexM0\ARM_GCC_493\Debug\Beast.a(CyLFClk.o)
 .rodata        0x00000000        0xc .\CortexM0\ARM_GCC_493\Debug\Beast.a(CyLFClk.o)
 .text          0x00000000        0x0 .\CortexM0\ARM_GCC_493\Debug\Beast.a(PWM_DRIFT.o)
 .data          0x00000000        0x0 .\CortexM0\ARM_GCC_493\Debug\Beast.a(PWM_DRIFT.o)
 .text.PWM_DRIFT_Stop
                0x00000000       0x10 .\CortexM0\ARM_GCC_493\Debug\Beast.a(PWM_DRIFT.o)
 .text.PWM_DRIFT_ReadCounter
                0x00000000       0x14 .\CortexM0\ARM_GCC_493\Debug\Beast.a(PWM_DRIFT.o)
 .text.PWM_DRIFT_ReadControlRegister
                0x00000000        0xc .\CortexM0\ARM_GCC_493\Debug\Beast.a(PWM_DRIFT.o)
 .text.PWM_DRIFT_WriteControlRegister
                0x00000000        0xc .\CortexM0\ARM_GCC_493\Debug\Beast.a(PWM_DRIFT.o)
 .text.PWM_DRIFT_ReadCompare1
                0x00000000        0xc .\CortexM0\ARM_GCC_493\Debug\Beast.a(PWM_DRIFT.o)
 .text.PWM_DRIFT_ReadCompare2
                0x00000000        0xc .\CortexM0\ARM_GCC_493\Debug\Beast.a(PWM_DRIFT.o)
 .text.PWM_DRIFT_ReadPeriod
                0x00000000        0xc .\CortexM0\ARM_GCC_493\Debug\Beast.a(PWM_DRIFT.o)
 .text          0x00000000        0x0 .\CortexM0\ARM_GCC_493\Debug\Beast.a(I2CS.o)
 .data          0x00000000        0x0 .\CortexM0\ARM_GCC_493\Debug\Beast.a(I2CS.o)
 .text.I2CS_ScbModeStop
                0x00000000        0x8 .\CortexM0\ARM_GCC_493\Debug\Beast.a(I2CS.o)
 .text.I2CS_Stop
                0x00000000       0x2c .\CortexM0\ARM_GCC_493\Debug\Beast.a(I2CS.o)
 .text.I2CS_SetRxFifoLevel
                0x00000000       0x14 .\CortexM0\ARM_GCC_493\Debug\Beast.a(I2CS.o)
 .text.I2CS_SetTxFifoLevel
                0x00000000       0x14 .\CortexM0\ARM_GCC_493\Debug\Beast.a(I2CS.o)
 .text.I2CS_SetCustomInterruptHandler
                0x00000000        0xc .\CortexM0\ARM_GCC_493\Debug\Beast.a(I2CS.o)
 .text          0x00000000        0x0 .\CortexM0\ARM_GCC_493\Debug\Beast.a(I2CS_I2C.o)
 .data          0x00000000        0x0 .\CortexM0\ARM_GCC_493\Debug\Beast.a(I2CS_I2C.o)
 .bss           0x00000000        0x0 .\CortexM0\ARM_GCC_493\Debug\Beast.a(I2CS_I2C.o)
 .text.I2CS_I2CStop
                0x00000000        0xc .\CortexM0\ARM_GCC_493\Debug\Beast.a(I2CS_I2C.o)
 .text          0x00000000        0x0 .\CortexM0\ARM_GCC_493\Debug\Beast.a(I2CS_I2C_SLAVE.o)
 .data          0x00000000        0x0 .\CortexM0\ARM_GCC_493\Debug\Beast.a(I2CS_I2C_SLAVE.o)
 .bss           0x00000000        0x0 .\CortexM0\ARM_GCC_493\Debug\Beast.a(I2CS_I2C_SLAVE.o)
 .text.I2CS_I2CSlaveClearReadStatus
                0x00000000       0x28 .\CortexM0\ARM_GCC_493\Debug\Beast.a(I2CS_I2C_SLAVE.o)
 .text.I2CS_I2CSlaveClearWriteStatus
                0x00000000       0x28 .\CortexM0\ARM_GCC_493\Debug\Beast.a(I2CS_I2C_SLAVE.o)
 .text.I2CS_I2CSlaveSetAddress
                0x00000000       0x18 .\CortexM0\ARM_GCC_493\Debug\Beast.a(I2CS_I2C_SLAVE.o)
 .text.I2CS_I2CSlaveSetAddressMask
                0x00000000       0x18 .\CortexM0\ARM_GCC_493\Debug\Beast.a(I2CS_I2C_SLAVE.o)
 .text.I2CS_I2CSlaveInitReadBuf
                0x00000000       0x3c .\CortexM0\ARM_GCC_493\Debug\Beast.a(I2CS_I2C_SLAVE.o)
 .text.I2CS_I2CSlaveGetReadBufSize
                0x00000000        0xc .\CortexM0\ARM_GCC_493\Debug\Beast.a(I2CS_I2C_SLAVE.o)
 .text.I2CS_I2CSlaveClearReadBuf
                0x00000000        0xc .\CortexM0\ARM_GCC_493\Debug\Beast.a(I2CS_I2C_SLAVE.o)
 .text.I2CS_I2CSlaveClearWriteBuf
                0x00000000        0xc .\CortexM0\ARM_GCC_493\Debug\Beast.a(I2CS_I2C_SLAVE.o)
 .text          0x00000000        0x0 .\CortexM0\ARM_GCC_493\Debug\Beast.a(I2CS_sda.o)
 .data          0x00000000        0x0 .\CortexM0\ARM_GCC_493\Debug\Beast.a(I2CS_sda.o)
 .bss           0x00000000        0x0 .\CortexM0\ARM_GCC_493\Debug\Beast.a(I2CS_sda.o)
 .text.I2CS_sda_Write
                0x00000000       0x18 .\CortexM0\ARM_GCC_493\Debug\Beast.a(I2CS_sda.o)
 .text.I2CS_sda_Read
                0x00000000       0x10 .\CortexM0\ARM_GCC_493\Debug\Beast.a(I2CS_sda.o)
 .text.I2CS_sda_ReadDataReg
                0x00000000       0x10 .\CortexM0\ARM_GCC_493\Debug\Beast.a(I2CS_sda.o)
 .text.I2CS_sda_SetInterruptMode
                0x00000000       0x14 .\CortexM0\ARM_GCC_493\Debug\Beast.a(I2CS_sda.o)
 .text.I2CS_sda_ClearInterrupt
                0x00000000       0x14 .\CortexM0\ARM_GCC_493\Debug\Beast.a(I2CS_sda.o)
 .text          0x00000000        0x0 .\CortexM0\ARM_GCC_493\Debug\Beast.a(I2CS_scl.o)
 .data          0x00000000        0x0 .\CortexM0\ARM_GCC_493\Debug\Beast.a(I2CS_scl.o)
 .bss           0x00000000        0x0 .\CortexM0\ARM_GCC_493\Debug\Beast.a(I2CS_scl.o)
 .text.I2CS_scl_Write
                0x00000000       0x18 .\CortexM0\ARM_GCC_493\Debug\Beast.a(I2CS_scl.o)
 .text.I2CS_scl_Read
                0x00000000       0x10 .\CortexM0\ARM_GCC_493\Debug\Beast.a(I2CS_scl.o)
 .text.I2CS_scl_ReadDataReg
                0x00000000       0x10 .\CortexM0\ARM_GCC_493\Debug\Beast.a(I2CS_scl.o)
 .text.I2CS_scl_SetInterruptMode
                0x00000000       0x14 .\CortexM0\ARM_GCC_493\Debug\Beast.a(I2CS_scl.o)
 .text.I2CS_scl_ClearInterrupt
                0x00000000       0x10 .\CortexM0\ARM_GCC_493\Debug\Beast.a(I2CS_scl.o)
 .data          0x00000000        0x0 .\CortexM0\ARM_GCC_493\Debug\Beast.a(CyBootAsmGnu.o)
 .bss           0x00000000        0x0 .\CortexM0\ARM_GCC_493\Debug\Beast.a(CyBootAsmGnu.o)
 .text          0x00000000        0x0 .\CortexM0\ARM_GCC_493\Debug\Beast.a(I2CS_I2C_INT.o)
 .data          0x00000000        0x0 .\CortexM0\ARM_GCC_493\Debug\Beast.a(I2CS_I2C_INT.o)
 .bss           0x00000000        0x0 .\CortexM0\ARM_GCC_493\Debug\Beast.a(I2CS_I2C_INT.o)
 .text          0x00000000      0x120 c:/program files (x86)/cypress/psoc creator/4.0/psoc creator/import/gnu/arm/4.9.3/bin/../lib/gcc/arm-none-eabi/4.9.3/armv6-m\libgcc.a(_udivsi3.o)
 .data          0x00000000        0x0 c:/program files (x86)/cypress/psoc creator/4.0/psoc creator/import/gnu/arm/4.9.3/bin/../lib/gcc/arm-none-eabi/4.9.3/armv6-m\libgcc.a(_udivsi3.o)
 .bss           0x00000000        0x0 c:/program files (x86)/cypress/psoc creator/4.0/psoc creator/import/gnu/arm/4.9.3/bin/../lib/gcc/arm-none-eabi/4.9.3/armv6-m\libgcc.a(_udivsi3.o)
 .text          0x00000000        0x4 c:/program files (x86)/cypress/psoc creator/4.0/psoc creator/import/gnu/arm/4.9.3/bin/../lib/gcc/arm-none-eabi/4.9.3/armv6-m\libgcc.a(_dvmd_tls.o)
 .data          0x00000000        0x0 c:/program files (x86)/cypress/psoc creator/4.0/psoc creator/import/gnu/arm/4.9.3/bin/../lib/gcc/arm-none-eabi/4.9.3/armv6-m\libgcc.a(_dvmd_tls.o)
 .bss           0x00000000        0x0 c:/program files (x86)/cypress/psoc creator/4.0/psoc creator/import/gnu/arm/4.9.3/bin/../lib/gcc/arm-none-eabi/4.9.3/armv6-m\libgcc.a(_dvmd_tls.o)
 .text          0x00000000        0x0 c:/program files (x86)/cypress/psoc creator/4.0/psoc creator/import/gnu/arm/4.9.3/bin/../lib/gcc/arm-none-eabi/4.9.3/../../../../arm-none-eabi/lib/armv6-m\libg_nano.a(lib_a-errno.o)
 .data          0x00000000        0x0 c:/program files (x86)/cypress/psoc creator/4.0/psoc creator/import/gnu/arm/4.9.3/bin/../lib/gcc/arm-none-eabi/4.9.3/../../../../arm-none-eabi/lib/armv6-m\libg_nano.a(lib_a-errno.o)
 .bss           0x00000000        0x0 c:/program files (x86)/cypress/psoc creator/4.0/psoc creator/import/gnu/arm/4.9.3/bin/../lib/gcc/arm-none-eabi/4.9.3/../../../../arm-none-eabi/lib/armv6-m\libg_nano.a(lib_a-errno.o)
 .text          0x00000000        0x0 c:/program files (x86)/cypress/psoc creator/4.0/psoc creator/import/gnu/arm/4.9.3/bin/../lib/gcc/arm-none-eabi/4.9.3/../../../../arm-none-eabi/lib/armv6-m\libg_nano.a(lib_a-exit.o)
 .data          0x00000000        0x0 c:/program files (x86)/cypress/psoc creator/4.0/psoc creator/import/gnu/arm/4.9.3/bin/../lib/gcc/arm-none-eabi/4.9.3/../../../../arm-none-eabi/lib/armv6-m\libg_nano.a(lib_a-exit.o)
 .bss           0x00000000        0x0 c:/program files (x86)/cypress/psoc creator/4.0/psoc creator/import/gnu/arm/4.9.3/bin/../lib/gcc/arm-none-eabi/4.9.3/../../../../arm-none-eabi/lib/armv6-m\libg_nano.a(lib_a-exit.o)
 .text.exit     0x00000000       0x2c c:/program files (x86)/cypress/psoc creator/4.0/psoc creator/import/gnu/arm/4.9.3/bin/../lib/gcc/arm-none-eabi/4.9.3/../../../../arm-none-eabi/lib/armv6-m\libg_nano.a(lib_a-exit.o)
 .text          0x00000000        0x0 c:/program files (x86)/cypress/psoc creator/4.0/psoc creator/import/gnu/arm/4.9.3/bin/../lib/gcc/arm-none-eabi/4.9.3/../../../../arm-none-eabi/lib/armv6-m\libg_nano.a(lib_a-impure.o)
 .data          0x00000000        0x0 c:/program files (x86)/cypress/psoc creator/4.0/psoc creator/import/gnu/arm/4.9.3/bin/../lib/gcc/arm-none-eabi/4.9.3/../../../../arm-none-eabi/lib/armv6-m\libg_nano.a(lib_a-impure.o)
 .bss           0x00000000        0x0 c:/program files (x86)/cypress/psoc creator/4.0/psoc creator/import/gnu/arm/4.9.3/bin/../lib/gcc/arm-none-eabi/4.9.3/../../../../arm-none-eabi/lib/armv6-m\libg_nano.a(lib_a-impure.o)
 .rodata._global_impure_ptr
                0x00000000        0x4 c:/program files (x86)/cypress/psoc creator/4.0/psoc creator/import/gnu/arm/4.9.3/bin/../lib/gcc/arm-none-eabi/4.9.3/../../../../arm-none-eabi/lib/armv6-m\libg_nano.a(lib_a-impure.o)
 .text          0x00000000        0x0 c:/program files (x86)/cypress/psoc creator/4.0/psoc creator/import/gnu/arm/4.9.3/bin/../lib/gcc/arm-none-eabi/4.9.3/../../../../arm-none-eabi/lib/armv6-m\libg_nano.a(lib_a-init.o)
 .data          0x00000000        0x0 c:/program files (x86)/cypress/psoc creator/4.0/psoc creator/import/gnu/arm/4.9.3/bin/../lib/gcc/arm-none-eabi/4.9.3/../../../../arm-none-eabi/lib/armv6-m\libg_nano.a(lib_a-init.o)
 .bss           0x00000000        0x0 c:/program files (x86)/cypress/psoc creator/4.0/psoc creator/import/gnu/arm/4.9.3/bin/../lib/gcc/arm-none-eabi/4.9.3/../../../../arm-none-eabi/lib/armv6-m\libg_nano.a(lib_a-init.o)
 .text          0x00000000        0x0 c:/program files (x86)/cypress/psoc creator/4.0/psoc creator/import/gnu/arm/4.9.3/bin/../lib/gcc/arm-none-eabi/4.9.3/../../../../arm-none-eabi/lib/armv6-m\libg_nano.a(lib_a-memset.o)
 .data          0x00000000        0x0 c:/program files (x86)/cypress/psoc creator/4.0/psoc creator/import/gnu/arm/4.9.3/bin/../lib/gcc/arm-none-eabi/4.9.3/../../../../arm-none-eabi/lib/armv6-m\libg_nano.a(lib_a-memset.o)
 .bss           0x00000000        0x0 c:/program files (x86)/cypress/psoc creator/4.0/psoc creator/import/gnu/arm/4.9.3/bin/../lib/gcc/arm-none-eabi/4.9.3/../../../../arm-none-eabi/lib/armv6-m\libg_nano.a(lib_a-memset.o)
 .text          0x00000000        0x0 c:/program files (x86)/cypress/psoc creator/4.0/psoc creator/import/gnu/arm/4.9.3/bin/../lib/gcc/arm-none-eabi/4.9.3/armv6-m/crtend.o
 .data          0x00000000        0x0 c:/program files (x86)/cypress/psoc creator/4.0/psoc creator/import/gnu/arm/4.9.3/bin/../lib/gcc/arm-none-eabi/4.9.3/armv6-m/crtend.o
 .bss           0x00000000        0x0 c:/program files (x86)/cypress/psoc creator/4.0/psoc creator/import/gnu/arm/4.9.3/bin/../lib/gcc/arm-none-eabi/4.9.3/armv6-m/crtend.o
 .text          0x00000000        0x0 c:/program files (x86)/cypress/psoc creator/4.0/psoc creator/import/gnu/arm/4.9.3/bin/../lib/gcc/arm-none-eabi/4.9.3/armv6-m/crtn.o
 .data          0x00000000        0x0 c:/program files (x86)/cypress/psoc creator/4.0/psoc creator/import/gnu/arm/4.9.3/bin/../lib/gcc/arm-none-eabi/4.9.3/armv6-m/crtn.o
 .bss           0x00000000        0x0 c:/program files (x86)/cypress/psoc creator/4.0/psoc creator/import/gnu/arm/4.9.3/bin/../lib/gcc/arm-none-eabi/4.9.3/armv6-m/crtn.o

Memory Configuration

Name             Origin             Length             Attributes
rom              0x00000000         0x00008000         xr
ram              0x20000000         0x00001000         xrw
*default*        0x00000000         0xffffffff

Linker script and memory map

LOAD c:/program files (x86)/cypress/psoc creator/4.0/psoc creator/import/gnu/arm/4.9.3/bin/../lib/gcc/arm-none-eabi/4.9.3/armv6-m/crti.o
LOAD c:/program files (x86)/cypress/psoc creator/4.0/psoc creator/import/gnu/arm/4.9.3/bin/../lib/gcc/arm-none-eabi/4.9.3/armv6-m/crtbegin.o
LOAD c:/program files (x86)/cypress/psoc creator/4.0/psoc creator/import/gnu/arm/4.9.3/bin/../lib/gcc/arm-none-eabi/4.9.3/../../../../arm-none-eabi/lib/armv6-m/crt0.o
START GROUP
LOAD .\CortexM0\ARM_GCC_493\Debug\main.o
LOAD .\CortexM0\ARM_GCC_493\Debug\run_front.o
LOAD .\CortexM0\ARM_GCC_493\Debug\run_back.o
LOAD .\CortexM0\ARM_GCC_493\Debug\cymetadata.o
LOAD .\CortexM0\ARM_GCC_493\Debug\Cm0Start.o
LOAD .\CortexM0\ARM_GCC_493\Debug\Beast.a
LOAD C:\Program Files (x86)\Cypress\PSoC Creator\4.0\PSoC Creator\psoc\content\cycomponentlibrary\CyComponentLibrary.cylib\CortexM0\ARM_GCC_493\Debug\CyComponentLibrary.a
END GROUP
START GROUP
LOAD c:/program files (x86)/cypress/psoc creator/4.0/psoc creator/import/gnu/arm/4.9.3/bin/../lib/gcc/arm-none-eabi/4.9.3/armv6-m\libgcc.a
LOAD c:/program files (x86)/cypress/psoc creator/4.0/psoc creator/import/gnu/arm/4.9.3/bin/../lib/gcc/arm-none-eabi/4.9.3/../../../../arm-none-eabi/lib/armv6-m\libg_nano.a
LOAD c:/program files (x86)/cypress/psoc creator/4.0/psoc creator/import/gnu/arm/4.9.3/bin/../lib/gcc/arm-none-eabi/4.9.3/../../../../arm-none-eabi/lib/armv6-m\libc_nano.a
END GROUP
START GROUP
LOAD c:/program files (x86)/cypress/psoc creator/4.0/psoc creator/import/gnu/arm/4.9.3/bin/../lib/gcc/arm-none-eabi/4.9.3/armv6-m\libgcc.a
LOAD c:/program files (x86)/cypress/psoc creator/4.0/psoc creator/import/gnu/arm/4.9.3/bin/../lib/gcc/arm-none-eabi/4.9.3/../../../../arm-none-eabi/lib/armv6-m\libc_nano.a
END GROUP
LOAD c:/program files (x86)/cypress/psoc creator/4.0/psoc creator/import/gnu/arm/4.9.3/bin/../lib/gcc/arm-none-eabi/4.9.3/armv6-m/crtend.o
LOAD c:/program files (x86)/cypress/psoc creator/4.0/psoc creator/import/gnu/arm/4.9.3/bin/../lib/gcc/arm-none-eabi/4.9.3/armv6-m/crtn.o
START GROUP
LOAD c:/program files (x86)/cypress/psoc creator/4.0/psoc creator/import/gnu/arm/4.9.3/bin/../lib/gcc/arm-none-eabi/4.9.3/armv6-m\libgcc.a
LOAD c:/program files (x86)/cypress/psoc creator/4.0/psoc creator/import/gnu/arm/4.9.3/bin/../lib/gcc/arm-none-eabi/4.9.3/../../../../arm-none-eabi/lib/armv6-m\libc.a
LOAD c:/program files (x86)/cypress/psoc creator/4.0/psoc creator/import/gnu/arm/4.9.3/bin/../lib/gcc/arm-none-eabi/4.9.3/../../../../arm-none-eabi/lib/armv6-m\libnosys.a
END GROUP
                0x00000000                CY_APPL_ORIGIN = 0x0
                0x00000080                CY_FLASH_ROW_SIZE = 0x80
                0x00000001                CY_APPL_NUM = 0x1
                0x00000001                CY_APPL_MAX = 0x1
                0x00000040                CY_METADATA_SIZE = 0x40
                0x00000000                CY_APPL_LOADABLE = 0x0
                0x00000000                CY_CHECKSUM_EXCLUDE_SIZE = ALIGN (0x0, CY_FLASH_ROW_SIZE)
                0x00000000                CY_APP_FOR_STACK_AND_COPIER = 0x0
                0x200001c0                PROVIDE (__cy_heap_start, _end)
                0x00000001                PROVIDE (__cy_region_num, ((__cy_regions_end - __cy_regions) / 0x10))
                0x20001000                PROVIDE (__cy_stack, (ORIGIN (ram) + 0x1000))
                0x20000c00                PROVIDE (__cy_heap_end, (__cy_stack - 0x400))

.cybootloader   0x00000000        0x0
 *(.cybootloader)
                0x00000000                appl1_start = CY_APPL_ORIGIN?CY_APPL_ORIGIN:ALIGN (CY_FLASH_ROW_SIZE)
                0x00003f80                appl2_start = (appl1_start + ALIGN ((((0x8000 - appl1_start) - (0x2 * CY_FLASH_ROW_SIZE)) / 0x2), CY_FLASH_ROW_SIZE))
                0x00000000                appl_start = (CY_APPL_NUM == 0x1)?appl1_start:appl2_start
                0x00000001                cy_project_type_bootloader = (appl_start == 0x0)?0x1:0x0
                0x00000000                cy_project_type_app_for_stack_and_copier = (CY_APP_FOR_STACK_AND_COPIER == 0x1)?0x1:0x0

.text           0x00000000      0xde8
 CREATE_OBJECT_SYMBOLS
                0x00000000                PROVIDE (__cy_interrupt_vector, RomVectors)
 *(.romvectors)
 .romvectors    0x00000000       0x10 .\CortexM0\ARM_GCC_493\Debug\Cm0Start.o
                0x00000000                RomVectors
                0x00000001                ASSERT ((. != __cy_interrupt_vector), No interrupt vector)
                0x00000001                ASSERT (CY_APPL_ORIGIN?(SIZEOF (.cybootloader) <= CY_APPL_ORIGIN):0x1, Wrong image location)
                0x00000010                PROVIDE (__cy_reset, Reset)
 *(.text.Reset)
 .text.Reset    0x00000010        0x8 .\CortexM0\ARM_GCC_493\Debug\Cm0Start.o
                0x00000010                Reset
                0x00000001                ASSERT ((. != __cy_reset), No reset code)
 *(.psocinit)
 .psocinit      0x00000018      0x160 .\CortexM0\ARM_GCC_493\Debug\Beast.a(cyfitter_cfg.o)
                0x000000a0                cyfitter_cfg
                0x00000178                . = MAX (., 0x100)
 *(.text .text.* .gnu.linkonce.t.*)
 .text          0x00000178       0x60 c:/program files (x86)/cypress/psoc creator/4.0/psoc creator/import/gnu/arm/4.9.3/bin/../lib/gcc/arm-none-eabi/4.9.3/armv6-m/crtbegin.o
 .text.main     0x000001d8       0x5c .\CortexM0\ARM_GCC_493\Debug\main.o
                0x000001d8                main
 .text.IntDefaultHandler
                0x00000234       0x10 .\CortexM0\ARM_GCC_493\Debug\Cm0Start.o
                0x00000234                IntDefaultHandler
 .text.Start_c  0x00000244       0x48 .\CortexM0\ARM_GCC_493\Debug\Cm0Start.o
                0x00000244                Start_c
 .text.initialize_psoc
                0x0000028c       0x48 .\CortexM0\ARM_GCC_493\Debug\Cm0Start.o
                0x0000028c                initialize_psoc
 .text.cfg_write_bytes32
                0x000002d4       0x34 .\CortexM0\ARM_GCC_493\Debug\Beast.a(cyfitter_cfg.o)
 .text.CYMEMZERO
                0x00000308        0xc .\CortexM0\ARM_GCC_493\Debug\Beast.a(cyfitter_cfg.o)
 .text.CyIntEnable
                0x00000314       0x14 .\CortexM0\ARM_GCC_493\Debug\Beast.a(CyLib.o)
                0x00000314                CyIntEnable
 .text.CyIntDisable
                0x00000328       0x14 .\CortexM0\ARM_GCC_493\Debug\Beast.a(CyLib.o)
                0x00000328                CyIntDisable
 .text.CyHalt   0x0000033c        0x4 .\CortexM0\ARM_GCC_493\Debug\Beast.a(CyLib.o)
                0x0000033c                CyHalt
 .text.CyIntSetVector
                0x00000340       0x24 .\CortexM0\ARM_GCC_493\Debug\Beast.a(CyLib.o)
                0x00000340                CyIntSetVector
 .text.CyIntSetPriority
                0x00000364       0x4c .\CortexM0\ARM_GCC_493\Debug\Beast.a(CyLib.o)
                0x00000364                CyIntSetPriority
 .text.CyDelayUs
                0x000003b0       0x14 .\CortexM0\ARM_GCC_493\Debug\Beast.a(CyLib.o)
                0x000003b0                CyDelayUs
 .text.CySysClkWriteImoFreq
                0x000003c4      0x164 .\CortexM0\ARM_GCC_493\Debug\Beast.a(CyLib.o)
                0x000003c4                CySysClkWriteImoFreq
 .text.CySysWdtLocked
                0x00000528       0x14 .\CortexM0\ARM_GCC_493\Debug\Beast.a(CyLFClk.o)
 .text.CySysWdtLock
                0x0000053c       0x1c .\CortexM0\ARM_GCC_493\Debug\Beast.a(CyLFClk.o)
                0x0000053c                CySysWdtLock
 .text.CySysWdtUnlock
                0x00000558       0x30 .\CortexM0\ARM_GCC_493\Debug\Beast.a(CyLFClk.o)
                0x00000558                CySysWdtUnlock
 .text.CySysWdtClearInterrupt
                0x00000588       0x4c .\CortexM0\ARM_GCC_493\Debug\Beast.a(CyLFClk.o)
                0x00000588                CySysWdtClearInterrupt
 .text.CySysWdtIsr
                0x000005d4       0xa4 .\CortexM0\ARM_GCC_493\Debug\Beast.a(CyLFClk.o)
                0x000005d4                CySysWdtIsr
 .text.PWM_DRIFT_Enable
                0x00000678       0x10 .\CortexM0\ARM_GCC_493\Debug\Beast.a(PWM_DRIFT.o)
                0x00000678                PWM_DRIFT_Enable
 .text.PWM_DRIFT_WriteCounter
                0x00000688        0xc .\CortexM0\ARM_GCC_493\Debug\Beast.a(PWM_DRIFT.o)
                0x00000688                PWM_DRIFT_WriteCounter
 .text.PWM_DRIFT_WritePeriod
                0x00000694        0xc .\CortexM0\ARM_GCC_493\Debug\Beast.a(PWM_DRIFT.o)
                0x00000694                PWM_DRIFT_WritePeriod
 .text.PWM_DRIFT_WriteCompare1
                0x000006a0        0xc .\CortexM0\ARM_GCC_493\Debug\Beast.a(PWM_DRIFT.o)
                0x000006a0                PWM_DRIFT_WriteCompare1
 .text.PWM_DRIFT_WriteCompare2
                0x000006ac        0xc .\CortexM0\ARM_GCC_493\Debug\Beast.a(PWM_DRIFT.o)
                0x000006ac                PWM_DRIFT_WriteCompare2
 .text.PWM_DRIFT_SetInterruptMode
                0x000006b8        0xc .\CortexM0\ARM_GCC_493\Debug\Beast.a(PWM_DRIFT.o)
                0x000006b8                PWM_DRIFT_SetInterruptMode
 .text.PWM_DRIFT_ReadStatusRegister
                0x000006c4        0xc .\CortexM0\ARM_GCC_493\Debug\Beast.a(PWM_DRIFT.o)
                0x000006c4                PWM_DRIFT_ReadStatusRegister
 .text.PWM_DRIFT_ReadCapture
                0x000006d0        0xc .\CortexM0\ARM_GCC_493\Debug\Beast.a(PWM_DRIFT.o)
                0x000006d0                PWM_DRIFT_ReadCapture
 .text.PWM_DRIFT_ClearFIFO
                0x000006dc       0x14 .\CortexM0\ARM_GCC_493\Debug\Beast.a(PWM_DRIFT.o)
                0x000006dc                PWM_DRIFT_ClearFIFO
 .text.PWM_DRIFT_Init
                0x000006f0       0x58 .\CortexM0\ARM_GCC_493\Debug\Beast.a(PWM_DRIFT.o)
                0x000006f0                PWM_DRIFT_Init
 .text.PWM_DRIFT_Start
                0x00000748       0x20 .\CortexM0\ARM_GCC_493\Debug\Beast.a(PWM_DRIFT.o)
                0x00000748                PWM_DRIFT_Start
 .text.I2CS_ScbEnableIntr
                0x00000768        0xc .\CortexM0\ARM_GCC_493\Debug\Beast.a(I2CS.o)
 .text.I2CS_Init
                0x00000774        0x8 .\CortexM0\ARM_GCC_493\Debug\Beast.a(I2CS.o)
                0x00000774                I2CS_Init
 .text.I2CS_Enable
                0x0000077c       0x18 .\CortexM0\ARM_GCC_493\Debug\Beast.a(I2CS.o)
                0x0000077c                I2CS_Enable
 .text.I2CS_Start
                0x00000794       0x20 .\CortexM0\ARM_GCC_493\Debug\Beast.a(I2CS.o)
                0x00000794                I2CS_Start
 .text.I2CS_I2CSlaveNackGeneration
                0x000007b4       0x3c .\CortexM0\ARM_GCC_493\Debug\Beast.a(I2CS.o)
                0x000007b4                I2CS_I2CSlaveNackGeneration
 .text.I2CS_I2CInit
                0x000007f0       0xd8 .\CortexM0\ARM_GCC_493\Debug\Beast.a(I2CS_I2C.o)
                0x000007f0                I2CS_I2CInit
 .text.I2CS_I2CSlaveStatus
                0x000008c8        0xc .\CortexM0\ARM_GCC_493\Debug\Beast.a(I2CS_I2C_SLAVE.o)
                0x000008c8                I2CS_I2CSlaveStatus
 .text.I2CS_I2CSlaveInitWriteBuf
                0x000008d4       0x34 .\CortexM0\ARM_GCC_493\Debug\Beast.a(I2CS_I2C_SLAVE.o)
                0x000008d4                I2CS_I2CSlaveInitWriteBuf
 .text.I2CS_I2CSlaveGetWriteBufSize
                0x00000908        0xc .\CortexM0\ARM_GCC_493\Debug\Beast.a(I2CS_I2C_SLAVE.o)
                0x00000908                I2CS_I2CSlaveGetWriteBufSize
 .text.I2CS_sda_SetDriveMode
                0x00000914       0x14 .\CortexM0\ARM_GCC_493\Debug\Beast.a(I2CS_sda.o)
                0x00000914                I2CS_sda_SetDriveMode
 .text.I2CS_scl_SetDriveMode
                0x00000928       0x14 .\CortexM0\ARM_GCC_493\Debug\Beast.a(I2CS_scl.o)
                0x00000928                I2CS_scl_SetDriveMode
 *fill*         0x0000093c        0x4 
 .text          0x00000940       0x28 .\CortexM0\ARM_GCC_493\Debug\Beast.a(CyBootAsmGnu.o)
                0x00000940                CyDelayCycles
                0x00000954                CyEnterCriticalSection
                0x0000095c                CyExitCriticalSection
 .text.I2CS_I2C_ISR
                0x00000968      0x418 .\CortexM0\ARM_GCC_493\Debug\Beast.a(I2CS_I2C_INT.o)
                0x00000968                I2CS_I2C_ISR
 .text.__errno  0x00000d80        0xc c:/program files (x86)/cypress/psoc creator/4.0/psoc creator/import/gnu/arm/4.9.3/bin/../lib/gcc/arm-none-eabi/4.9.3/../../../../arm-none-eabi/lib/armv6-m\libg_nano.a(lib_a-errno.o)
                0x00000d80                __errno
 .text.__libc_init_array
                0x00000d8c       0x4c c:/program files (x86)/cypress/psoc creator/4.0/psoc creator/import/gnu/arm/4.9.3/bin/../lib/gcc/arm-none-eabi/4.9.3/../../../../arm-none-eabi/lib/armv6-m\libg_nano.a(lib_a-init.o)
                0x00000d8c                __libc_init_array
 .text.memset   0x00000dd8       0x10 c:/program files (x86)/cypress/psoc creator/4.0/psoc creator/import/gnu/arm/4.9.3/bin/../lib/gcc/arm-none-eabi/4.9.3/../../../../arm-none-eabi/lib/armv6-m\libg_nano.a(lib_a-memset.o)
                0x00000dd8                memset
 *(.plt)
 *(.gnu.warning)
 *(.glue_7t)
 .glue_7t       0x00000000        0x0 linker stubs
 *(.glue_7)
 .glue_7        0x00000000        0x0 linker stubs
 *(.vfp11_veneer)
 .vfp11_veneer  0x00000000        0x0 linker stubs
 *(.bootloader)
 *(.ARM.extab* .gnu.linkonce.armextab.*)
 *(.gcc_except_table)

.v4_bx          0x00000de8        0x0
 .v4_bx         0x00000000        0x0 linker stubs

.iplt           0x00000de8        0x0
 .iplt          0x00000000        0x0 c:/program files (x86)/cypress/psoc creator/4.0/psoc creator/import/gnu/arm/4.9.3/bin/../lib/gcc/arm-none-eabi/4.9.3/armv6-m/crtbegin.o

.eh_frame_hdr
 *(.eh_frame_hdr)

.eh_frame       0x00000de8        0x4
 *(.eh_frame)
 .eh_frame      0x00000de8        0x0 c:/program files (x86)/cypress/psoc creator/4.0/psoc creator/import/gnu/arm/4.9.3/bin/../lib/gcc/arm-none-eabi/4.9.3/armv6-m/crtbegin.o
 .eh_frame      0x00000de8        0x4 c:/program files (x86)/cypress/psoc creator/4.0/psoc creator/import/gnu/arm/4.9.3/bin/../lib/gcc/arm-none-eabi/4.9.3/armv6-m/crtend.o
                0x00000dec                PROVIDE (__exidx_start, .)

.ARM.exidx
 *(.ARM.exidx* .gnu.linkonce.armexidx.*)
                0x00000dec                __exidx_end = .

.rodata         0x00000dec      0x13c
 *(.rodata .rodata.* .gnu.linkonce.r.*)
 .rodata        0x00000dec       0xd4 .\CortexM0\ARM_GCC_493\Debug\Beast.a(cyfitter_cfg.o)
 .rodata        0x00000ec0       0x30 .\CortexM0\ARM_GCC_493\Debug\Beast.a(CyLib.o)
                0x00000ec0                cyImoFreqMhz2Reg
 .rodata.str1.1
                0x00000ef0        0x2 c:/program files (x86)/cypress/psoc creator/4.0/psoc creator/import/gnu/arm/4.9.3/bin/../lib/gcc/arm-none-eabi/4.9.3/../../../../arm-none-eabi/lib/armv6-m\libg_nano.a(lib_a-impure.o)
                0x00000ef4                . = ALIGN (0x4)
 *fill*         0x00000ef2        0x2 
 *(.init)
 .init          0x00000ef4        0x4 c:/program files (x86)/cypress/psoc creator/4.0/psoc creator/import/gnu/arm/4.9.3/bin/../lib/gcc/arm-none-eabi/4.9.3/armv6-m/crti.o
                0x00000ef4                _init
 .init          0x00000ef8        0x8 c:/program files (x86)/cypress/psoc creator/4.0/psoc creator/import/gnu/arm/4.9.3/bin/../lib/gcc/arm-none-eabi/4.9.3/armv6-m/crtn.o
                0x00000f00                . = ALIGN (0x4)
                0x00000f00                __preinit_array_start = .
 *(.preinit_array)
                0x00000f00                __preinit_array_end = .
                0x00000f00                . = ALIGN (0x4)
                0x00000f00                __init_array_start = .
 *(SORT(.init_array.*))
 *(.init_array)
 .init_array    0x00000f00        0x4 c:/program files (x86)/cypress/psoc creator/4.0/psoc creator/import/gnu/arm/4.9.3/bin/../lib/gcc/arm-none-eabi/4.9.3/armv6-m/crtbegin.o
 .init_array    0x00000f04        0x4 .\CortexM0\ARM_GCC_493\Debug\Cm0Start.o
                0x00000f08                __init_array_end = .
                0x00000f08                . = ALIGN (0x4)
 *(.fini)
 .fini          0x00000f08        0x4 c:/program files (x86)/cypress/psoc creator/4.0/psoc creator/import/gnu/arm/4.9.3/bin/../lib/gcc/arm-none-eabi/4.9.3/armv6-m/crti.o
                0x00000f08                _fini
 .fini          0x00000f0c        0x8 c:/program files (x86)/cypress/psoc creator/4.0/psoc creator/import/gnu/arm/4.9.3/bin/../lib/gcc/arm-none-eabi/4.9.3/armv6-m/crtn.o
                0x00000f14                . = ALIGN (0x4)
                0x00000f14                __fini_array_start = .
 *(.fini_array)
 .fini_array    0x00000f14        0x4 c:/program files (x86)/cypress/psoc creator/4.0/psoc creator/import/gnu/arm/4.9.3/bin/../lib/gcc/arm-none-eabi/4.9.3/armv6-m/crtbegin.o
 *(SORT(.fini_array.*))
                0x00000f18                __fini_array_end = .
                0x00000f18                . = ALIGN (0x4)
 *crtbegin.o(.ctors)
 *(EXCLUDE_FILE(*crtend.o) .ctors)
 *(SORT(.ctors.*))
 *crtend.o(.ctors)
                0x00000f18                . = ALIGN (0x4)
 *crtbegin.o(.dtors)
 *(EXCLUDE_FILE(*crtend.o) .dtors)
 *(SORT(.dtors.*))
 *crtend.o(.dtors)
                0x00000f18                . = ALIGN (0x4)
                0x00000f18                __cy_regions = .
                0x00000f18        0x4 LONG 0xf28 __cy_region_init_ram
                0x00000f1c        0x4 LONG 0x200000c8 __cy_region_start_data
                0x00000f20        0x4 LONG 0x80 __cy_region_init_size_ram
                0x00000f24        0x4 LONG 0x78 __cy_region_zero_size_ram
                0x00000f28                __cy_regions_end = .
                0x00000f28                . = ALIGN (0x8)
                0x00000f28                _etext = .

.cy_checksum_exclude
                0x00000f28        0x0
 *(.cy_checksum_exclude)

.ramvectors     0x20000000       0xc0
                0x20000000                __cy_region_start_ram = .
 *(.ramvectors)
 .ramvectors    0x20000000       0xc0 .\CortexM0\ARM_GCC_493\Debug\Cm0Start.o
                0x20000000                CyRamVectors

.noinit         0x200000c0        0x4
 *(.noinit)
 .noinit        0x200000c0        0x4 .\CortexM0\ARM_GCC_493\Debug\Cm0Start.o

.data           0x200000c8       0x80 load address 0x00000f28
                0x200000c8                __cy_region_start_data = .
 *(.jcr)
 .jcr           0x200000c8        0x0 c:/program files (x86)/cypress/psoc creator/4.0/psoc creator/import/gnu/arm/4.9.3/bin/../lib/gcc/arm-none-eabi/4.9.3/armv6-m/crtbegin.o
 .jcr           0x200000c8        0x4 c:/program files (x86)/cypress/psoc creator/4.0/psoc creator/import/gnu/arm/4.9.3/bin/../lib/gcc/arm-none-eabi/4.9.3/armv6-m/crtend.o
 *(.got.plt)
 *(.got)
 *(.shdata)
 *(.data .data.* .gnu.linkonce.d.*)
 .data          0x200000cc       0x14 .\CortexM0\ARM_GCC_493\Debug\Beast.a(CyLib.o)
                0x200000cc                CySysClkPumpConfig
                0x200000d0                cydelay32kMs
                0x200000d4                cydelayFreqKhz
                0x200000d8                cydelayFreqMhz
                0x200000dc                cydelayFreqHz
 .data          0x200000e0        0x4 .\CortexM0\ARM_GCC_493\Debug\Beast.a(CyLFClk.o)
 .data.impure_data
                0x200000e4       0x60 c:/program files (x86)/cypress/psoc creator/4.0/psoc creator/import/gnu/arm/4.9.3/bin/../lib/gcc/arm-none-eabi/4.9.3/../../../../arm-none-eabi/lib/armv6-m\libg_nano.a(lib_a-impure.o)
 .data._impure_ptr
                0x20000144        0x4 c:/program files (x86)/cypress/psoc creator/4.0/psoc creator/import/gnu/arm/4.9.3/bin/../lib/gcc/arm-none-eabi/4.9.3/../../../../arm-none-eabi/lib/armv6-m\libg_nano.a(lib_a-impure.o)
                0x20000144                _impure_ptr
                0x20000148                . = ALIGN (0x8)
 *(.ram)
                0x20000148                _edata = .

.igot.plt       0x20000148        0x0 load address 0x00000fa8
 .igot.plt      0x00000000        0x0 c:/program files (x86)/cypress/psoc creator/4.0/psoc creator/import/gnu/arm/4.9.3/bin/../lib/gcc/arm-none-eabi/4.9.3/armv6-m/crtbegin.o

.bss            0x20000148       0x78 load address 0x00000fa8
                0x20000148                PROVIDE (__bss_start__, .)
 *(.shbss)
 *(.bss .bss.* .gnu.linkonce.b.*)
 .bss           0x20000148       0x1c c:/program files (x86)/cypress/psoc creator/4.0/psoc creator/import/gnu/arm/4.9.3/bin/../lib/gcc/arm-none-eabi/4.9.3/armv6-m/crtbegin.o
 .bss           0x20000164       0x20 .\CortexM0\ARM_GCC_493\Debug\Beast.a(CyLFClk.o)
 .bss           0x20000184        0x1 .\CortexM0\ARM_GCC_493\Debug\Beast.a(PWM_DRIFT.o)
                0x20000184                PWM_DRIFT_initVar
 *fill*         0x20000185        0x3 
 .bss           0x20000188        0x8 .\CortexM0\ARM_GCC_493\Debug\Beast.a(I2CS.o)
                0x20000188                I2CS_initVar
                0x2000018c                I2CS_customIntrHandler
 *(COMMON)
 COMMON         0x20000190        0x4 .\CortexM0\ARM_GCC_493\Debug\main.o
                0x20000190                i2cWriteBuffer
 COMMON         0x20000194        0x1 .\CortexM0\ARM_GCC_493\Debug\Beast.a(I2CS_I2C.o)
                0x20000194                I2CS_state
 *fill*         0x20000195        0x3 
 COMMON         0x20000198       0x21 .\CortexM0\ARM_GCC_493\Debug\Beast.a(I2CS_I2C_SLAVE.o)
                0x20000198                I2CS_slRdBufIndex
                0x2000019c                I2CS_slWrBufIndex
                0x200001a0                I2CS_slWrBufSize
                0x200001a4                I2CS_slRdBufSize
                0x200001a8                I2CS_slRdBufPtr
                0x200001ac                I2CS_slStatus
                0x200001b0                I2CS_slRdBufIndexTmp
                0x200001b4                I2CS_slWrBufPtr
                0x200001b8                I2CS_slOverFlowCount
                0x200001c0                . = ALIGN (0x8)
 *fill*         0x200001b9        0x7 
 *(.ram.b)
                0x200001c0                _end = .
                0x200001c0                __end = .
                0x200001c0                PROVIDE (end, .)
                0x200001c0                PROVIDE (__bss_end__, .)
                0x00000f28                __cy_region_init_ram = LOADADDR (.data)
                0x00000080                __cy_region_init_size_ram = (_edata - ADDR (.data))
                0x00000078                __cy_region_zero_size_ram = (_end - _edata)

.heap           0x200001c0       0x80 load address 0x00000fa8
                0x200001c0                . = _end
                0x20000240                . = (. + 0x80)
 *fill*         0x200001c0       0x80 
                0x20000240                __cy_heap_limit = .

.stack          0x20000c00      0x400
                0x20000c00                __cy_stack_limit = .
                0x20001000                . = (. + 0x400)
 *fill*         0x20000c00      0x400 
                0x00000001                ASSERT ((__cy_stack_limit >= __cy_heap_limit), region RAM overflowed with stack)
                0x00000000                cy_checksum_exclude_size = (CY_APPL_LOADABLE == 0x1)?SIZEOF (.cy_checksum_exclude):0x0
                0x00000001                ASSERT ((cy_checksum_exclude_size <= CY_CHECKSUM_EXCLUDE_SIZE), CY_BOOT: Section .cy_checksum_exclude size exceedes specified limit.)
                0x00007fc0                cyloadermeta_start = (cy_project_type_bootloader || cy_project_type_app_for_stack_and_copier)?(0x8000 - CY_METADATA_SIZE):0xf0000000

.cyloadermeta
 *(.cyloadermeta)
                0x00007fc0                cyloadablemeta_start = cy_project_type_app_for_stack_and_copier?((0x8000 - CY_FLASH_ROW_SIZE) - CY_METADATA_SIZE):((0x8000 - (CY_FLASH_ROW_SIZE * (CY_APPL_NUM - 0x1))) - CY_METADATA_SIZE)

.cyloadablemeta
 *(.cyloadablemeta)

.cyflashprotect
                0x90400000       0x20
 *(.cyflashprotect)
 .cyflashprotect
                0x90400000       0x20 .\CortexM0\ARM_GCC_493\Debug\cymetadata.o
                0x90400000                cy_meta_flashprotect

.cymeta         0x90500000        0xc
 *(.cymeta)
 .cymeta        0x90500000        0xc .\CortexM0\ARM_GCC_493\Debug\cymetadata.o
                0x90500000                cy_metadata

.cychipprotect  0x90600000        0x4
 *(.cychipprotect)
 .cychipprotect
                0x90600000        0x4 .\CortexM0\ARM_GCC_493\Debug\cymetadata.o
                0x90600000                cy_meta_chipprotect

.rel.dyn        0x00000fa8        0x0 load address 0x90600004
 .rel.iplt      0x00000000        0x0 c:/program files (x86)/cypress/psoc creator/4.0/psoc creator/import/gnu/arm/4.9.3/bin/../lib/gcc/arm-none-eabi/4.9.3/armv6-m/crtbegin.o

.stab
 *(.stab)

.stabstr
 *(.stabstr)

.debug
 *(.debug)

.line
 *(.line)

.debug_srcinfo
 *(.debug_srcinfo)

.debug_sfnames
 *(.debug_sfnames)

.debug_aranges  0x00000000      0x5e8
 *(.debug_aranges)
 .debug_aranges
                0x00000000       0x20 .\CortexM0\ARM_GCC_493\Debug\main.o
 .debug_aranges
                0x00000020       0x18 .\CortexM0\ARM_GCC_493\Debug\cymetadata.o
 .debug_aranges
                0x00000038       0x48 .\CortexM0\ARM_GCC_493\Debug\Cm0Start.o
 .debug_aranges
                0x00000080       0x38 .\CortexM0\ARM_GCC_493\Debug\Beast.a(cyfitter_cfg.o)
 .debug_aranges
                0x000000b8      0x180 .\CortexM0\ARM_GCC_493\Debug\Beast.a(CyLib.o)
 .debug_aranges
                0x00000238      0x138 .\CortexM0\ARM_GCC_493\Debug\Beast.a(CyLFClk.o)
 .debug_aranges
                0x00000370       0xa8 .\CortexM0\ARM_GCC_493\Debug\Beast.a(PWM_DRIFT.o)
 .debug_aranges
                0x00000418       0x68 .\CortexM0\ARM_GCC_493\Debug\Beast.a(I2CS.o)
 .debug_aranges
                0x00000480       0x28 .\CortexM0\ARM_GCC_493\Debug\Beast.a(I2CS_I2C.o)
 .debug_aranges
                0x000004a8       0x70 .\CortexM0\ARM_GCC_493\Debug\Beast.a(I2CS_I2C_SLAVE.o)
 .debug_aranges
                0x00000518       0x48 .\CortexM0\ARM_GCC_493\Debug\Beast.a(I2CS_sda.o)
 .debug_aranges
                0x00000560       0x48 .\CortexM0\ARM_GCC_493\Debug\Beast.a(I2CS_scl.o)
 .debug_aranges
                0x000005a8       0x20 .\CortexM0\ARM_GCC_493\Debug\Beast.a(CyBootAsmGnu.o)
 .debug_aranges
                0x000005c8       0x20 .\CortexM0\ARM_GCC_493\Debug\Beast.a(I2CS_I2C_INT.o)

.debug_pubnames
 *(.debug_pubnames)

.debug_info     0x00000000     0x332c
 *(.debug_info .gnu.linkonce.wi.*)
 .debug_info    0x00000000      0x21c .\CortexM0\ARM_GCC_493\Debug\main.o
 .debug_info    0x0000021c       0xfe .\CortexM0\ARM_GCC_493\Debug\cymetadata.o
 .debug_info    0x0000031a      0x39a .\CortexM0\ARM_GCC_493\Debug\Cm0Start.o
 .debug_info    0x000006b4      0x3bd .\CortexM0\ARM_GCC_493\Debug\Beast.a(cyfitter_cfg.o)
 .debug_info    0x00000a71      0xb07 .\CortexM0\ARM_GCC_493\Debug\Beast.a(CyLib.o)
 .debug_info    0x00001578      0xcfc .\CortexM0\ARM_GCC_493\Debug\Beast.a(CyLFClk.o)
 .debug_info    0x00002274      0x37e .\CortexM0\ARM_GCC_493\Debug\Beast.a(PWM_DRIFT.o)
 .debug_info    0x000025f2      0x2a9 .\CortexM0\ARM_GCC_493\Debug\Beast.a(I2CS.o)
 .debug_info    0x0000289b      0x1a5 .\CortexM0\ARM_GCC_493\Debug\Beast.a(I2CS_I2C.o)
 .debug_info    0x00002a40      0x38e .\CortexM0\ARM_GCC_493\Debug\Beast.a(I2CS_I2C_SLAVE.o)
 .debug_info    0x00002dce      0x19d .\CortexM0\ARM_GCC_493\Debug\Beast.a(I2CS_sda.o)
 .debug_info    0x00002f6b      0x19b .\CortexM0\ARM_GCC_493\Debug\Beast.a(I2CS_scl.o)
 .debug_info    0x00003106       0x99 .\CortexM0\ARM_GCC_493\Debug\Beast.a(CyBootAsmGnu.o)
 .debug_info    0x0000319f      0x18d .\CortexM0\ARM_GCC_493\Debug\Beast.a(I2CS_I2C_INT.o)

.debug_abbrev   0x00000000     0x10bc
 *(.debug_abbrev)
 .debug_abbrev  0x00000000      0x109 .\CortexM0\ARM_GCC_493\Debug\main.o
 .debug_abbrev  0x00000109       0x5d .\CortexM0\ARM_GCC_493\Debug\cymetadata.o
 .debug_abbrev  0x00000166      0x1e6 .\CortexM0\ARM_GCC_493\Debug\Cm0Start.o
 .debug_abbrev  0x0000034c      0x1d5 .\CortexM0\ARM_GCC_493\Debug\Beast.a(cyfitter_cfg.o)
 .debug_abbrev  0x00000521      0x20d .\CortexM0\ARM_GCC_493\Debug\Beast.a(CyLib.o)
 .debug_abbrev  0x0000072e      0x23b .\CortexM0\ARM_GCC_493\Debug\Beast.a(CyLFClk.o)
 .debug_abbrev  0x00000969      0x14d .\CortexM0\ARM_GCC_493\Debug\Beast.a(PWM_DRIFT.o)
 .debug_abbrev  0x00000ab6      0x15b .\CortexM0\ARM_GCC_493\Debug\Beast.a(I2CS.o)
 .debug_abbrev  0x00000c11       0xf3 .\CortexM0\ARM_GCC_493\Debug\Beast.a(I2CS_I2C.o)
 .debug_abbrev  0x00000d04      0x170 .\CortexM0\ARM_GCC_493\Debug\Beast.a(I2CS_I2C_SLAVE.o)
 .debug_abbrev  0x00000e74       0xc8 .\CortexM0\ARM_GCC_493\Debug\Beast.a(I2CS_sda.o)
 .debug_abbrev  0x00000f3c       0xc8 .\CortexM0\ARM_GCC_493\Debug\Beast.a(I2CS_scl.o)
 .debug_abbrev  0x00001004       0x14 .\CortexM0\ARM_GCC_493\Debug\Beast.a(CyBootAsmGnu.o)
 .debug_abbrev  0x00001018       0xa4 .\CortexM0\ARM_GCC_493\Debug\Beast.a(I2CS_I2C_INT.o)

.debug_line     0x00000000     0x1577
 *(.debug_line)
 .debug_line    0x00000000       0xb4 .\CortexM0\ARM_GCC_493\Debug\main.o
 .debug_line    0x000000b4        0x0 .\CortexM0\ARM_GCC_493\Debug\run_front.o
 .debug_line    0x000000b4        0x0 .\CortexM0\ARM_GCC_493\Debug\run_back.o
 .debug_line    0x000000b4       0x51 .\CortexM0\ARM_GCC_493\Debug\cymetadata.o
 .debug_line    0x00000105      0x24e .\CortexM0\ARM_GCC_493\Debug\Cm0Start.o
 .debug_line    0x00000353      0x161 .\CortexM0\ARM_GCC_493\Debug\Beast.a(cyfitter_cfg.o)
 .debug_line    0x000004b4      0x460 .\CortexM0\ARM_GCC_493\Debug\Beast.a(CyLib.o)
 .debug_line    0x00000914      0x467 .\CortexM0\ARM_GCC_493\Debug\Beast.a(CyLFClk.o)
 .debug_line    0x00000d7b      0x1b7 .\CortexM0\ARM_GCC_493\Debug\Beast.a(PWM_DRIFT.o)
 .debug_line    0x00000f32      0x145 .\CortexM0\ARM_GCC_493\Debug\Beast.a(I2CS.o)
 .debug_line    0x00001077       0xa7 .\CortexM0\ARM_GCC_493\Debug\Beast.a(I2CS_I2C.o)
 .debug_line    0x0000111e      0x13d .\CortexM0\ARM_GCC_493\Debug\Beast.a(I2CS_I2C_SLAVE.o)
 .debug_line    0x0000125b       0xc0 .\CortexM0\ARM_GCC_493\Debug\Beast.a(I2CS_sda.o)
 .debug_line    0x0000131b       0xbf .\CortexM0\ARM_GCC_493\Debug\Beast.a(I2CS_scl.o)
 .debug_line    0x000013da       0x69 .\CortexM0\ARM_GCC_493\Debug\Beast.a(CyBootAsmGnu.o)
 .debug_line    0x00001443      0x134 .\CortexM0\ARM_GCC_493\Debug\Beast.a(I2CS_I2C_INT.o)

.debug_frame    0x00000000      0xe3c
 *(.debug_frame)
 .debug_frame   0x00000000       0x2c .\CortexM0\ARM_GCC_493\Debug\main.o
 .debug_frame   0x0000002c       0xbc .\CortexM0\ARM_GCC_493\Debug\Cm0Start.o
 .debug_frame   0x000000e8       0x8c .\CortexM0\ARM_GCC_493\Debug\Beast.a(cyfitter_cfg.o)
 .debug_frame   0x00000174      0x3e0 .\CortexM0\ARM_GCC_493\Debug\Beast.a(CyLib.o)
 .debug_frame   0x00000554      0x3a8 .\CortexM0\ARM_GCC_493\Debug\Beast.a(CyLFClk.o)
 .debug_frame   0x000008fc      0x154 .\CortexM0\ARM_GCC_493\Debug\Beast.a(PWM_DRIFT.o)
 .debug_frame   0x00000a50       0xf8 .\CortexM0\ARM_GCC_493\Debug\Beast.a(I2CS.o)
 .debug_frame   0x00000b48       0x3c .\CortexM0\ARM_GCC_493\Debug\Beast.a(I2CS_I2C.o)
 .debug_frame   0x00000b84       0xf8 .\CortexM0\ARM_GCC_493\Debug\Beast.a(I2CS_I2C_SLAVE.o)
 .debug_frame   0x00000c7c       0x70 .\CortexM0\ARM_GCC_493\Debug\Beast.a(I2CS_sda.o)
 .debug_frame   0x00000cec       0x70 .\CortexM0\ARM_GCC_493\Debug\Beast.a(I2CS_scl.o)
 .debug_frame   0x00000d5c       0x2c .\CortexM0\ARM_GCC_493\Debug\Beast.a(I2CS_I2C_INT.o)
 .debug_frame   0x00000d88       0x20 c:/program files (x86)/cypress/psoc creator/4.0/psoc creator/import/gnu/arm/4.9.3/bin/../lib/gcc/arm-none-eabi/4.9.3/armv6-m\libgcc.a(_udivsi3.o)
 .debug_frame   0x00000da8       0x20 c:/program files (x86)/cypress/psoc creator/4.0/psoc creator/import/gnu/arm/4.9.3/bin/../lib/gcc/arm-none-eabi/4.9.3/../../../../arm-none-eabi/lib/armv6-m\libg_nano.a(lib_a-errno.o)
 .debug_frame   0x00000dc8       0x28 c:/program files (x86)/cypress/psoc creator/4.0/psoc creator/import/gnu/arm/4.9.3/bin/../lib/gcc/arm-none-eabi/4.9.3/../../../../arm-none-eabi/lib/armv6-m\libg_nano.a(lib_a-exit.o)
 .debug_frame   0x00000df0       0x2c c:/program files (x86)/cypress/psoc creator/4.0/psoc creator/import/gnu/arm/4.9.3/bin/../lib/gcc/arm-none-eabi/4.9.3/../../../../arm-none-eabi/lib/armv6-m\libg_nano.a(lib_a-init.o)
 .debug_frame   0x00000e1c       0x20 c:/program files (x86)/cypress/psoc creator/4.0/psoc creator/import/gnu/arm/4.9.3/bin/../lib/gcc/arm-none-eabi/4.9.3/../../../../arm-none-eabi/lib/armv6-m\libg_nano.a(lib_a-memset.o)

.debug_str      0x00000000     0x1566
 *(.debug_str)
 .debug_str     0x00000000      0x20c .\CortexM0\ARM_GCC_493\Debug\main.o
                                0x245 (size before relaxing)
 .debug_str     0x0000020c        0xc .\CortexM0\ARM_GCC_493\Debug\run_front.o
                                 0xe5 (size before relaxing)
 .debug_str     0x00000218        0xb .\CortexM0\ARM_GCC_493\Debug\run_back.o
                                 0xe4 (size before relaxing)
 .debug_str     0x00000223       0x59 .\CortexM0\ARM_GCC_493\Debug\cymetadata.o
                                0x1d7 (size before relaxing)
 .debug_str     0x0000027c      0x15a .\CortexM0\ARM_GCC_493\Debug\Cm0Start.o
                                0x2fe (size before relaxing)
 .debug_str     0x000003d6       0xfa .\CortexM0\ARM_GCC_493\Debug\Beast.a(cyfitter_cfg.o)
                                0x2cf (size before relaxing)
 .debug_str     0x000004d0      0x4c9 .\CortexM0\ARM_GCC_493\Debug\Beast.a(CyLib.o)
                                0x6c1 (size before relaxing)
 .debug_str     0x00000999      0x530 .\CortexM0\ARM_GCC_493\Debug\Beast.a(CyLFClk.o)
                                0x73a (size before relaxing)
 .debug_str     0x00000ec9      0x20b .\CortexM0\ARM_GCC_493\Debug\Beast.a(PWM_DRIFT.o)
                                0x3cb (size before relaxing)
 .debug_str     0x000010d4      0x124 .\CortexM0\ARM_GCC_493\Debug\Beast.a(I2CS.o)
                                0x2e5 (size before relaxing)
 .debug_str     0x000011f8       0x74 .\CortexM0\ARM_GCC_493\Debug\Beast.a(I2CS_I2C.o)
                                0x253 (size before relaxing)
 .debug_str     0x0000126c      0x181 .\CortexM0\ARM_GCC_493\Debug\Beast.a(I2CS_I2C_SLAVE.o)
                                0x3c6 (size before relaxing)
 .debug_str     0x000013ed       0xaa .\CortexM0\ARM_GCC_493\Debug\Beast.a(I2CS_sda.o)
                                0x254 (size before relaxing)
 .debug_str     0x00001497       0x86 .\CortexM0\ARM_GCC_493\Debug\Beast.a(I2CS_scl.o)
                                0x254 (size before relaxing)
 .debug_str     0x0000151d       0x49 .\CortexM0\ARM_GCC_493\Debug\Beast.a(I2CS_I2C_INT.o)
                                0x2bd (size before relaxing)

.debug_loc      0x00000000     0x15cf
 *(.debug_loc)
 .debug_loc     0x00000000      0x14f .\CortexM0\ARM_GCC_493\Debug\Cm0Start.o
 .debug_loc     0x0000014f      0x118 .\CortexM0\ARM_GCC_493\Debug\Beast.a(cyfitter_cfg.o)
 .debug_loc     0x00000267      0x5b5 .\CortexM0\ARM_GCC_493\Debug\Beast.a(CyLib.o)
 .debug_loc     0x0000081c      0x9d5 .\CortexM0\ARM_GCC_493\Debug\Beast.a(CyLFClk.o)
 .debug_loc     0x000011f1       0x26 .\CortexM0\ARM_GCC_493\Debug\Beast.a(PWM_DRIFT.o)
 .debug_loc     0x00001217       0x7e .\CortexM0\ARM_GCC_493\Debug\Beast.a(I2CS.o)
 .debug_loc     0x00001295      0x175 .\CortexM0\ARM_GCC_493\Debug\Beast.a(I2CS_I2C_SLAVE.o)
 .debug_loc     0x0000140a       0xa2 .\CortexM0\ARM_GCC_493\Debug\Beast.a(I2CS_sda.o)
 .debug_loc     0x000014ac       0x81 .\CortexM0\ARM_GCC_493\Debug\Beast.a(I2CS_scl.o)
 .debug_loc     0x0000152d       0xa2 .\CortexM0\ARM_GCC_493\Debug\Beast.a(I2CS_I2C_INT.o)

.debug_macinfo
 *(.debug_macinfo)

.debug_ranges   0x00000000      0x4f0
 *(.debug_ranges)
 .debug_ranges  0x00000000       0x10 .\CortexM0\ARM_GCC_493\Debug\main.o
 .debug_ranges  0x00000010       0x38 .\CortexM0\ARM_GCC_493\Debug\Cm0Start.o
 .debug_ranges  0x00000048       0x28 .\CortexM0\ARM_GCC_493\Debug\Beast.a(cyfitter_cfg.o)
 .debug_ranges  0x00000070      0x170 .\CortexM0\ARM_GCC_493\Debug\Beast.a(CyLib.o)
 .debug_ranges  0x000001e0      0x128 .\CortexM0\ARM_GCC_493\Debug\Beast.a(CyLFClk.o)
 .debug_ranges  0x00000308       0x98 .\CortexM0\ARM_GCC_493\Debug\Beast.a(PWM_DRIFT.o)
 .debug_ranges  0x000003a0       0x58 .\CortexM0\ARM_GCC_493\Debug\Beast.a(I2CS.o)
 .debug_ranges  0x000003f8       0x18 .\CortexM0\ARM_GCC_493\Debug\Beast.a(I2CS_I2C.o)
 .debug_ranges  0x00000410       0x60 .\CortexM0\ARM_GCC_493\Debug\Beast.a(I2CS_I2C_SLAVE.o)
 .debug_ranges  0x00000470       0x38 .\CortexM0\ARM_GCC_493\Debug\Beast.a(I2CS_sda.o)
 .debug_ranges  0x000004a8       0x38 .\CortexM0\ARM_GCC_493\Debug\Beast.a(I2CS_scl.o)
 .debug_ranges  0x000004e0       0x10 .\CortexM0\ARM_GCC_493\Debug\Beast.a(I2CS_I2C_INT.o)

.comment        0x00000000       0x70
 .comment       0x00000000       0x70 .\CortexM0\ARM_GCC_493\Debug\main.o
                                 0x71 (size before relaxing)
 .comment       0x00000000       0x71 .\CortexM0\ARM_GCC_493\Debug\run_front.o
 .comment       0x00000000       0x71 .\CortexM0\ARM_GCC_493\Debug\run_back.o
 .comment       0x00000000       0x71 .\CortexM0\ARM_GCC_493\Debug\cymetadata.o
 .comment       0x00000000       0x71 .\CortexM0\ARM_GCC_493\Debug\Cm0Start.o
 .comment       0x00000000       0x71 .\CortexM0\ARM_GCC_493\Debug\Beast.a(cyfitter_cfg.o)
 .comment       0x00000000       0x71 .\CortexM0\ARM_GCC_493\Debug\Beast.a(CyLib.o)
 .comment       0x00000000       0x71 .\CortexM0\ARM_GCC_493\Debug\Beast.a(CyLFClk.o)
 .comment       0x00000000       0x71 .\CortexM0\ARM_GCC_493\Debug\Beast.a(PWM_DRIFT.o)
 .comment       0x00000000       0x71 .\CortexM0\ARM_GCC_493\Debug\Beast.a(I2CS.o)
 .comment       0x00000000       0x71 .\CortexM0\ARM_GCC_493\Debug\Beast.a(I2CS_I2C.o)
 .comment       0x00000000       0x71 .\CortexM0\ARM_GCC_493\Debug\Beast.a(I2CS_I2C_SLAVE.o)
 .comment       0x00000000       0x71 .\CortexM0\ARM_GCC_493\Debug\Beast.a(I2CS_sda.o)
 .comment       0x00000000       0x71 .\CortexM0\ARM_GCC_493\Debug\Beast.a(I2CS_scl.o)
 .comment       0x00000000       0x71 .\CortexM0\ARM_GCC_493\Debug\Beast.a(I2CS_I2C_INT.o)

.debug_weaknames
 *(.debug_weaknames)

.debug_funcnames
 *(.debug_funcnames)

.debug_typenames
 *(.debug_typenames)

.debug_varnames
 *(.debug_varnames)

.note.gnu.arm.ident
 *(.note.gnu.arm.ident)

.ARM.attributes
                0x00000000       0x28
 *(.ARM.attributes)
 .ARM.attributes
                0x00000000       0x1e c:/program files (x86)/cypress/psoc creator/4.0/psoc creator/import/gnu/arm/4.9.3/bin/../lib/gcc/arm-none-eabi/4.9.3/armv6-m/crti.o
 .ARM.attributes
                0x0000001e       0x2c c:/program files (x86)/cypress/psoc creator/4.0/psoc creator/import/gnu/arm/4.9.3/bin/../lib/gcc/arm-none-eabi/4.9.3/armv6-m/crtbegin.o
 .ARM.attributes
                0x0000004a       0x1b c:/program files (x86)/cypress/psoc creator/4.0/psoc creator/import/gnu/arm/4.9.3/bin/../lib/gcc/arm-none-eabi/4.9.3/../../../../arm-none-eabi/lib/armv6-m/crt0.o
 .ARM.attributes
                0x00000065       0x31 .\CortexM0\ARM_GCC_493\Debug\main.o
 .ARM.attributes
                0x00000096       0x31 .\CortexM0\ARM_GCC_493\Debug\run_front.o
 .ARM.attributes
                0x000000c7       0x31 .\CortexM0\ARM_GCC_493\Debug\run_back.o
 .ARM.attributes
                0x000000f8       0x31 .\CortexM0\ARM_GCC_493\Debug\cymetadata.o
 .ARM.attributes
                0x00000129       0x31 .\CortexM0\ARM_GCC_493\Debug\Cm0Start.o
 .ARM.attributes
                0x0000015a       0x31 .\CortexM0\ARM_GCC_493\Debug\Beast.a(cyfitter_cfg.o)
 .ARM.attributes
                0x0000018b       0x31 .\CortexM0\ARM_GCC_493\Debug\Beast.a(CyLib.o)
 .ARM.attributes
                0x000001bc       0x31 .\CortexM0\ARM_GCC_493\Debug\Beast.a(CyLFClk.o)
 .ARM.attributes
                0x000001ed       0x31 .\CortexM0\ARM_GCC_493\Debug\Beast.a(PWM_DRIFT.o)
 .ARM.attributes
                0x0000021e       0x31 .\CortexM0\ARM_GCC_493\Debug\Beast.a(I2CS.o)
 .ARM.attributes
                0x0000024f       0x31 .\CortexM0\ARM_GCC_493\Debug\Beast.a(I2CS_I2C.o)
 .ARM.attributes
                0x00000280       0x31 .\CortexM0\ARM_GCC_493\Debug\Beast.a(I2CS_I2C_SLAVE.o)
 .ARM.attributes
                0x000002b1       0x31 .\CortexM0\ARM_GCC_493\Debug\Beast.a(I2CS_sda.o)
 .ARM.attributes
                0x000002e2       0x31 .\CortexM0\ARM_GCC_493\Debug\Beast.a(I2CS_scl.o)
 .ARM.attributes
                0x00000313       0x21 .\CortexM0\ARM_GCC_493\Debug\Beast.a(CyBootAsmGnu.o)
 .ARM.attributes
                0x00000334       0x31 .\CortexM0\ARM_GCC_493\Debug\Beast.a(I2CS_I2C_INT.o)
 .ARM.attributes
                0x00000365       0x1e c:/program files (x86)/cypress/psoc creator/4.0/psoc creator/import/gnu/arm/4.9.3/bin/../lib/gcc/arm-none-eabi/4.9.3/armv6-m\libgcc.a(_udivsi3.o)
 .ARM.attributes
                0x00000383       0x1e c:/program files (x86)/cypress/psoc creator/4.0/psoc creator/import/gnu/arm/4.9.3/bin/../lib/gcc/arm-none-eabi/4.9.3/armv6-m\libgcc.a(_dvmd_tls.o)
 .ARM.attributes
                0x000003a1       0x2c c:/program files (x86)/cypress/psoc creator/4.0/psoc creator/import/gnu/arm/4.9.3/bin/../lib/gcc/arm-none-eabi/4.9.3/../../../../arm-none-eabi/lib/armv6-m\libg_nano.a(lib_a-errno.o)
 .ARM.attributes
                0x000003cd       0x2c c:/program files (x86)/cypress/psoc creator/4.0/psoc creator/import/gnu/arm/4.9.3/bin/../lib/gcc/arm-none-eabi/4.9.3/../../../../arm-none-eabi/lib/armv6-m\libg_nano.a(lib_a-exit.o)
 .ARM.attributes
                0x000003f9       0x2c c:/program files (x86)/cypress/psoc creator/4.0/psoc creator/import/gnu/arm/4.9.3/bin/../lib/gcc/arm-none-eabi/4.9.3/../../../../arm-none-eabi/lib/armv6-m\libg_nano.a(lib_a-impure.o)
 .ARM.attributes
                0x00000425       0x2c c:/program files (x86)/cypress/psoc creator/4.0/psoc creator/import/gnu/arm/4.9.3/bin/../lib/gcc/arm-none-eabi/4.9.3/../../../../arm-none-eabi/lib/armv6-m\libg_nano.a(lib_a-init.o)
 .ARM.attributes
                0x00000451       0x2c c:/program files (x86)/cypress/psoc creator/4.0/psoc creator/import/gnu/arm/4.9.3/bin/../lib/gcc/arm-none-eabi/4.9.3/../../../../arm-none-eabi/lib/armv6-m\libg_nano.a(lib_a-memset.o)
 .ARM.attributes
                0x0000047d       0x2c c:/program files (x86)/cypress/psoc creator/4.0/psoc creator/import/gnu/arm/4.9.3/bin/../lib/gcc/arm-none-eabi/4.9.3/armv6-m/crtend.o
 .ARM.attributes
                0x000004a9       0x1e c:/program files (x86)/cypress/psoc creator/4.0/psoc creator/import/gnu/arm/4.9.3/bin/../lib/gcc/arm-none-eabi/4.9.3/armv6-m/crtn.o

/DISCARD/
 *(.note.GNU-stack)
OUTPUT(.\CortexM0\ARM_GCC_493\Debug\Beast.elf elf32-littlearm)
